
==================================================
1: achtel2.inp
INFO: 98 nodes
WARNING: NSET SET1 - there is no node 82 in the mesh.
WARNING: NSET SET1 - there is no node 83 in the mesh.
WARNING: NSET SET1 - there is no node 84 in the mesh.
WARNING: NSET SET1 - there is no node 85 in the mesh.
WARNING: NSET SET1 - there is no node 86 in the mesh.
WARNING: NSET SET1 - there is no node 87 in the mesh.
WARNING: NSET SET1 - there is no node 88 in the mesh.
WARNING: NSET SET1 - there is no node 89 in the mesh.
WARNING: NSET SET1 - there is no node 90 in the mesh.
WARNING: NSET SET1 - there is no node 91 in the mesh.
WARNING: NSET SET1 - there is no node 92 in the mesh.
WARNING: NSET SET1 - there is no node 93 in the mesh.
WARNING: NSET SET1 - there is no node 94 in the mesh.
WARNING: NSET SET1 - there is no node 95 in the mesh.
WARNING: NSET SET1 - there is no node 96 in the mesh.
WARNING: NSET SET1 - there is no node 97 in the mesh.
WARNING: NSET SET1 - there is no node 98 in the mesh.
WARNING: NSET SET1 - there is no node 99 in the mesh.
WARNING: NSET SET1 - there is no node 100 in the mesh.
WARNING: NSET SET1 - there is no node 101 in the mesh.
WARNING: NSET SET1 - there is no node 102 in the mesh.
WARNING: NSET SET1 - there is no node 103 in the mesh.
WARNING: NSET SET1 - there is no node 104 in the mesh.
WARNING: NSET SET1 - there is no node 105 in the mesh.
WARNING: NSET SET1 - there is no node 106 in the mesh.
WARNING: NSET SET1 - there is no node 107 in the mesh.
WARNING: NSET SET1 - there is no node 108 in the mesh.
WARNING: NSET SET1 - there is no node 109 in the mesh.
WARNING: NSET SET1 - there is no node 110 in the mesh.
WARNING: NSET SET1 - there is no node 111 in the mesh.
WARNING: NSET SET1 - there is no node 112 in the mesh.
WARNING: NSET SET1 - there is no node 113 in the mesh.
WARNING: NSET SET1 - there is no node 114 in the mesh.
WARNING: NSET SET1 - there is no node 115 in the mesh.
WARNING: NSET SET1 - there is no node 116 in the mesh.
WARNING: NSET SET1 - there is no node 117 in the mesh.
WARNING: NSET SET1 - there is no node 118 in the mesh.
WARNING: NSET SET1 - there is no node 119 in the mesh.
WARNING: NSET SET1 - there is no node 120 in the mesh.
WARNING: NSET SET1 - there is no node 121 in the mesh.
WARNING: NSET SET1 - there is no node 122 in the mesh.
WARNING: NSET SET1 - there is no node 123 in the mesh.
WARNING: NSET SET1 - there is no node 124 in the mesh.
WARNING: NSET SET1 - there is no node 125 in the mesh.
WARNING: NSET SET1 - there is no node 126 in the mesh.
WARNING: NSET SET1 - there is no node 127 in the mesh.
WARNING: NSET SET1 - there is no node 128 in the mesh.
WARNING: NSET SET1 - there is no node 129 in the mesh.
WARNING: NSET SET1 - there is no node 130 in the mesh.
WARNING: NSET SET1 - there is no node 131 in the mesh.
WARNING: NSET SET1 - there is no node 132 in the mesh.
WARNING: NSET SET1 - there is no node 133 in the mesh.
WARNING: NSET SET1 - there is no node 134 in the mesh.
WARNING: NSET SET1 - there is no node 135 in the mesh.
WARNING: NSET SET1 - there is no node 136 in the mesh.
WARNING: NSET SET1 - there is no node 137 in the mesh.
WARNING: NSET SET1 - there is no node 138 in the mesh.
WARNING: NSET SET1 - there is no node 139 in the mesh.
WARNING: NSET SET1 - there is no node 140 in the mesh.
WARNING: NSET SET1 - there is no node 141 in the mesh.
WARNING: NSET SET1 - there is no node 142 in the mesh.
WARNING: NSET SET1 - there is no node 143 in the mesh.
WARNING: NSET SET1 - there is no node 144 in the mesh.
WARNING: NSET SET1 - there is no node 145 in the mesh.
WARNING: NSET SET1 - there is no node 146 in the mesh.
WARNING: NSET SET1 - there is no node 147 in the mesh.
WARNING: NSET SET1 - there is no node 148 in the mesh.
WARNING: NSET SET1 - there is no node 149 in the mesh.
WARNING: NSET SET1 - there is no node 150 in the mesh.
WARNING: NSET SET1 - there is no node 151 in the mesh.
WARNING: NSET SET1 - there is no node 152 in the mesh.
WARNING: NSET SET1 - there is no node 153 in the mesh.
WARNING: NSET SET1 - there is no node 154 in the mesh.
WARNING: NSET SET1 - there is no node 155 in the mesh.
WARNING: NSET SET1 - there is no node 159 in the mesh.
WARNING: NSET SET1 - there is no node 160 in the mesh.
WARNING: NSET SET1 - there is no node 164 in the mesh.
WARNING: NSET SET1 - there is no node 165 in the mesh.
WARNING: NSET SET1 - there is no node 169 in the mesh.
WARNING: NSET SET1 - there is no node 170 in the mesh.
WARNING: NSET SET1 - there is no node 174 in the mesh.
WARNING: NSET SET1 - there is no node 175 in the mesh.
INFO: 1 nsets
INFO: 8 elements
INFO: 2 elsets
INFO: 0 surfaces
INFO: VTK ugrid is built.
DEBUG: Camera's focal point is (0.5, 0.5, 0.5).
DEBUG: Camera's position is (2.6, 2.1, 2.6).
DEBUG: Camera's distance is 3.3.
DEBUG: Camera's ParallelScale is 0.9.
DEBUG: Camera's ClippingRange is (1.6, 5.6).
DEBUG: Camera's orientation is (28.5, -45.0, 0.0).

==================================================
2: achtel29.inp
INFO: 98 nodes
WARNING: NSET SET1 - there is no node 82 in the mesh.
WARNING: NSET SET1 - there is no node 83 in the mesh.
WARNING: NSET SET1 - there is no node 84 in the mesh.
WARNING: NSET SET1 - there is no node 85 in the mesh.
WARNING: NSET SET1 - there is no node 86 in the mesh.
WARNING: NSET SET1 - there is no node 87 in the mesh.
WARNING: NSET SET1 - there is no node 88 in the mesh.
WARNING: NSET SET1 - there is no node 89 in the mesh.
WARNING: NSET SET1 - there is no node 90 in the mesh.
WARNING: NSET SET1 - there is no node 91 in the mesh.
WARNING: NSET SET1 - there is no node 92 in the mesh.
WARNING: NSET SET1 - there is no node 93 in the mesh.
WARNING: NSET SET1 - there is no node 94 in the mesh.
WARNING: NSET SET1 - there is no node 95 in the mesh.
WARNING: NSET SET1 - there is no node 96 in the mesh.
WARNING: NSET SET1 - there is no node 97 in the mesh.
WARNING: NSET SET1 - there is no node 98 in the mesh.
WARNING: NSET SET1 - there is no node 99 in the mesh.
WARNING: NSET SET1 - there is no node 100 in the mesh.
WARNING: NSET SET1 - there is no node 101 in the mesh.
WARNING: NSET SET1 - there is no node 102 in the mesh.
WARNING: NSET SET1 - there is no node 103 in the mesh.
WARNING: NSET SET1 - there is no node 104 in the mesh.
WARNING: NSET SET1 - there is no node 105 in the mesh.
WARNING: NSET SET1 - there is no node 106 in the mesh.
WARNING: NSET SET1 - there is no node 107 in the mesh.
WARNING: NSET SET1 - there is no node 108 in the mesh.
WARNING: NSET SET1 - there is no node 109 in the mesh.
WARNING: NSET SET1 - there is no node 110 in the mesh.
WARNING: NSET SET1 - there is no node 111 in the mesh.
WARNING: NSET SET1 - there is no node 112 in the mesh.
WARNING: NSET SET1 - there is no node 113 in the mesh.
WARNING: NSET SET1 - there is no node 114 in the mesh.
WARNING: NSET SET1 - there is no node 115 in the mesh.
WARNING: NSET SET1 - there is no node 116 in the mesh.
WARNING: NSET SET1 - there is no node 117 in the mesh.
WARNING: NSET SET1 - there is no node 118 in the mesh.
WARNING: NSET SET1 - there is no node 119 in the mesh.
WARNING: NSET SET1 - there is no node 120 in the mesh.
WARNING: NSET SET1 - there is no node 121 in the mesh.
WARNING: NSET SET1 - there is no node 122 in the mesh.
WARNING: NSET SET1 - there is no node 123 in the mesh.
WARNING: NSET SET1 - there is no node 124 in the mesh.
WARNING: NSET SET1 - there is no node 125 in the mesh.
WARNING: NSET SET1 - there is no node 126 in the mesh.
WARNING: NSET SET1 - there is no node 127 in the mesh.
WARNING: NSET SET1 - there is no node 128 in the mesh.
WARNING: NSET SET1 - there is no node 129 in the mesh.
WARNING: NSET SET1 - there is no node 130 in the mesh.
WARNING: NSET SET1 - there is no node 131 in the mesh.
WARNING: NSET SET1 - there is no node 132 in the mesh.
WARNING: NSET SET1 - there is no node 133 in the mesh.
WARNING: NSET SET1 - there is no node 134 in the mesh.
WARNING: NSET SET1 - there is no node 135 in the mesh.
WARNING: NSET SET1 - there is no node 136 in the mesh.
WARNING: NSET SET1 - there is no node 137 in the mesh.
WARNING: NSET SET1 - there is no node 138 in the mesh.
WARNING: NSET SET1 - there is no node 139 in the mesh.
WARNING: NSET SET1 - there is no node 140 in the mesh.
WARNING: NSET SET1 - there is no node 141 in the mesh.
WARNING: NSET SET1 - there is no node 142 in the mesh.
WARNING: NSET SET1 - there is no node 143 in the mesh.
WARNING: NSET SET1 - there is no node 144 in the mesh.
WARNING: NSET SET1 - there is no node 145 in the mesh.
WARNING: NSET SET1 - there is no node 146 in the mesh.
WARNING: NSET SET1 - there is no node 147 in the mesh.
WARNING: NSET SET1 - there is no node 148 in the mesh.
WARNING: NSET SET1 - there is no node 149 in the mesh.
WARNING: NSET SET1 - there is no node 150 in the mesh.
WARNING: NSET SET1 - there is no node 151 in the mesh.
WARNING: NSET SET1 - there is no node 152 in the mesh.
WARNING: NSET SET1 - there is no node 153 in the mesh.
WARNING: NSET SET1 - there is no node 154 in the mesh.
WARNING: NSET SET1 - there is no node 155 in the mesh.
WARNING: NSET SET1 - there is no node 159 in the mesh.
WARNING: NSET SET1 - there is no node 160 in the mesh.
WARNING: NSET SET1 - there is no node 164 in the mesh.
WARNING: NSET SET1 - there is no node 165 in the mesh.
WARNING: NSET SET1 - there is no node 169 in the mesh.
WARNING: NSET SET1 - there is no node 170 in the mesh.
WARNING: NSET SET1 - there is no node 174 in the mesh.
WARNING: NSET SET1 - there is no node 175 in the mesh.
INFO: 1 nsets
INFO: 8 elements
INFO: 2 elsets
INFO: 0 surfaces
INFO: VTK ugrid is built.
DEBUG: Camera's focal point is (0.5, 0.5, 0.5).
DEBUG: Camera's position is (2.6, 2.1, 2.6).
DEBUG: Camera's distance is 3.3.
DEBUG: Camera's ParallelScale is 0.9.
DEBUG: Camera's ClippingRange is (1.6, 5.6).
DEBUG: Camera's orientation is (28.5, -45.0, 0.0).

==================================================
3: achtel9.inp
INFO: 98 nodes
WARNING: NSET SET1 - there is no node 82 in the mesh.
WARNING: NSET SET1 - there is no node 83 in the mesh.
WARNING: NSET SET1 - there is no node 84 in the mesh.
WARNING: NSET SET1 - there is no node 85 in the mesh.
WARNING: NSET SET1 - there is no node 86 in the mesh.
WARNING: NSET SET1 - there is no node 87 in the mesh.
WARNING: NSET SET1 - there is no node 88 in the mesh.
WARNING: NSET SET1 - there is no node 89 in the mesh.
WARNING: NSET SET1 - there is no node 90 in the mesh.
WARNING: NSET SET1 - there is no node 91 in the mesh.
WARNING: NSET SET1 - there is no node 92 in the mesh.
WARNING: NSET SET1 - there is no node 93 in the mesh.
WARNING: NSET SET1 - there is no node 94 in the mesh.
WARNING: NSET SET1 - there is no node 95 in the mesh.
WARNING: NSET SET1 - there is no node 96 in the mesh.
WARNING: NSET SET1 - there is no node 97 in the mesh.
WARNING: NSET SET1 - there is no node 98 in the mesh.
WARNING: NSET SET1 - there is no node 99 in the mesh.
WARNING: NSET SET1 - there is no node 100 in the mesh.
WARNING: NSET SET1 - there is no node 101 in the mesh.
WARNING: NSET SET1 - there is no node 102 in the mesh.
WARNING: NSET SET1 - there is no node 103 in the mesh.
WARNING: NSET SET1 - there is no node 104 in the mesh.
WARNING: NSET SET1 - there is no node 105 in the mesh.
WARNING: NSET SET1 - there is no node 106 in the mesh.
WARNING: NSET SET1 - there is no node 107 in the mesh.
WARNING: NSET SET1 - there is no node 108 in the mesh.
WARNING: NSET SET1 - there is no node 109 in the mesh.
WARNING: NSET SET1 - there is no node 110 in the mesh.
WARNING: NSET SET1 - there is no node 111 in the mesh.
WARNING: NSET SET1 - there is no node 112 in the mesh.
WARNING: NSET SET1 - there is no node 113 in the mesh.
WARNING: NSET SET1 - there is no node 114 in the mesh.
WARNING: NSET SET1 - there is no node 115 in the mesh.
WARNING: NSET SET1 - there is no node 116 in the mesh.
WARNING: NSET SET1 - there is no node 117 in the mesh.
WARNING: NSET SET1 - there is no node 118 in the mesh.
WARNING: NSET SET1 - there is no node 119 in the mesh.
WARNING: NSET SET1 - there is no node 120 in the mesh.
WARNING: NSET SET1 - there is no node 121 in the mesh.
WARNING: NSET SET1 - there is no node 122 in the mesh.
WARNING: NSET SET1 - there is no node 123 in the mesh.
WARNING: NSET SET1 - there is no node 124 in the mesh.
WARNING: NSET SET1 - there is no node 125 in the mesh.
WARNING: NSET SET1 - there is no node 126 in the mesh.
WARNING: NSET SET1 - there is no node 127 in the mesh.
WARNING: NSET SET1 - there is no node 128 in the mesh.
WARNING: NSET SET1 - there is no node 129 in the mesh.
WARNING: NSET SET1 - there is no node 130 in the mesh.
WARNING: NSET SET1 - there is no node 131 in the mesh.
WARNING: NSET SET1 - there is no node 132 in the mesh.
WARNING: NSET SET1 - there is no node 133 in the mesh.
WARNING: NSET SET1 - there is no node 134 in the mesh.
WARNING: NSET SET1 - there is no node 135 in the mesh.
WARNING: NSET SET1 - there is no node 136 in the mesh.
WARNING: NSET SET1 - there is no node 137 in the mesh.
WARNING: NSET SET1 - there is no node 138 in the mesh.
WARNING: NSET SET1 - there is no node 139 in the mesh.
WARNING: NSET SET1 - there is no node 140 in the mesh.
WARNING: NSET SET1 - there is no node 141 in the mesh.
WARNING: NSET SET1 - there is no node 142 in the mesh.
WARNING: NSET SET1 - there is no node 143 in the mesh.
WARNING: NSET SET1 - there is no node 144 in the mesh.
WARNING: NSET SET1 - there is no node 145 in the mesh.
WARNING: NSET SET1 - there is no node 146 in the mesh.
WARNING: NSET SET1 - there is no node 147 in the mesh.
WARNING: NSET SET1 - there is no node 148 in the mesh.
WARNING: NSET SET1 - there is no node 149 in the mesh.
WARNING: NSET SET1 - there is no node 150 in the mesh.
WARNING: NSET SET1 - there is no node 151 in the mesh.
WARNING: NSET SET1 - there is no node 152 in the mesh.
WARNING: NSET SET1 - there is no node 153 in the mesh.
WARNING: NSET SET1 - there is no node 154 in the mesh.
WARNING: NSET SET1 - there is no node 155 in the mesh.
WARNING: NSET SET1 - there is no node 159 in the mesh.
WARNING: NSET SET1 - there is no node 160 in the mesh.
WARNING: NSET SET1 - there is no node 164 in the mesh.
WARNING: NSET SET1 - there is no node 165 in the mesh.
WARNING: NSET SET1 - there is no node 169 in the mesh.
WARNING: NSET SET1 - there is no node 170 in the mesh.
WARNING: NSET SET1 - there is no node 174 in the mesh.
WARNING: NSET SET1 - there is no node 175 in the mesh.
INFO: 1 nsets
INFO: 8 elements
INFO: 2 elsets
INFO: 0 surfaces
INFO: VTK ugrid is built.
DEBUG: Camera's focal point is (0.5, 0.5, 0.5).
DEBUG: Camera's position is (2.6, 2.1, 2.6).
DEBUG: Camera's distance is 3.3.
DEBUG: Camera's ParallelScale is 0.9.
DEBUG: Camera's ClippingRange is (1.6, 5.6).
DEBUG: Camera's orientation is (28.5, -45.0, 0.0).

==================================================
4: achtelc.inp
INFO: 81 nodes
INFO: 1 nsets
INFO: 8 elements
INFO: 2 elsets
INFO: 0 surfaces
INFO: VTK ugrid is built.
DEBUG: Camera's focal point is (0.5, 0.5, 0.5).
DEBUG: Camera's position is (2.6, 2.1, 2.6).
DEBUG: Camera's distance is 3.3.
DEBUG: Camera's ParallelScale is 0.9.
DEBUG: Camera's ClippingRange is (1.6, 5.6).
DEBUG: Camera's orientation is (28.5, -45.0, 0.0).

==================================================
5: achtelcas.inp
INFO: 98 nodes
INFO: 1 nsets
INFO: 8 elements
INFO: 2 elsets
INFO: 0 surfaces
INFO: VTK ugrid is built.
DEBUG: Camera's focal point is (0.5, 0.5, 0.5).
DEBUG: Camera's position is (2.6, 2.1, 2.6).
DEBUG: Camera's distance is 3.3.
DEBUG: Camera's ParallelScale is 0.9.
DEBUG: Camera's ClippingRange is (1.6, 5.6).
DEBUG: Camera's orientation is (28.5, -45.0, 0.0).

==================================================
6: achteld.inp
INFO: 81 nodes
INFO: 1 nsets
INFO: 8 elements
INFO: 1 elsets
INFO: 0 surfaces
INFO: VTK ugrid is built.
DEBUG: Camera's focal point is (0.5, 0.5, 0.5).
DEBUG: Camera's position is (2.6, 2.1, 2.6).
DEBUG: Camera's distance is 3.3.
DEBUG: Camera's ParallelScale is 0.9.
DEBUG: Camera's ClippingRange is (1.6, 5.6).
DEBUG: Camera's orientation is (28.5, -45.0, 0.0).

==================================================
7: achtelg.inp
INFO: 81 nodes
INFO: 1 nsets
INFO: 8 elements
INFO: 2 elsets
INFO: 0 surfaces
INFO: VTK ugrid is built.
DEBUG: Camera's focal point is (0.5, 0.5, 0.5).
DEBUG: Camera's position is (2.6, 2.1, 2.6).
DEBUG: Camera's distance is 3.3.
DEBUG: Camera's ParallelScale is 0.9.
DEBUG: Camera's ClippingRange is (1.6, 5.6).
DEBUG: Camera's orientation is (28.5, -45.0, 0.0).

==================================================
8: achtelp.inp
INFO: 81 nodes
INFO: 1 nsets
INFO: 8 elements
INFO: 2 elsets
INFO: 0 surfaces
INFO: VTK ugrid is built.
DEBUG: Camera's focal point is (0.5, 0.5, 0.5).
DEBUG: Camera's position is (2.6, 2.1, 2.6).
DEBUG: Camera's distance is 3.3.
DEBUG: Camera's ParallelScale is 0.9.
DEBUG: Camera's ClippingRange is (1.6, 5.6).
DEBUG: Camera's orientation is (28.5, -45.0, 0.0).

==================================================
9: acou1.inp
INFO: 262 nodes
INFO: 4 nsets
INFO: 32 elements
INFO: 2 elsets
INFO: 0 surfaces
INFO: VTK ugrid is built.
DEBUG: Camera's focal point is (0.5, 0.5, 4.0).
DEBUG: Camera's position is (10.2, 8.0, 13.7).
DEBUG: Camera's distance is 15.7.
DEBUG: Camera's ParallelScale is 4.1.
DEBUG: Camera's ClippingRange is (9.5, 23.5).
DEBUG: Camera's orientation is (28.5, -45.0, 0.0).

==================================================
10: acou2.inp
INFO: 262 nodes
INFO: 4 nsets
INFO: 32 elements
INFO: 2 elsets
INFO: 0 surfaces
INFO: VTK ugrid is built.
DEBUG: Camera's focal point is (0.5, 0.5, 4.0).
DEBUG: Camera's position is (10.2, 8.0, 13.7).
DEBUG: Camera's distance is 15.7.
DEBUG: Camera's ParallelScale is 4.1.
DEBUG: Camera's ClippingRange is (9.5, 23.5).
DEBUG: Camera's orientation is (28.5, -45.0, 0.0).

==================================================
11: acou3.inp
INFO: 262 nodes
INFO: 7 nsets
INFO: 32 elements
INFO: 2 elsets
INFO: 0 surfaces
INFO: VTK ugrid is built.
DEBUG: Camera's focal point is (0.5, 0.5, 4.0).
DEBUG: Camera's position is (10.2, 8.0, 13.7).
DEBUG: Camera's distance is 15.7.
DEBUG: Camera's ParallelScale is 4.1.
DEBUG: Camera's ClippingRange is (9.5, 23.5).
DEBUG: Camera's orientation is (28.5, -45.0, 0.0).

==================================================
12: acou4.inp
INFO: 262 nodes
INFO: 7 nsets
INFO: 32 elements
INFO: 2 elsets
INFO: 0 surfaces
INFO: VTK ugrid is built.
DEBUG: Camera's focal point is (0.5, 0.5, 4.0).
DEBUG: Camera's position is (10.2, 8.0, 13.7).
DEBUG: Camera's distance is 15.7.
DEBUG: Camera's ParallelScale is 4.1.
DEBUG: Camera's ClippingRange is (9.5, 23.5).
DEBUG: Camera's orientation is (28.5, -45.0, 0.0).

==================================================
13: aircolumn.inp
INFO: 262 nodes
INFO: 3 nsets
INFO: 32 elements
INFO: 2 elsets
INFO: 0 surfaces
INFO: VTK ugrid is built.
DEBUG: Camera's focal point is (0.5, 0.5, 4.0).
DEBUG: Camera's position is (10.2, 8.0, 13.7).
DEBUG: Camera's distance is 15.7.
DEBUG: Camera's ParallelScale is 4.1.
DEBUG: Camera's ClippingRange is (9.5, 23.5).
DEBUG: Camera's orientation is (28.5, -45.0, 0.0).

==================================================
14: anipla.inp
INFO: 20 nodes
INFO: 3 nsets
INFO: 1 elements
INFO: 1 elsets
INFO: 0 surfaces
INFO: VTK ugrid is built.
DEBUG: Camera's focal point is (0.8, 0.2, 0.5).
DEBUG: Camera's position is (2.2, 1.4, 2.0).
DEBUG: Camera's distance is 2.4.
DEBUG: Camera's ParallelScale is 0.6.
DEBUG: Camera's ClippingRange is (1.2, 3.9).
DEBUG: Camera's orientation is (28.5, -45.0, 0.0).

==================================================
15: aniso.inp
INFO: 261 nodes
INFO: 3 nsets
INFO: 32 elements
INFO: 2 elsets
INFO: 0 surfaces
INFO: VTK ugrid is built.
DEBUG: Camera's focal point is (0.5, 0.5, 4.0).
DEBUG: Camera's position is (10.2, 8.0, 13.7).
DEBUG: Camera's distance is 15.7.
DEBUG: Camera's ParallelScale is 4.1.
DEBUG: Camera's ClippingRange is (9.5, 23.5).
DEBUG: Camera's orientation is (28.5, -45.0, 0.0).

==================================================
16: artery1.inp
INFO: 13 nodes
INFO: 1 nsets
INFO: 4 elements
INFO: 2 elsets
INFO: 0 surfaces
INFO: VTK ugrid is built.
DEBUG: Camera's focal point is (1.1, 5.0, 0.0).
DEBUG: Camera's position is (15.8, 16.3, 14.7).
DEBUG: Camera's distance is 23.6.
DEBUG: Camera's ParallelScale is 6.1.
DEBUG: Camera's ClippingRange is (16.2, 32.9).
DEBUG: Camera's orientation is (28.5, -45.0, 0.0).

==================================================
17: artery2.inp
INFO: 13 nodes
INFO: 1 nsets
INFO: 4 elements
INFO: 2 elsets
INFO: 0 surfaces
INFO: VTK ugrid is built.
DEBUG: Camera's focal point is (1.1, 5.0, 0.0).
DEBUG: Camera's position is (15.8, 16.3, 14.7).
DEBUG: Camera's distance is 23.6.
DEBUG: Camera's ParallelScale is 6.1.
DEBUG: Camera's ClippingRange is (16.2, 32.9).
DEBUG: Camera's orientation is (28.5, -45.0, 0.0).

==================================================
18: artery3.inp
INFO: 14 nodes
INFO: 1 nsets
INFO: 4 elements
INFO: 2 elsets
INFO: 0 surfaces
INFO: VTK ugrid is built.
DEBUG: Camera's focal point is (1.5, 5.0, 0.0).
DEBUG: Camera's position is (16.3, 16.4, 14.8).
DEBUG: Camera's distance is 23.9.
DEBUG: Camera's ParallelScale is 6.2.
DEBUG: Camera's ClippingRange is (16.1, 33.8).
DEBUG: Camera's orientation is (28.5, -45.0, 0.0).

==================================================
19: artery5.inp
INFO: 14 nodes
INFO: 1 nsets
INFO: 4 elements
INFO: 2 elsets
INFO: 0 surfaces
INFO: VTK ugrid is built.
DEBUG: Camera's focal point is (1.5, 5.0, 0.0).
DEBUG: Camera's position is (16.3, 16.4, 14.8).
DEBUG: Camera's distance is 23.9.
DEBUG: Camera's ParallelScale is 6.2.
DEBUG: Camera's ClippingRange is (16.1, 33.8).
DEBUG: Camera's orientation is (28.5, -45.0, 0.0).

==================================================
20: ax6.inp
INFO: 85 nodes
INFO: 1 nsets
INFO: 32 elements
INFO: 1 elsets
INFO: 0 surfaces
INFO: VTK ugrid is built.
DEBUG: Camera's focal point is (4.0, 0.5, 0.0).
DEBUG: Camera's position is (13.7, 7.9, 9.7).
DEBUG: Camera's distance is 15.6.
DEBUG: Camera's ParallelScale is 4.0.
DEBUG: Camera's ClippingRange is (10.0, 22.6).
DEBUG: Camera's orientation is (28.5, -45.0, 0.0).

==================================================
21: ax6ht.inp
INFO: 85 nodes
INFO: 1 nsets
INFO: 32 elements
INFO: 1 elsets
INFO: 0 surfaces
INFO: VTK ugrid is built.
DEBUG: Camera's focal point is (4.0, 0.5, 0.0).
DEBUG: Camera's position is (13.7, 7.9, 9.7).
DEBUG: Camera's distance is 15.6.
DEBUG: Camera's ParallelScale is 4.0.
DEBUG: Camera's ClippingRange is (10.0, 22.6).
DEBUG: Camera's orientation is (28.5, -45.0, 0.0).

==================================================
22: axial.inp
INFO: 13 nodes
INFO: 1 nsets
INFO: 2 elements
INFO: 1 elsets
INFO: 0 surfaces
INFO: VTK ugrid is built.
DEBUG: Camera's focal point is (0.6, 0.0, 0.0).
DEBUG: Camera's position is (1.6, 0.9, 1.1).
DEBUG: Camera's distance is 1.7.
DEBUG: Camera's ParallelScale is 0.5.
DEBUG: Camera's ClippingRange is (1.1, 2.5).
DEBUG: Camera's orientation is (28.5, -45.0, 0.0).

==================================================
23: axiplane.inp
INFO: 13 nodes
INFO: 1 nsets
INFO: 2 elements
INFO: 3 elsets
INFO: 0 surfaces
INFO: VTK ugrid is built.
DEBUG: Camera's focal point is (2.0, 0.5, 0.0).
DEBUG: Camera's position is (4.7, 2.6, 2.7).
DEBUG: Camera's distance is 4.3.
DEBUG: Camera's ParallelScale is 1.1.
DEBUG: Camera's ClippingRange is (2.6, 6.5).
DEBUG: Camera's orientation is (28.5, -45.0, 0.0).

==================================================
24: axrad.inp
INFO: 53 nodes
INFO: 3 nsets
INFO: 10 elements
INFO: 1 elsets
INFO: 0 surfaces
INFO: VTK ugrid is built.
DEBUG: Camera's focal point is (1.0, 1.5, 0.0).
DEBUG: Camera's position is (4.6, 4.3, 3.6).
DEBUG: Camera's distance is 5.8.
DEBUG: Camera's ParallelScale is 1.5.
DEBUG: Camera's ClippingRange is (4.3, 7.7).
DEBUG: Camera's orientation is (28.5, -45.0, -0.0).

==================================================
25: axrad2.inp
INFO: 3876 nodes
INFO: 5 nsets
INFO: 1140 elements
INFO: 1 elsets
INFO: 0 surfaces
INFO: VTK ugrid is built.
DEBUG: Camera's focal point is (0.1, 0.0, -0.0).
DEBUG: Camera's position is (0.4, 0.2, 0.3).
DEBUG: Camera's distance is 0.5.
DEBUG: Camera's ParallelScale is 0.1.
DEBUG: Camera's ClippingRange is (0.3, 0.8).
DEBUG: Camera's orientation is (28.5, -45.0, 0.0).

==================================================
26: b31.inp
INFO: 11 nodes
INFO: 1 nsets
INFO: 10 elements
INFO: 1 elsets
INFO: 0 surfaces
INFO: VTK ugrid is built.
DEBUG: Camera's focal point is (0.0, 0.0, 5.0).
DEBUG: Camera's position is (12.0, 9.2, 17.0).
DEBUG: Camera's distance is 19.3.
DEBUG: Camera's ParallelScale is 5.0.
DEBUG: Camera's ClippingRange is (12.9, 27.4).
DEBUG: Camera's orientation is (28.5, -45.0, 0.0).

==================================================
27: b31nodthi.inp
INFO: 11 nodes
INFO: 1 nsets
INFO: 10 elements
INFO: 2 elsets
INFO: 0 surfaces
INFO: VTK ugrid is built.
DEBUG: Camera's focal point is (0.0, 0.0, 5.0).
DEBUG: Camera's position is (12.0, 9.2, 17.0).
DEBUG: Camera's distance is 19.3.
DEBUG: Camera's ParallelScale is 5.0.
DEBUG: Camera's ClippingRange is (12.9, 27.4).
DEBUG: Camera's orientation is (28.5, -45.0, 0.0).

==================================================
28: ball.inp
INFO: 1025 nodes
INFO: 3 nsets
INFO: 769 elements
INFO: 2 elsets
INFO: 2 surfaces
INFO: VTK ugrid is built.
DEBUG: Camera's focal point is (40.0, 0.0, -35.0).
DEBUG: Camera's position is (269.3, 176.4, 194.3).
DEBUG: Camera's distance is 369.1.
DEBUG: Camera's ParallelScale is 95.5.
DEBUG: Camera's ClippingRange is (175.7, 613.4).
DEBUG: Camera's orientation is (28.5, -45.0, 0.0).

==================================================
29: beam10p.inp
INFO: 90 nodes
INFO: 3 nsets
INFO: 31 elements
INFO: 1 elsets
INFO: 0 surfaces
INFO: VTK ugrid is built.
DEBUG: Camera's focal point is (0.5, 0.5, 4.0).
DEBUG: Camera's position is (10.2, 8.0, 13.7).
DEBUG: Camera's distance is 15.7.
DEBUG: Camera's ParallelScale is 4.1.
DEBUG: Camera's ClippingRange is (9.5, 23.5).
DEBUG: Camera's orientation is (28.5, -45.0, 0.0).

==================================================
30: beam20p.inp
INFO: 261 nodes
INFO: 3 nsets
INFO: 32 elements
INFO: 2 elsets
INFO: 0 surfaces
INFO: VTK ugrid is built.
DEBUG: Camera's focal point is (0.5, 0.5, 4.0).
DEBUG: Camera's position is (10.2, 8.0, 13.7).
DEBUG: Camera's distance is 15.7.
DEBUG: Camera's ParallelScale is 4.1.
DEBUG: Camera's ClippingRange is (9.5, 23.5).
DEBUG: Camera's orientation is (28.5, -45.0, 0.0).

==================================================
31: beam20t.inp
INFO: 261 nodes
INFO: 7 nsets
INFO: 32 elements
INFO: 2 elsets
INFO: 0 surfaces
INFO: VTK ugrid is built.
DEBUG: Camera's focal point is (0.5, 0.5, 4.0).
DEBUG: Camera's position is (10.2, 8.0, 13.7).
DEBUG: Camera's distance is 15.7.
DEBUG: Camera's ParallelScale is 4.1.
DEBUG: Camera's ClippingRange is (9.5, 23.5).
DEBUG: Camera's orientation is (28.5, -45.0, 0.0).

==================================================
32: beam8b.inp
INFO: 425 nodes
INFO: 3 nsets
INFO: 256 elements
INFO: 1 elsets
INFO: 0 surfaces
INFO: VTK ugrid is built.
DEBUG: Camera's focal point is (0.5, 0.8, 4.0).
DEBUG: Camera's position is (10.3, 8.3, 13.8).
DEBUG: Camera's distance is 15.8.
DEBUG: Camera's ParallelScale is 4.1.
DEBUG: Camera's ClippingRange is (9.4, 24.0).
DEBUG: Camera's orientation is (28.5, -45.0, 0.0).

==================================================
33: beam8f.inp
INFO: 425 nodes
INFO: 3 nsets
INFO: 256 elements
INFO: 1 elsets
INFO: 0 surfaces
INFO: VTK ugrid is built.
DEBUG: Camera's focal point is (0.5, 0.8, 4.0).
DEBUG: Camera's position is (10.3, 8.3, 13.8).
DEBUG: Camera's distance is 15.8.
DEBUG: Camera's ParallelScale is 4.1.
DEBUG: Camera's ClippingRange is (9.4, 24.0).
DEBUG: Camera's orientation is (28.5, -45.0, 0.0).

==================================================
34: beam8p.inp
INFO: 425 nodes
INFO: 3 nsets
INFO: 256 elements
INFO: 1 elsets
INFO: 0 surfaces
INFO: VTK ugrid is built.
DEBUG: Camera's focal point is (0.5, 0.5, 4.0).
DEBUG: Camera's position is (10.2, 8.0, 13.7).
DEBUG: Camera's distance is 15.7.
DEBUG: Camera's ParallelScale is 4.1.
DEBUG: Camera's ClippingRange is (9.5, 23.5).
DEBUG: Camera's orientation is (28.5, -45.0, 0.0).

==================================================
35: beam8t.inp
INFO: 425 nodes
INFO: 2 nsets
INFO: 256 elements
INFO: 3 elsets
INFO: 0 surfaces
INFO: VTK ugrid is built.
DEBUG: Camera's focal point is (0.5, 0.5, 4.0).
DEBUG: Camera's position is (10.2, 8.0, 13.7).
DEBUG: Camera's distance is 15.7.
DEBUG: Camera's ParallelScale is 4.1.
DEBUG: Camera's ClippingRange is (9.5, 23.5).
DEBUG: Camera's orientation is (28.5, -45.0, 0.0).

==================================================
36: beamabq.inp
INFO: 261 nodes
INFO: 6 nsets
INFO: 32 elements
INFO: 1 elsets
INFO: 0 surfaces
INFO: VTK ugrid is built.
DEBUG: Camera's focal point is (0.5, 0.5, 4.0).
DEBUG: Camera's position is (10.2, 8.0, 13.7).
DEBUG: Camera's distance is 15.7.
DEBUG: Camera's ParallelScale is 4.1.
DEBUG: Camera's ClippingRange is (9.5, 23.5).
DEBUG: Camera's orientation is (28.5, -45.0, 0.0).

==================================================
37: beamcom.inp
INFO: 5 nodes
INFO: 1 nsets
INFO: 4 elements
INFO: 3 elsets
INFO: 0 surfaces
INFO: VTK ugrid is built.
DEBUG: Camera's focal point is (1.0, 0.0, 0.0).
DEBUG: Camera's position is (3.4, 1.8, 2.4).
DEBUG: Camera's distance is 3.9.
DEBUG: Camera's ParallelScale is 1.0.
DEBUG: Camera's ClippingRange is (2.6, 5.5).
DEBUG: Camera's orientation is (28.5, -45.0, 0.0).

==================================================
38: beamcontact.inp
INFO: 277 nodes
INFO: 2 nsets
INFO: 34 elements
INFO: 1 elsets
INFO: 4 surfaces
INFO: VTK ugrid is built.
DEBUG: Camera's focal point is (0.5, 0.8, 4.2).
DEBUG: Camera's position is (11.2, 9.0, 15.0).
DEBUG: Camera's distance is 17.3.
DEBUG: Camera's ParallelScale is 4.5.
DEBUG: Camera's ClippingRange is (9.9, 26.6).
DEBUG: Camera's orientation is (28.5, -45.0, 0.0).

==================================================
39: beamcr.inp
INFO: 261 nodes
INFO: 9 nsets
INFO: 32 elements
INFO: 2 elsets
INFO: 0 surfaces
INFO: VTK ugrid is built.
DEBUG: Camera's focal point is (0.5, 0.5, 4.0).
DEBUG: Camera's position is (10.2, 8.0, 13.7).
DEBUG: Camera's distance is 15.7.
DEBUG: Camera's ParallelScale is 4.1.
DEBUG: Camera's ClippingRange is (9.5, 23.5).
DEBUG: Camera's orientation is (28.5, -45.0, 0.0).

==================================================
40: beamcr2.inp
INFO: 261 nodes
INFO: 9 nsets
INFO: 32 elements
INFO: 2 elsets
INFO: 0 surfaces
INFO: VTK ugrid is built.
DEBUG: Camera's focal point is (0.5, 0.5, 4.0).
DEBUG: Camera's position is (10.2, 8.0, 13.7).
DEBUG: Camera's distance is 15.7.
DEBUG: Camera's ParallelScale is 4.1.
DEBUG: Camera's ClippingRange is (9.5, 23.5).
DEBUG: Camera's orientation is (28.5, -45.0, 0.0).

==================================================
41: beamd.inp
INFO: 261 nodes
INFO: 2 nsets
INFO: 32 elements
INFO: 3 elsets
INFO: 0 surfaces
INFO: VTK ugrid is built.
DEBUG: Camera's focal point is (0.5, 0.5, 4.0).
DEBUG: Camera's position is (10.2, 8.0, 13.7).
DEBUG: Camera's distance is 15.7.
DEBUG: Camera's ParallelScale is 4.1.
DEBUG: Camera's ClippingRange is (9.5, 23.5).
DEBUG: Camera's orientation is (28.5, -45.0, 0.0).

==================================================
42: beamd2.inp
INFO: 262 nodes
INFO: 2 nsets
INFO: 32 elements
INFO: 3 elsets
INFO: 0 surfaces
INFO: VTK ugrid is built.
DEBUG: Camera's focal point is (0.5, 0.5, 4.0).
DEBUG: Camera's position is (10.2, 8.0, 13.7).
DEBUG: Camera's distance is 15.7.
DEBUG: Camera's ParallelScale is 4.1.
DEBUG: Camera's ClippingRange is (9.5, 23.5).
DEBUG: Camera's orientation is (28.5, -45.0, 0.0).

==================================================
43: beamdelay.inp
INFO: 261 nodes
INFO: 3 nsets
INFO: 32 elements
INFO: 1 elsets
INFO: 0 surfaces
INFO: VTK ugrid is built.
DEBUG: Camera's focal point is (0.5, 0.5, 4.0).
DEBUG: Camera's position is (10.2, 8.0, 13.7).
DEBUG: Camera's distance is 15.7.
DEBUG: Camera's ParallelScale is 4.1.
DEBUG: Camera's ClippingRange is (9.5, 23.5).
DEBUG: Camera's orientation is (28.5, -45.0, 0.0).

==================================================
44: beamdy1.inp
INFO: 261 nodes
INFO: 3 nsets
INFO: 32 elements
INFO: 2 elsets
INFO: 0 surfaces
INFO: VTK ugrid is built.
DEBUG: Camera's focal point is (0.5, 0.8, 4.0).
DEBUG: Camera's position is (10.3, 8.3, 13.8).
DEBUG: Camera's distance is 15.8.
DEBUG: Camera's ParallelScale is 4.1.
DEBUG: Camera's ClippingRange is (9.4, 24.0).
DEBUG: Camera's orientation is (28.5, -45.0, 0.0).

==================================================
45: beamdy10.inp
INFO: 261 nodes
INFO: 2 nsets
INFO: 32 elements
INFO: 2 elsets
INFO: 0 surfaces
INFO: VTK ugrid is built.
DEBUG: Camera's focal point is (0.5, 0.8, 4.0).
DEBUG: Camera's position is (10.3, 8.3, 13.8).
DEBUG: Camera's distance is 15.8.
DEBUG: Camera's ParallelScale is 4.1.
DEBUG: Camera's ClippingRange is (9.4, 24.0).
DEBUG: Camera's orientation is (28.5, -45.0, 0.0).

==================================================
46: beamdy10bm.inp
INFO: 261 nodes
INFO: 2 nsets
INFO: 32 elements
INFO: 2 elsets
INFO: 0 surfaces
INFO: VTK ugrid is built.
DEBUG: Camera's focal point is (0.5, 0.8, 4.0).
DEBUG: Camera's position is (10.3, 8.3, 13.8).
DEBUG: Camera's distance is 15.8.
DEBUG: Camera's ParallelScale is 4.1.
DEBUG: Camera's ClippingRange is (9.4, 24.0).
DEBUG: Camera's orientation is (28.5, -45.0, 0.0).

==================================================
47: beamdy11.inp
INFO: 261 nodes
INFO: 2 nsets
INFO: 32 elements
INFO: 2 elsets
INFO: 0 surfaces
INFO: VTK ugrid is built.
DEBUG: Camera's focal point is (0.5, 0.8, 4.0).
DEBUG: Camera's position is (10.3, 8.3, 13.8).
DEBUG: Camera's distance is 15.8.
DEBUG: Camera's ParallelScale is 4.1.
DEBUG: Camera's ClippingRange is (9.4, 24.0).
DEBUG: Camera's orientation is (28.5, -45.0, 0.0).

==================================================
48: beamdy12.inp
INFO: 261 nodes
INFO: 2 nsets
INFO: 32 elements
INFO: 2 elsets
INFO: 0 surfaces
INFO: VTK ugrid is built.
DEBUG: Camera's focal point is (0.5, 0.8, 4.0).
DEBUG: Camera's position is (10.3, 8.3, 13.8).
DEBUG: Camera's distance is 15.8.
DEBUG: Camera's ParallelScale is 4.1.
DEBUG: Camera's ClippingRange is (9.4, 24.0).
DEBUG: Camera's orientation is (28.5, -45.0, 0.0).

==================================================
49: beamdy13.inp
INFO: 261 nodes
INFO: 2 nsets
INFO: 32 elements
INFO: 2 elsets
INFO: 0 surfaces
INFO: VTK ugrid is built.
DEBUG: Camera's focal point is (0.5, 0.8, 4.0).
DEBUG: Camera's position is (10.3, 8.3, 13.8).
DEBUG: Camera's distance is 15.8.
DEBUG: Camera's ParallelScale is 4.1.
DEBUG: Camera's ClippingRange is (9.4, 24.0).
DEBUG: Camera's orientation is (28.5, -45.0, 0.0).

==================================================
50: beamdy14.inp
INFO: 261 nodes
INFO: 3 nsets
INFO: 32 elements
INFO: 2 elsets
INFO: 0 surfaces
INFO: VTK ugrid is built.
DEBUG: Camera's focal point is (0.5, 0.8, 4.0).
DEBUG: Camera's position is (10.3, 8.3, 13.8).
DEBUG: Camera's distance is 15.8.
DEBUG: Camera's ParallelScale is 4.1.
DEBUG: Camera's ClippingRange is (9.4, 24.0).
DEBUG: Camera's orientation is (28.5, -45.0, 0.0).

==================================================
51: beamdy15.inp
INFO: 261 nodes
INFO: 3 nsets
INFO: 32 elements
INFO: 2 elsets
INFO: 0 surfaces
INFO: VTK ugrid is built.
DEBUG: Camera's focal point is (0.5, 0.8, 4.0).
DEBUG: Camera's position is (10.3, 8.3, 13.8).
DEBUG: Camera's distance is 15.8.
DEBUG: Camera's ParallelScale is 4.1.
DEBUG: Camera's ClippingRange is (9.4, 24.0).
DEBUG: Camera's orientation is (28.5, -45.0, 0.0).

==================================================
52: beamdy16.inp
INFO: 261 nodes
INFO: 3 nsets
INFO: 32 elements
INFO: 2 elsets
INFO: 0 surfaces
INFO: VTK ugrid is built.
DEBUG: Camera's focal point is (0.5, 0.8, 4.0).
DEBUG: Camera's position is (10.3, 8.3, 13.8).
DEBUG: Camera's distance is 15.8.
DEBUG: Camera's ParallelScale is 4.1.
DEBUG: Camera's ClippingRange is (9.4, 24.0).
DEBUG: Camera's orientation is (28.5, -45.0, 0.0).

==================================================
53: beamdy17.inp
INFO: 261 nodes
INFO: 3 nsets
INFO: 32 elements
INFO: 2 elsets
INFO: 0 surfaces
INFO: VTK ugrid is built.
DEBUG: Camera's focal point is (0.5, 0.8, 4.0).
DEBUG: Camera's position is (10.3, 8.3, 13.8).
DEBUG: Camera's distance is 15.8.
DEBUG: Camera's ParallelScale is 4.1.
DEBUG: Camera's ClippingRange is (9.4, 24.0).
DEBUG: Camera's orientation is (28.5, -45.0, 0.0).

==================================================
54: beamdy19.inp
INFO: 261 nodes
WARNING: Duplicated nset name N1.
INFO: 3 nsets
INFO: 32 elements
INFO: 2 elsets
INFO: 0 surfaces
INFO: VTK ugrid is built.
DEBUG: Camera's focal point is (0.5, 0.8, 4.0).
DEBUG: Camera's position is (10.3, 8.3, 13.8).
DEBUG: Camera's distance is 15.8.
DEBUG: Camera's ParallelScale is 4.1.
DEBUG: Camera's ClippingRange is (9.4, 24.0).
DEBUG: Camera's orientation is (28.5, -45.0, 0.0).

==================================================
55: beamdy2.inp
INFO: 261 nodes
INFO: 3 nsets
INFO: 32 elements
INFO: 2 elsets
INFO: 0 surfaces
INFO: VTK ugrid is built.
DEBUG: Camera's focal point is (0.5, 0.8, 4.0).
DEBUG: Camera's position is (10.3, 8.3, 13.8).
DEBUG: Camera's distance is 15.8.
DEBUG: Camera's ParallelScale is 4.1.
DEBUG: Camera's ClippingRange is (9.4, 24.0).
DEBUG: Camera's orientation is (28.5, -45.0, 0.0).

==================================================
56: beamdy20.inp
INFO: 261 nodes
INFO: 2 nsets
INFO: 32 elements
INFO: 2 elsets
INFO: 0 surfaces
INFO: VTK ugrid is built.
DEBUG: Camera's focal point is (0.5, 0.8, 4.0).
DEBUG: Camera's position is (10.3, 8.3, 13.8).
DEBUG: Camera's distance is 15.8.
DEBUG: Camera's ParallelScale is 4.1.
DEBUG: Camera's ClippingRange is (9.4, 24.0).
DEBUG: Camera's orientation is (28.5, -45.0, 0.0).

==================================================
57: beamdy3.inp
INFO: 261 nodes
INFO: 3 nsets
INFO: 32 elements
INFO: 2 elsets
INFO: 0 surfaces
INFO: VTK ugrid is built.
DEBUG: Camera's focal point is (0.5, 0.8, 4.0).
DEBUG: Camera's position is (10.3, 8.3, 13.8).
DEBUG: Camera's distance is 15.8.
DEBUG: Camera's ParallelScale is 4.1.
DEBUG: Camera's ClippingRange is (9.4, 24.0).
DEBUG: Camera's orientation is (28.5, -45.0, 0.0).

==================================================
58: beamdy4.inp
INFO: 261 nodes
INFO: 3 nsets
INFO: 32 elements
INFO: 2 elsets
INFO: 0 surfaces
INFO: VTK ugrid is built.
DEBUG: Camera's focal point is (0.5, 0.8, 4.0).
DEBUG: Camera's position is (10.3, 8.3, 13.8).
DEBUG: Camera's distance is 15.8.
DEBUG: Camera's ParallelScale is 4.1.
DEBUG: Camera's ClippingRange is (9.4, 24.0).
DEBUG: Camera's orientation is (28.5, -45.0, 0.0).

==================================================
59: beamdy5.inp
INFO: 261 nodes
INFO: 3 nsets
INFO: 32 elements
INFO: 2 elsets
INFO: 0 surfaces
INFO: VTK ugrid is built.
DEBUG: Camera's focal point is (0.5, 0.8, 4.0).
DEBUG: Camera's position is (10.3, 8.3, 13.8).
DEBUG: Camera's distance is 15.8.
DEBUG: Camera's ParallelScale is 4.1.
DEBUG: Camera's ClippingRange is (9.4, 24.0).
DEBUG: Camera's orientation is (28.5, -45.0, 0.0).

==================================================
60: beamdy6.inp
INFO: 261 nodes
INFO: 3 nsets
INFO: 32 elements
INFO: 2 elsets
INFO: 0 surfaces
INFO: VTK ugrid is built.
DEBUG: Camera's focal point is (0.5, 0.8, 4.0).
DEBUG: Camera's position is (10.3, 8.3, 13.8).
DEBUG: Camera's distance is 15.8.
DEBUG: Camera's ParallelScale is 4.1.
DEBUG: Camera's ClippingRange is (9.4, 24.0).
DEBUG: Camera's orientation is (28.5, -45.0, 0.0).

==================================================
61: beamdy7.inp
INFO: 261 nodes
INFO: 4 nsets
INFO: 32 elements
INFO: 2 elsets
INFO: 0 surfaces
INFO: VTK ugrid is built.
DEBUG: Camera's focal point is (0.5, 0.8, 4.0).
DEBUG: Camera's position is (10.3, 8.3, 13.8).
DEBUG: Camera's distance is 15.8.
DEBUG: Camera's ParallelScale is 4.1.
DEBUG: Camera's ClippingRange is (9.4, 24.0).
DEBUG: Camera's orientation is (28.5, -45.0, 0.0).

==================================================
62: beamdy7bm.inp
INFO: 261 nodes
INFO: 4 nsets
INFO: 32 elements
INFO: 2 elsets
INFO: 0 surfaces
INFO: VTK ugrid is built.
DEBUG: Camera's focal point is (0.5, 0.8, 4.0).
DEBUG: Camera's position is (10.3, 8.3, 13.8).
DEBUG: Camera's distance is 15.8.
DEBUG: Camera's ParallelScale is 4.1.
DEBUG: Camera's ClippingRange is (9.4, 24.0).
DEBUG: Camera's orientation is (28.5, -45.0, 0.0).

==================================================
63: beamdy8.inp
INFO: 261 nodes
INFO: 2 nsets
INFO: 32 elements
INFO: 2 elsets
INFO: 0 surfaces
INFO: VTK ugrid is built.
DEBUG: Camera's focal point is (0.5, 0.8, 4.0).
DEBUG: Camera's position is (10.3, 8.3, 13.8).
DEBUG: Camera's distance is 15.8.
DEBUG: Camera's ParallelScale is 4.1.
DEBUG: Camera's ClippingRange is (9.4, 24.0).
DEBUG: Camera's orientation is (28.5, -45.0, 0.0).

==================================================
64: beamdy9.inp
INFO: 261 nodes
INFO: 2 nsets
INFO: 32 elements
INFO: 2 elsets
INFO: 0 surfaces
INFO: VTK ugrid is built.
DEBUG: Camera's focal point is (0.5, 0.8, 4.0).
DEBUG: Camera's position is (10.3, 8.3, 13.8).
DEBUG: Camera's distance is 15.8.
DEBUG: Camera's ParallelScale is 4.1.
DEBUG: Camera's ClippingRange is (9.4, 24.0).
DEBUG: Camera's orientation is (28.5, -45.0, 0.0).

==================================================
65: beamdynamic.inp
INFO: 261 nodes
INFO: 4 nsets
INFO: 32 elements
INFO: 1 elsets
INFO: 0 surfaces
INFO: VTK ugrid is built.
DEBUG: Camera's focal point is (0.5, 0.5, 4.0).
DEBUG: Camera's position is (10.2, 8.0, 13.7).
DEBUG: Camera's distance is 15.7.
DEBUG: Camera's ParallelScale is 4.1.
DEBUG: Camera's ClippingRange is (9.5, 23.5).
DEBUG: Camera's orientation is (28.5, -45.0, 0.0).

==================================================
66: beamf.inp
INFO: 261 nodes
INFO: 1 nsets
INFO: 32 elements
INFO: 2 elsets
INFO: 0 surfaces
INFO: VTK ugrid is built.
DEBUG: Camera's focal point is (0.5, 0.8, 4.0).
DEBUG: Camera's position is (10.3, 8.3, 13.8).
DEBUG: Camera's distance is 15.8.
DEBUG: Camera's ParallelScale is 4.1.
DEBUG: Camera's ClippingRange is (9.4, 24.0).
DEBUG: Camera's orientation is (28.5, -45.0, 0.0).

==================================================
67: beamf2.inp
INFO: 261 nodes
INFO: 2 nsets
INFO: 32 elements
INFO: 1 elsets
INFO: 0 surfaces
INFO: VTK ugrid is built.
DEBUG: Camera's focal point is (0.5, 0.8, 4.0).
DEBUG: Camera's position is (10.3, 8.3, 13.8).
DEBUG: Camera's distance is 15.8.
DEBUG: Camera's ParallelScale is 4.1.
DEBUG: Camera's ClippingRange is (9.4, 24.0).
DEBUG: Camera's orientation is (28.5, -45.0, 0.0).

==================================================
68: beamf3.inp
INFO: 261 nodes
INFO: 2 nsets
INFO: 32 elements
INFO: 2 elsets
INFO: 0 surfaces
INFO: VTK ugrid is built.
DEBUG: Camera's focal point is (0.5, 0.8, 4.0).
DEBUG: Camera's position is (10.3, 8.3, 13.8).
DEBUG: Camera's distance is 15.8.
DEBUG: Camera's ParallelScale is 4.1.
DEBUG: Camera's ClippingRange is (9.4, 24.0).
DEBUG: Camera's orientation is (28.5, -45.0, 0.0).

==================================================
69: beamf3submodel.inp
INFO: 111 nodes
INFO: 2 nsets
INFO: 12 elements
INFO: 1 elsets
INFO: 0 surfaces
INFO: VTK ugrid is built.
DEBUG: Camera's focal point is (0.5, 0.8, 2.5).
DEBUG: Camera's position is (4.7, 4.0, 6.7).
DEBUG: Camera's distance is 6.8.
DEBUG: Camera's ParallelScale is 1.8.
DEBUG: Camera's ClippingRange is (3.5, 10.9).
DEBUG: Camera's orientation is (28.5, -45.0, 0.0).

==================================================
70: beamfsh1.inp
INFO: 261 nodes
INFO: 2 nsets
INFO: 34 elements
INFO: 3 elsets
INFO: 0 surfaces
INFO: VTK ugrid is built.
DEBUG: Camera's focal point is (0.5, 0.8, 4.0).
DEBUG: Camera's position is (10.3, 8.3, 13.8).
DEBUG: Camera's distance is 15.8.
DEBUG: Camera's ParallelScale is 4.1.
DEBUG: Camera's ClippingRange is (9.4, 24.0).
DEBUG: Camera's orientation is (28.5, -45.0, 0.0).

==================================================
71: beamfsubmodel.inp
INFO: 111 nodes
INFO: 2 nsets
INFO: 12 elements
INFO: 1 elsets
INFO: 0 surfaces
INFO: VTK ugrid is built.
DEBUG: Camera's focal point is (0.5, 0.8, 2.5).
DEBUG: Camera's position is (4.7, 4.0, 6.7).
DEBUG: Camera's distance is 6.8.
DEBUG: Camera's ParallelScale is 1.8.
DEBUG: Camera's ClippingRange is (3.5, 10.9).
DEBUG: Camera's orientation is (28.5, -45.0, 0.0).

==================================================
72: beamft.inp
INFO: 261 nodes
INFO: 2 nsets
INFO: 32 elements
INFO: 2 elsets
INFO: 0 surfaces
INFO: VTK ugrid is built.
DEBUG: Camera's focal point is (0.5, 0.8, 4.0).
DEBUG: Camera's position is (10.3, 8.3, 13.8).
DEBUG: Camera's distance is 15.8.
DEBUG: Camera's ParallelScale is 4.1.
DEBUG: Camera's ClippingRange is (9.4, 24.0).
DEBUG: Camera's orientation is (28.5, -45.0, 0.0).

==================================================
73: beamheatplas.inp
INFO: 261 nodes
INFO: 4 nsets
INFO: 32 elements
INFO: 2 elsets
INFO: 0 surfaces
INFO: VTK ugrid is built.
DEBUG: Camera's focal point is (0.5, 0.5, 4.0).
DEBUG: Camera's position is (10.2, 8.0, 13.7).
DEBUG: Camera's distance is 15.7.
DEBUG: Camera's ParallelScale is 4.1.
DEBUG: Camera's ClippingRange is (9.5, 23.5).
DEBUG: Camera's orientation is (28.5, -45.0, 0.0).

==================================================
74: beamhf.inp
INFO: 261 nodes
INFO: 9 nsets
INFO: 32 elements
INFO: 2 elsets
INFO: 0 surfaces
INFO: VTK ugrid is built.
DEBUG: Camera's focal point is (0.5, 0.5, 4.0).
DEBUG: Camera's position is (10.2, 8.0, 13.7).
DEBUG: Camera's distance is 15.7.
DEBUG: Camera's ParallelScale is 4.1.
DEBUG: Camera's ClippingRange is (9.5, 23.5).
DEBUG: Camera's orientation is (28.5, -45.0, 0.0).

==================================================
75: beamhtbf.inp
INFO: 261 nodes
INFO: 2 nsets
INFO: 32 elements
INFO: 2 elsets
INFO: 0 surfaces
INFO: VTK ugrid is built.
DEBUG: Camera's focal point is (0.5, 0.5, 4.0).
DEBUG: Camera's position is (10.2, 8.0, 13.7).
DEBUG: Camera's distance is 15.7.
DEBUG: Camera's ParallelScale is 4.1.
DEBUG: Camera's ClippingRange is (9.5, 23.5).
DEBUG: Camera's orientation is (28.5, -45.0, 0.0).

==================================================
76: beamhtbo.inp
INFO: 262 nodes
INFO: 3 nsets
INFO: 32 elements
INFO: 2 elsets
INFO: 0 surfaces
INFO: VTK ugrid is built.
DEBUG: Camera's focal point is (0.5, 0.5, 4.0).
DEBUG: Camera's position is (10.2, 8.0, 13.7).
DEBUG: Camera's distance is 15.7.
DEBUG: Camera's ParallelScale is 4.1.
DEBUG: Camera's ClippingRange is (9.5, 23.5).
DEBUG: Camera's orientation is (28.5, -45.0, 0.0).

==================================================
77: beamhtcr.inp
INFO: 495 nodes
INFO: 3 nsets
INFO: 48 elements
INFO: 1 elsets
INFO: 0 surfaces
INFO: VTK ugrid is built.
DEBUG: Camera's focal point is (1.5, -0.5, 2.0).
DEBUG: Camera's position is (16.4, 11.0, 16.9).
DEBUG: Camera's distance is 24.0.
DEBUG: Camera's ParallelScale is 6.2.
DEBUG: Camera's ClippingRange is (14.3, 36.2).
DEBUG: Camera's orientation is (28.5, -45.0, 0.0).

==================================================
78: beamhtcr2.inp
INFO: 495 nodes
INFO: 3 nsets
INFO: 48 elements
INFO: 1 elsets
INFO: 0 surfaces
INFO: VTK ugrid is built.
DEBUG: Camera's focal point is (1.5, -0.5, 2.0).
DEBUG: Camera's position is (16.4, 11.0, 16.9).
DEBUG: Camera's distance is 24.0.
DEBUG: Camera's ParallelScale is 6.2.
DEBUG: Camera's ClippingRange is (14.3, 36.2).
DEBUG: Camera's orientation is (28.5, -45.0, 0.0).

==================================================
79: beamhtfc.inp
INFO: 279 nodes
INFO: 4 nsets
INFO: 40 elements
INFO: 3 elsets
INFO: 0 surfaces
INFO: VTK ugrid is built.
DEBUG: Camera's focal point is (0.5, 0.8, 4.2).
DEBUG: Camera's position is (10.9, 8.8, 14.7).
DEBUG: Camera's distance is 16.8.
DEBUG: Camera's ParallelScale is 4.3.
DEBUG: Camera's ClippingRange is (10.0, 25.3).
DEBUG: Camera's orientation is (28.5, -45.0, 0.0).

==================================================
80: beamhtfc2.inp
INFO: 279 nodes
INFO: 4 nsets
INFO: 40 elements
INFO: 3 elsets
INFO: 0 surfaces
INFO: VTK ugrid is built.
DEBUG: Camera's focal point is (0.5, 0.8, 4.2).
DEBUG: Camera's position is (10.9, 8.8, 14.7).
DEBUG: Camera's distance is 16.8.
DEBUG: Camera's ParallelScale is 4.3.
DEBUG: Camera's ClippingRange is (10.0, 25.3).
DEBUG: Camera's orientation is (28.5, -45.0, 0.0).

==================================================
81: beamhtfcaero.inp
INFO: 279 nodes
INFO: 4 nsets
INFO: 40 elements
INFO: 3 elsets
INFO: 0 surfaces
INFO: VTK ugrid is built.
DEBUG: Camera's focal point is (0.5, 0.8, 4.2).
DEBUG: Camera's position is (10.9, 8.8, 14.7).
DEBUG: Camera's distance is 16.8.
DEBUG: Camera's ParallelScale is 4.3.
DEBUG: Camera's ClippingRange is (10.0, 25.3).
DEBUG: Camera's orientation is (28.5, -45.0, 0.0).

==================================================
82: beamhtfcaerothne.inp
INFO: 279 nodes
INFO: 4 nsets
INFO: 40 elements
INFO: 3 elsets
INFO: 0 surfaces
INFO: VTK ugrid is built.
DEBUG: Camera's focal point is (0.5, 0.8, 4.2).
DEBUG: Camera's position is (10.9, 8.8, 14.7).
DEBUG: Camera's distance is 16.8.
DEBUG: Camera's ParallelScale is 4.3.
DEBUG: Camera's ClippingRange is (10.0, 25.3).
DEBUG: Camera's orientation is (28.5, -45.0, 0.0).

==================================================
83: beamhtfcnu.inp
INFO: 279 nodes
INFO: 4 nsets
INFO: 40 elements
INFO: 3 elsets
INFO: 0 surfaces
INFO: VTK ugrid is built.
DEBUG: Camera's focal point is (0.5, 0.8, 4.2).
DEBUG: Camera's position is (10.9, 8.8, 14.7).
DEBUG: Camera's distance is 16.8.
DEBUG: Camera's ParallelScale is 4.3.
DEBUG: Camera's ClippingRange is (10.0, 25.3).
DEBUG: Camera's orientation is (28.5, -45.0, 0.0).

==================================================
84: beamidset.inp
INFO: 261 nodes
INFO: 3 nsets
INFO: 32 elements
INFO: 1 elsets
INFO: 0 surfaces
INFO: VTK ugrid is built.
DEBUG: Camera's focal point is (0.5, 0.5, 4.0).
DEBUG: Camera's position is (10.2, 8.0, 13.7).
DEBUG: Camera's distance is 15.7.
DEBUG: Camera's ParallelScale is 4.1.
DEBUG: Camera's ClippingRange is (9.5, 23.5).
DEBUG: Camera's orientation is (28.5, -45.0, 0.0).

==================================================
85: beamimpdy1.inp
INFO: 261 nodes
INFO: 3 nsets
INFO: 32 elements
INFO: 2 elsets
INFO: 0 surfaces
INFO: VTK ugrid is built.
DEBUG: Camera's focal point is (0.5, 0.8, 4.0).
DEBUG: Camera's position is (10.3, 8.3, 13.8).
DEBUG: Camera's distance is 15.8.
DEBUG: Camera's ParallelScale is 4.1.
DEBUG: Camera's ClippingRange is (9.4, 24.0).
DEBUG: Camera's orientation is (28.5, -45.0, 0.0).

==================================================
86: beamimpdy1nodirect.inp
INFO: 261 nodes
INFO: 3 nsets
INFO: 32 elements
INFO: 2 elsets
INFO: 0 surfaces
INFO: VTK ugrid is built.
DEBUG: Camera's focal point is (0.5, 0.8, 4.0).
DEBUG: Camera's position is (10.3, 8.3, 13.8).
DEBUG: Camera's distance is 15.8.
DEBUG: Camera's ParallelScale is 4.1.
DEBUG: Camera's ClippingRange is (9.4, 24.0).
DEBUG: Camera's orientation is (28.5, -45.0, 0.0).

==================================================
87: beamimpdy2.inp
INFO: 261 nodes
INFO: 3 nsets
INFO: 32 elements
INFO: 2 elsets
INFO: 0 surfaces
INFO: VTK ugrid is built.
DEBUG: Camera's focal point is (0.5, 0.8, 4.0).
DEBUG: Camera's position is (10.3, 8.3, 13.8).
DEBUG: Camera's distance is 15.8.
DEBUG: Camera's ParallelScale is 4.1.
DEBUG: Camera's ClippingRange is (9.4, 24.0).
DEBUG: Camera's orientation is (28.5, -45.0, 0.0).

==================================================
88: artery4.inp
INFO: 14 nodes
INFO: 1 nsets
INFO: 4 elements
INFO: 2 elsets
INFO: 0 surfaces
INFO: VTK ugrid is built.
DEBUG: Camera's focal point is (1.5, 5.0, 0.0).
DEBUG: Camera's position is (16.3, 16.4, 14.8).
DEBUG: Camera's distance is 23.9.
DEBUG: Camera's ParallelScale is 6.2.
DEBUG: Camera's ClippingRange is (16.1, 33.8).
DEBUG: Camera's orientation is (28.5, -45.0, 0.0).

==================================================
89: beamb.inp
INFO: 261 nodes
INFO: 2 nsets
INFO: 32 elements
INFO: 2 elsets
INFO: 0 surfaces
INFO: VTK ugrid is built.
DEBUG: Camera's focal point is (0.5, 0.8, 4.0).
DEBUG: Camera's position is (10.3, 8.3, 13.8).
DEBUG: Camera's distance is 15.8.
DEBUG: Camera's ParallelScale is 4.1.
DEBUG: Camera's ClippingRange is (9.4, 24.0).
DEBUG: Camera's orientation is (28.5, -45.0, 0.0).

==================================================
90: beamdy18.inp
INFO: 261 nodes
INFO: 3 nsets
INFO: 32 elements
INFO: 2 elsets
INFO: 0 surfaces
INFO: VTK ugrid is built.
DEBUG: Camera's focal point is (0.5, 0.8, 4.0).
DEBUG: Camera's position is (10.3, 8.3, 13.8).
DEBUG: Camera's distance is 15.8.
DEBUG: Camera's ParallelScale is 4.1.
DEBUG: Camera's ClippingRange is (9.4, 24.0).
DEBUG: Camera's orientation is (28.5, -45.0, 0.0).

==================================================
91: beamfstrucdamp.inp
INFO: 261 nodes
INFO: 2 nsets
INFO: 32 elements
INFO: 2 elsets
INFO: 0 surfaces
INFO: VTK ugrid is built.
DEBUG: Camera's focal point is (0.5, 0.8, 4.0).
DEBUG: Camera's position is (10.3, 8.3, 13.8).
DEBUG: Camera's distance is 15.8.
DEBUG: Camera's ParallelScale is 4.1.
DEBUG: Camera's ClippingRange is (9.4, 24.0).
DEBUG: Camera's orientation is (28.5, -45.0, 0.0).

==================================================
92: beamlin.inp
INFO: 5 nodes
INFO: 1 nsets
INFO: 2 elements
INFO: 3 elsets
INFO: 0 surfaces
INFO: VTK ugrid is built.
DEBUG: Camera's focal point is (75.0, 0.0, 0.0).
DEBUG: Camera's position is (255.0, 138.5, 180.0).
DEBUG: Camera's distance is 289.8.
DEBUG: Camera's ParallelScale is 75.0.
DEBUG: Camera's ClippingRange is (194.2, 410.8).
DEBUG: Camera's orientation is (28.5, -45.0, 0.0).

==================================================
93: beamog.inp
INFO: 261 nodes
INFO: 9 nsets
INFO: 32 elements
INFO: 2 elsets
INFO: 0 surfaces
INFO: VTK ugrid is built.
DEBUG: Camera's focal point is (0.5, 0.5, 4.0).
DEBUG: Camera's position is (10.2, 8.0, 13.7).
DEBUG: Camera's distance is 15.7.
DEBUG: Camera's ParallelScale is 4.1.
DEBUG: Camera's ClippingRange is (9.5, 23.5).
DEBUG: Camera's orientation is (28.5, -45.0, 0.0).

==================================================
94: beamplane.inp
INFO: 261 nodes
INFO: 3 nsets
INFO: 32 elements
INFO: 2 elsets
INFO: 0 surfaces
INFO: VTK ugrid is built.
DEBUG: Camera's focal point is (0.5, 0.5, 4.0).
DEBUG: Camera's position is (10.2, 8.0, 13.7).
DEBUG: Camera's distance is 15.7.
DEBUG: Camera's ParallelScale is 4.1.
DEBUG: Camera's ClippingRange is (9.5, 23.5).
DEBUG: Camera's orientation is (28.5, -45.0, 0.0).

==================================================
95: beamrb2.inp
INFO: 263 nodes
INFO: 3 nsets
INFO: 32 elements
INFO: 2 elsets
INFO: 0 surfaces
INFO: VTK ugrid is built.
DEBUG: Camera's focal point is (0.5, 0.5, 4.0).
DEBUG: Camera's position is (10.2, 8.0, 13.7).
DEBUG: Camera's distance is 15.7.
DEBUG: Camera's ParallelScale is 4.1.
DEBUG: Camera's ClippingRange is (9.5, 23.5).
DEBUG: Camera's orientation is (28.5, -45.0, 0.0).

==================================================
96: beam_sens_freq_coord2.inp
INFO: 261 nodes
INFO: 2 nsets
INFO: 32 elements
INFO: 1 elsets
INFO: 0 surfaces
INFO: VTK ugrid is built.
DEBUG: Camera's focal point is (0.5, 0.5, 4.0).
DEBUG: Camera's position is (10.2, 8.0, 13.7).
DEBUG: Camera's distance is 15.7.
DEBUG: Camera's ParallelScale is 4.1.
DEBUG: Camera's ClippingRange is (9.5, 23.5).
DEBUG: Camera's orientation is (28.5, -45.0, 0.0).

==================================================
97: c3d6.inp
INFO: 16 nodes
INFO: 1 nsets
INFO: 6 elements
INFO: 2 elsets
INFO: 0 surfaces
INFO: VTK ugrid is built.
DEBUG: Camera's focal point is (0.8, 0.2, 0.2).
DEBUG: Camera's position is (2.7, 1.8, 2.2).
DEBUG: Camera's distance is 3.2.
DEBUG: Camera's ParallelScale is 0.8.
DEBUG: Camera's ClippingRange is (1.7, 5.1).
DEBUG: Camera's orientation is (28.5, -45.0, 0.0).

==================================================
98: chanson1.inp
INFO: 31 nodes
INFO: 1 nsets
INFO: 15 elements
INFO: 6 elsets
INFO: 0 surfaces
INFO: VTK ugrid is built.
DEBUG: Camera's focal point is (100.0, 2.4, 0.0).
DEBUG: Camera's position is (340.4, 187.4, 240.4).
DEBUG: Camera's distance is 387.1.
DEBUG: Camera's ParallelScale is 100.2.
DEBUG: Camera's ClippingRange is (257.1, 551.6).
DEBUG: Camera's orientation is (28.5, -45.0, 0.0).

==================================================
99: contdamp1.inp
INFO: 18 nodes
INFO: 4 nsets
INFO: 3 elements
INFO: 2 elsets
INFO: 2 surfaces
INFO: VTK ugrid is built.
DEBUG: Camera's focal point is (0.6, 0.0, 0.0).
DEBUG: Camera's position is (2.1, 1.1, 1.5).
DEBUG: Camera's distance is 2.4.
DEBUG: Camera's ParallelScale is 0.6.
DEBUG: Camera's ClippingRange is (1.4, 3.6).
DEBUG: Camera's orientation is (28.5, -45.0, 0.0).

==================================================
100: cube2.inp
INFO: 40 nodes
INFO: 1 nsets
INFO: 2 elements
INFO: 3 elsets
INFO: 0 surfaces
INFO: VTK ugrid is built.
DEBUG: Camera's focal point is (0.5, 0.5, 1.5).
DEBUG: Camera's position is (4.5, 3.6, 5.5).
DEBUG: Camera's distance is 6.4.
DEBUG: Camera's ParallelScale is 1.7.
DEBUG: Camera's ClippingRange is (3.4, 10.2).
DEBUG: Camera's orientation is (28.5, -45.0, 0.0).

==================================================
101: edgeload.inp
INFO: 744 nodes
INFO: 9 nsets
INFO: 233 elements
INFO: 2 elsets
INFO: 0 surfaces
INFO: VTK ugrid is built.
DEBUG: Camera's focal point is (5.0, 2.5, 0.0).
DEBUG: Camera's position is (18.7, 13.1, 13.7).
DEBUG: Camera's distance is 22.1.
DEBUG: Camera's ParallelScale is 5.7.
DEBUG: Camera's ClippingRange is (13.1, 33.5).
DEBUG: Camera's orientation is (28.5, -45.0, 0.0).

==================================================
102: gaspipe-fanno9.inp
INFO: 21 nodes
INFO: 1 nsets
INFO: 11 elements
INFO: 3 elsets
INFO: 0 surfaces
INFO: VTK ugrid is built.
DEBUG: Camera's focal point is (0.0, 0.0, 0.0).
DEBUG: Camera's position is (1.2, 0.9, 1.2).
DEBUG: Camera's distance is 1.9.
DEBUG: Camera's ParallelScale is 0.5.
DEBUG: Camera's ClippingRange is (1.8, 2.1).
DEBUG: Camera's orientation is (28.5, -45.0, 0.0).

==================================================
103: gaspipe9.inp
INFO: 21 nodes
INFO: 1 nsets
INFO: 11 elements
INFO: 1 elsets
INFO: 0 surfaces
INFO: VTK ugrid is built.
DEBUG: Camera's focal point is (11.0, 0.0, 0.0).
DEBUG: Camera's position is (35.0, 18.5, 24.0).
DEBUG: Camera's distance is 38.6.
DEBUG: Camera's ParallelScale is 10.0.
DEBUG: Camera's ClippingRange is (25.9, 54.8).
DEBUG: Camera's orientation is (28.5, -45.0, 0.0).

==================================================
104: largerot1.inp
INFO: 261 nodes
INFO: 0 nsets
INFO: 32 elements
INFO: 1 elsets
INFO: 0 surfaces
INFO: VTK ugrid is built.
DEBUG: Camera's focal point is (0.5, 0.5, 4.0).
DEBUG: Camera's position is (10.2, 8.0, 13.7).
DEBUG: Camera's distance is 15.7.
DEBUG: Camera's ParallelScale is 4.1.
DEBUG: Camera's ClippingRange is (9.5, 23.5).
DEBUG: Camera's orientation is (28.5, -45.0, 0.0).

==================================================
105: multistage.inp
INFO: 1156 nodes
INFO: 9 nsets
INFO: 140 elements
INFO: 3 elsets
INFO: 6 surfaces
INFO: VTK ugrid is built.
DEBUG: Camera's focal point is (50.0, 48.7, 8.7).
DEBUG: Camera's position is (174.4, 144.4, 133.1).
DEBUG: Camera's distance is 200.3.
DEBUG: Camera's ParallelScale is 51.8.
DEBUG: Camera's ClippingRange is (116.9, 305.7).
DEBUG: Camera's orientation is (28.5, -45.0, -0.0).

==================================================
106: pipempc3.inp
INFO: 12 nodes
INFO: 1 nsets
INFO: 7 elements
INFO: 3 elsets
INFO: 0 surfaces
INFO: VTK ugrid is built.
DEBUG: Camera's focal point is (0.5, 0.0, 0.0).
DEBUG: Camera's position is (3.9, 2.6, 3.4).
DEBUG: Camera's distance is 5.5.
DEBUG: Camera's ParallelScale is 1.4.
DEBUG: Camera's ClippingRange is (3.2, 8.3).
DEBUG: Camera's orientation is (28.5, -45.0, 0.0).

==================================================
107: punch1.inp
INFO: 416 nodes
INFO: 4 nsets
INFO: 54 elements
INFO: 1 elsets
INFO: 2 surfaces
INFO: VTK ugrid is built.
DEBUG: Camera's focal point is (0.5, 0.5, 0.7).
DEBUG: Camera's position is (2.9, 2.3, 3.1).
DEBUG: Camera's distance is 3.8.
DEBUG: Camera's ParallelScale is 1.0.
DEBUG: Camera's ClippingRange is (1.8, 6.3).
DEBUG: Camera's orientation is (28.5, -45.0, 0.0).

==================================================
108: rot4.inp
INFO: 21 nodes
INFO: 4 nsets
INFO: 4 elements
INFO: 1 elsets
INFO: 0 surfaces
INFO: VTK ugrid is built.
DEBUG: Camera's focal point is (0.5, 0.5, 0.0).
DEBUG: Camera's position is (2.2, 1.8, 1.7).
DEBUG: Camera's distance is 2.7.
DEBUG: Camera's ParallelScale is 0.7.
DEBUG: Camera's ClippingRange is (1.6, 4.1).
DEBUG: Camera's orientation is (28.5, -45.0, 0.0).

==================================================
109: segmenttet.inp
INFO: 2756 nodes
INFO: 3 nsets
INFO: 1489 elements
INFO: 1 elsets
INFO: 2 surfaces
INFO: VTK ugrid is built.
DEBUG: Camera's focal point is (0.1, 0.5, 0.2).
DEBUG: Camera's position is (1.3, 1.5, 1.5).
DEBUG: Camera's distance is 2.0.
DEBUG: Camera's ParallelScale is 0.5.
DEBUG: Camera's ClippingRange is (1.2, 3.1).
DEBUG: Camera's orientation is (28.5, -45.0, 0.0).

==================================================
110: shellf2.inp
INFO: 21 nodes
INFO: 5 nsets
INFO: 4 elements
INFO: 1 elsets
INFO: 0 surfaces
INFO: VTK ugrid is built.
DEBUG: Camera's focal point is (0.5, 0.5, 0.0).
DEBUG: Camera's position is (2.2, 1.8, 1.7).
DEBUG: Camera's distance is 2.7.
DEBUG: Camera's ParallelScale is 0.7.
DEBUG: Camera's ClippingRange is (1.6, 4.1).
DEBUG: Camera's orientation is (28.5, -45.0, 0.0).

==================================================
111: square.inp
INFO: 341 nodes
INFO: 3 nsets
INFO: 100 elements
INFO: 1 elsets
INFO: 0 surfaces
INFO: VTK ugrid is built.
DEBUG: Camera's focal point is (114.5, 114.5, 0.0).
DEBUG: Camera's position is (503.1, 413.4, 388.6).
DEBUG: Camera's distance is 625.6.
DEBUG: Camera's ParallelScale is 161.9.
DEBUG: Camera's ClippingRange is (369.0, 950.2).
DEBUG: Camera's orientation is (28.5, -45.0, 0.0).

==================================================
112: beammix.inp
INFO: 5 nodes
INFO: 1 nsets
INFO: 2 elements
INFO: 3 elsets
INFO: 0 surfaces
INFO: VTK ugrid is built.
DEBUG: Camera's focal point is (1.0, 0.0, 0.0).
DEBUG: Camera's position is (3.4, 1.8, 2.4).
DEBUG: Camera's distance is 3.9.
DEBUG: Camera's ParallelScale is 1.0.
DEBUG: Camera's ClippingRange is (2.6, 5.5).
DEBUG: Camera's orientation is (28.5, -45.0, 0.0).

==================================================
113: beammpc.inp
INFO: 261 nodes
INFO: 4 nsets
INFO: 32 elements
INFO: 1 elsets
INFO: 2 surfaces
INFO: VTK ugrid is built.
DEBUG: Camera's focal point is (0.5, 0.5, 4.0).
DEBUG: Camera's position is (10.2, 8.0, 13.7).
DEBUG: Camera's distance is 15.7.
DEBUG: Camera's ParallelScale is 4.1.
DEBUG: Camera's ClippingRange is (9.5, 23.5).
DEBUG: Camera's orientation is (28.5, -45.0, 0.0).

==================================================
114: beammr.inp
INFO: 262 nodes
INFO: 2 nsets
INFO: 32 elements
INFO: 2 elsets
INFO: 0 surfaces
INFO: VTK ugrid is built.
DEBUG: Camera's focal point is (0.5, 0.5, 4.0).
DEBUG: Camera's position is (10.2, 8.0, 13.7).
DEBUG: Camera's distance is 15.7.
DEBUG: Camera's ParallelScale is 4.1.
DEBUG: Camera's ClippingRange is (9.5, 23.5).
DEBUG: Camera's orientation is (28.5, -45.0, 0.0).

==================================================
115: beammrco.inp
INFO: 262 nodes
INFO: 2 nsets
INFO: 32 elements
INFO: 2 elsets
INFO: 0 surfaces
INFO: VTK ugrid is built.
DEBUG: Camera's focal point is (0.5, 0.5, 4.0).
DEBUG: Camera's position is (10.2, 8.0, 13.7).
DEBUG: Camera's distance is 15.7.
DEBUG: Camera's ParallelScale is 4.1.
DEBUG: Camera's ClippingRange is (9.5, 23.5).
DEBUG: Camera's orientation is (28.5, -45.0, 0.0).

==================================================
116: beammrlin.inp
INFO: 262 nodes
INFO: 3 nsets
INFO: 32 elements
INFO: 2 elsets
INFO: 0 surfaces
INFO: VTK ugrid is built.
DEBUG: Camera's focal point is (0.5, 0.5, 4.0).
DEBUG: Camera's position is (10.2, 8.0, 13.7).
DEBUG: Camera's distance is 15.7.
DEBUG: Camera's ParallelScale is 4.1.
DEBUG: Camera's ClippingRange is (9.5, 23.5).
DEBUG: Camera's orientation is (28.5, -45.0, 0.0).

==================================================
117: beamnh.inp
INFO: 261 nodes
INFO: 4 nsets
INFO: 32 elements
INFO: 2 elsets
INFO: 0 surfaces
INFO: VTK ugrid is built.
DEBUG: Camera's focal point is (0.5, 0.5, 4.0).
DEBUG: Camera's position is (10.2, 8.0, 13.7).
DEBUG: Camera's distance is 15.7.
DEBUG: Camera's ParallelScale is 4.1.
DEBUG: Camera's ClippingRange is (9.5, 23.5).
DEBUG: Camera's orientation is (28.5, -45.0, 0.0).

==================================================
118: beamnld.inp
INFO: 261 nodes
INFO: 4 nsets
INFO: 32 elements
INFO: 2 elsets
INFO: 0 surfaces
INFO: VTK ugrid is built.
DEBUG: Camera's focal point is (0.5, 0.5, 4.0).
DEBUG: Camera's position is (10.2, 8.0, 13.7).
DEBUG: Camera's distance is 15.7.
DEBUG: Camera's ParallelScale is 4.1.
DEBUG: Camera's ClippingRange is (9.5, 23.5).
DEBUG: Camera's orientation is (28.5, -45.0, 0.0).

==================================================
119: beamnldy.inp
INFO: 261 nodes
INFO: 4 nsets
INFO: 32 elements
INFO: 2 elsets
INFO: 0 surfaces
INFO: VTK ugrid is built.
DEBUG: Camera's focal point is (0.5, 0.8, 4.0).
DEBUG: Camera's position is (10.3, 8.3, 13.8).
DEBUG: Camera's distance is 15.8.
DEBUG: Camera's ParallelScale is 4.1.
DEBUG: Camera's ClippingRange is (9.4, 24.0).
DEBUG: Camera's orientation is (28.5, -45.0, 0.0).

==================================================
120: beamnldye.inp
INFO: 261 nodes
INFO: 3 nsets
INFO: 32 elements
INFO: 2 elsets
INFO: 0 surfaces
INFO: VTK ugrid is built.
DEBUG: Camera's focal point is (0.5, 0.8, 4.0).
DEBUG: Camera's position is (10.3, 8.3, 13.8).
DEBUG: Camera's distance is 15.8.
DEBUG: Camera's ParallelScale is 4.1.
DEBUG: Camera's ClippingRange is (9.4, 24.0).
DEBUG: Camera's orientation is (28.5, -45.0, 0.0).

==================================================
121: beamnldynodirect.inp
INFO: 261 nodes
INFO: 4 nsets
INFO: 32 elements
INFO: 2 elsets
INFO: 0 surfaces
INFO: VTK ugrid is built.
DEBUG: Camera's focal point is (0.5, 0.8, 4.0).
DEBUG: Camera's position is (10.3, 8.3, 13.8).
DEBUG: Camera's distance is 15.8.
DEBUG: Camera's ParallelScale is 4.1.
DEBUG: Camera's ClippingRange is (9.4, 24.0).
DEBUG: Camera's orientation is (28.5, -45.0, 0.0).

==================================================
122: beamnldyp.inp
INFO: 261 nodes
INFO: 7 nsets
INFO: 32 elements
INFO: 2 elsets
INFO: 0 surfaces
INFO: VTK ugrid is built.
DEBUG: Camera's focal point is (0.5, 0.8, 4.0).
DEBUG: Camera's position is (10.3, 8.3, 13.8).
DEBUG: Camera's distance is 15.8.
DEBUG: Camera's ParallelScale is 4.1.
DEBUG: Camera's ClippingRange is (9.4, 24.0).
DEBUG: Camera's orientation is (28.5, -45.0, 0.0).

==================================================
123: beamnldype.inp
INFO: 261 nodes
INFO: 7 nsets
INFO: 32 elements
INFO: 2 elsets
INFO: 0 surfaces
INFO: VTK ugrid is built.
DEBUG: Camera's focal point is (0.5, 0.8, 4.0).
DEBUG: Camera's position is (10.3, 8.3, 13.8).
DEBUG: Camera's distance is 15.8.
DEBUG: Camera's ParallelScale is 4.1.
DEBUG: Camera's ClippingRange is (9.4, 24.0).
DEBUG: Camera's orientation is (28.5, -45.0, 0.0).

==================================================
124: beamnlmpc.inp
INFO: 261 nodes
INFO: 3 nsets
INFO: 32 elements
INFO: 2 elsets
INFO: 0 surfaces
INFO: VTK ugrid is built.
DEBUG: Camera's focal point is (0.5, 0.5, 4.0).
DEBUG: Camera's position is (10.2, 8.0, 13.7).
DEBUG: Camera's distance is 15.7.
DEBUG: Camera's ParallelScale is 4.1.
DEBUG: Camera's ClippingRange is (9.5, 23.5).
DEBUG: Camera's orientation is (28.5, -45.0, 0.0).

==================================================
125: beamnlp.inp
INFO: 261 nodes
INFO: 3 nsets
INFO: 32 elements
INFO: 2 elsets
INFO: 0 surfaces
INFO: VTK ugrid is built.
DEBUG: Camera's focal point is (0.5, 0.5, 4.0).
DEBUG: Camera's position is (10.2, 8.0, 13.7).
DEBUG: Camera's distance is 15.7.
DEBUG: Camera's ParallelScale is 4.1.
DEBUG: Camera's ClippingRange is (9.5, 23.5).
DEBUG: Camera's orientation is (28.5, -45.0, 0.0).

==================================================
126: beamnlptp.inp
INFO: 261 nodes
INFO: 3 nsets
INFO: 32 elements
INFO: 2 elsets
INFO: 0 surfaces
INFO: VTK ugrid is built.
DEBUG: Camera's focal point is (0.5, 0.5, 4.0).
DEBUG: Camera's position is (10.2, 8.0, 13.7).
DEBUG: Camera's distance is 15.7.
DEBUG: Camera's ParallelScale is 4.1.
DEBUG: Camera's ClippingRange is (9.5, 23.5).
DEBUG: Camera's orientation is (28.5, -45.0, 0.0).

==================================================
127: beamnlt.inp
INFO: 261 nodes
INFO: 3 nsets
INFO: 32 elements
INFO: 2 elsets
INFO: 0 surfaces
INFO: VTK ugrid is built.
DEBUG: Camera's focal point is (0.5, 0.5, 4.0).
DEBUG: Camera's position is (10.2, 8.0, 13.7).
DEBUG: Camera's distance is 15.7.
DEBUG: Camera's ParallelScale is 4.1.
DEBUG: Camera's ClippingRange is (9.5, 23.5).
DEBUG: Camera's orientation is (28.5, -45.0, 0.0).

==================================================
128: beamnoan.inp
INFO: 261 nodes
INFO: 3 nsets
INFO: 32 elements
INFO: 1 elsets
INFO: 0 surfaces
INFO: VTK ugrid is built.
DEBUG: Camera's focal point is (0.5, 0.5, 4.0).
DEBUG: Camera's position is (10.2, 8.0, 13.7).
DEBUG: Camera's distance is 15.7.
DEBUG: Camera's ParallelScale is 4.1.
DEBUG: Camera's ClippingRange is (9.5, 23.5).
DEBUG: Camera's orientation is (28.5, -45.0, 0.0).

==================================================
129: beamp.inp
INFO: 261 nodes
INFO: 3 nsets
INFO: 32 elements
INFO: 1 elsets
INFO: 2 surfaces
INFO: VTK ugrid is built.
DEBUG: Camera's focal point is (0.5, 0.5, 4.0).
DEBUG: Camera's position is (10.2, 8.0, 13.7).
DEBUG: Camera's distance is 15.7.
DEBUG: Camera's ParallelScale is 4.1.
DEBUG: Camera's ClippingRange is (9.5, 23.5).
DEBUG: Camera's orientation is (28.5, -45.0, 0.0).

==================================================
130: beamp1rotate.inp
INFO: 261 nodes
INFO: 4 nsets
INFO: 32 elements
INFO: 1 elsets
INFO: 0 surfaces
INFO: VTK ugrid is built.
DEBUG: Camera's focal point is (0.5, 0.5, 4.0).
DEBUG: Camera's position is (10.2, 8.0, 13.7).
DEBUG: Camera's distance is 15.7.
DEBUG: Camera's ParallelScale is 4.1.
DEBUG: Camera's ClippingRange is (9.5, 23.5).
DEBUG: Camera's orientation is (28.5, -45.0, 0.0).

==================================================
131: beamp2.inp
INFO: 261 nodes
INFO: 3 nsets
INFO: 32 elements
INFO: 1 elsets
INFO: 2 surfaces
INFO: VTK ugrid is built.
DEBUG: Camera's focal point is (0.5, 0.5, 4.0).
DEBUG: Camera's position is (10.2, 8.0, 13.7).
DEBUG: Camera's distance is 15.7.
DEBUG: Camera's ParallelScale is 4.1.
DEBUG: Camera's ClippingRange is (9.5, 23.5).
DEBUG: Camera's orientation is (28.5, -45.0, 0.0).

==================================================
132: beamp2rotate.inp
INFO: 261 nodes
INFO: 4 nsets
INFO: 32 elements
INFO: 1 elsets
INFO: 0 surfaces
INFO: VTK ugrid is built.
DEBUG: Camera's focal point is (0.5, 0.5, 4.0).
DEBUG: Camera's position is (10.2, 8.0, 13.7).
DEBUG: Camera's distance is 15.7.
DEBUG: Camera's ParallelScale is 4.1.
DEBUG: Camera's ClippingRange is (9.5, 23.5).
DEBUG: Camera's orientation is (28.5, -45.0, 0.0).

==================================================
133: beamp2stage.inp
INFO: 261 nodes
WARNING: Duplicated nset name LOAD.
INFO: 3 nsets
INFO: 32 elements
INFO: 1 elsets
INFO: 0 surfaces
INFO: VTK ugrid is built.
DEBUG: Camera's focal point is (0.5, 0.5, 4.0).
DEBUG: Camera's position is (10.2, 8.0, 13.7).
DEBUG: Camera's distance is 15.7.
DEBUG: Camera's ParallelScale is 4.1.
DEBUG: Camera's ClippingRange is (9.5, 23.5).
DEBUG: Camera's orientation is (28.5, -45.0, 0.0).

==================================================
134: beampd.inp
INFO: 261 nodes
INFO: 4 nsets
INFO: 32 elements
INFO: 2 elsets
INFO: 0 surfaces
INFO: VTK ugrid is built.
DEBUG: Camera's focal point is (0.5, 0.5, 4.0).
DEBUG: Camera's position is (10.2, 8.0, 13.7).
DEBUG: Camera's distance is 15.7.
DEBUG: Camera's ParallelScale is 4.1.
DEBUG: Camera's ClippingRange is (9.5, 23.5).
DEBUG: Camera's orientation is (28.5, -45.0, 0.0).

==================================================
135: beampdepmpc.inp
INFO: 261 nodes
INFO: 3 nsets
INFO: 32 elements
INFO: 1 elsets
INFO: 0 surfaces
INFO: VTK ugrid is built.
DEBUG: Camera's focal point is (0.5, 0.5, 4.0).
DEBUG: Camera's position is (10.2, 8.0, 13.7).
DEBUG: Camera's distance is 15.7.
DEBUG: Camera's ParallelScale is 4.1.
DEBUG: Camera's ClippingRange is (9.5, 23.5).
DEBUG: Camera's orientation is (28.5, -45.0, 0.0).

==================================================
136: beamperror.inp
INFO: 261 nodes
INFO: 3 nsets
INFO: 32 elements
INFO: 1 elsets
INFO: 2 surfaces
INFO: VTK ugrid is built.
DEBUG: Camera's focal point is (0.5, 0.5, 4.0).
DEBUG: Camera's position is (10.2, 8.0, 13.7).
DEBUG: Camera's distance is 15.7.
DEBUG: Camera's ParallelScale is 4.1.
DEBUG: Camera's ClippingRange is (9.5, 23.5).
DEBUG: Camera's orientation is (28.5, -45.0, 0.0).

==================================================
137: beampfix.inp
INFO: 261 nodes
INFO: 3 nsets
INFO: 32 elements
INFO: 1 elsets
INFO: 0 surfaces
INFO: VTK ugrid is built.
DEBUG: Camera's focal point is (0.5, 0.5, 4.0).
DEBUG: Camera's position is (10.2, 8.0, 13.7).
DEBUG: Camera's distance is 15.7.
DEBUG: Camera's ParallelScale is 4.1.
DEBUG: Camera's ClippingRange is (9.5, 23.5).
DEBUG: Camera's orientation is (28.5, -45.0, 0.0).

==================================================
138: beampic.inp
INFO: 261 nodes
INFO: 3 nsets
INFO: 32 elements
INFO: 2 elsets
INFO: 0 surfaces
INFO: VTK ugrid is built.
DEBUG: Camera's focal point is (0.5, 0.5, 4.0).
DEBUG: Camera's position is (10.2, 8.0, 13.7).
DEBUG: Camera's distance is 15.7.
DEBUG: Camera's ParallelScale is 4.1.
DEBUG: Camera's ClippingRange is (9.5, 23.5).
DEBUG: Camera's orientation is (28.5, -45.0, 0.0).

==================================================
139: beampik.inp
INFO: 261 nodes
INFO: 9 nsets
INFO: 32 elements
INFO: 2 elsets
INFO: 0 surfaces
INFO: VTK ugrid is built.
DEBUG: Camera's focal point is (0.5, 0.5, 4.0).
DEBUG: Camera's position is (10.2, 8.0, 13.7).
DEBUG: Camera's distance is 15.7.
DEBUG: Camera's ParallelScale is 4.1.
DEBUG: Camera's ClippingRange is (9.5, 23.5).
DEBUG: Camera's orientation is (28.5, -45.0, 0.0).

==================================================
140: beampis.inp
INFO: 261 nodes
INFO: 3 nsets
INFO: 32 elements
INFO: 2 elsets
INFO: 0 surfaces
INFO: VTK ugrid is built.
DEBUG: Camera's focal point is (0.5, 0.5, 4.0).
DEBUG: Camera's position is (10.2, 8.0, 13.7).
DEBUG: Camera's distance is 15.7.
DEBUG: Camera's ParallelScale is 4.1.
DEBUG: Camera's ClippingRange is (9.5, 23.5).
DEBUG: Camera's orientation is (28.5, -45.0, 0.0).

==================================================
141: beampiso.inp
INFO: 261 nodes
INFO: 9 nsets
INFO: 32 elements
INFO: 2 elsets
INFO: 0 surfaces
INFO: VTK ugrid is built.
DEBUG: Camera's focal point is (0.5, 0.5, 4.0).
DEBUG: Camera's position is (10.2, 8.0, 13.7).
DEBUG: Camera's distance is 15.7.
DEBUG: Camera's ParallelScale is 4.1.
DEBUG: Camera's ClippingRange is (9.5, 23.5).
DEBUG: Camera's orientation is (28.5, -45.0, 0.0).

==================================================
142: beampiso2.inp
INFO: 261 nodes
INFO: 9 nsets
INFO: 32 elements
INFO: 3 elsets
INFO: 0 surfaces
INFO: VTK ugrid is built.
DEBUG: Camera's focal point is (0.5, 0.5, 4.0).
DEBUG: Camera's position is (10.2, 8.0, 13.7).
DEBUG: Camera's distance is 15.7.
DEBUG: Camera's ParallelScale is 4.1.
DEBUG: Camera's ClippingRange is (9.5, 23.5).
DEBUG: Camera's orientation is (28.5, -45.0, 0.0).

==================================================
143: beampisof.inp
INFO: 261 nodes
INFO: 9 nsets
INFO: 32 elements
INFO: 2 elsets
INFO: 0 surfaces
INFO: VTK ugrid is built.
DEBUG: Camera's focal point is (0.5, 0.5, 4.0).
DEBUG: Camera's position is (10.2, 8.0, 13.7).
DEBUG: Camera's distance is 15.7.
DEBUG: Camera's ParallelScale is 4.1.
DEBUG: Camera's ClippingRange is (9.5, 23.5).
DEBUG: Camera's orientation is (28.5, -45.0, 0.0).

==================================================
144: beampkin.inp
INFO: 261 nodes
INFO: 9 nsets
INFO: 32 elements
INFO: 2 elsets
INFO: 0 surfaces
INFO: VTK ugrid is built.
DEBUG: Camera's focal point is (0.5, 0.5, 4.0).
DEBUG: Camera's position is (10.2, 8.0, 13.7).
DEBUG: Camera's distance is 15.7.
DEBUG: Camera's ParallelScale is 4.1.
DEBUG: Camera's ClippingRange is (9.5, 23.5).
DEBUG: Camera's orientation is (28.5, -45.0, 0.0).

==================================================
145: beampl.inp
INFO: 261 nodes
INFO: 9 nsets
INFO: 32 elements
INFO: 2 elsets
INFO: 0 surfaces
INFO: VTK ugrid is built.
DEBUG: Camera's focal point is (0.5, 0.5, 4.0).
DEBUG: Camera's position is (10.2, 8.0, 13.7).
DEBUG: Camera's distance is 15.7.
DEBUG: Camera's ParallelScale is 4.1.
DEBUG: Camera's ClippingRange is (9.5, 23.5).
DEBUG: Camera's orientation is (28.5, -45.0, 0.0).

==================================================
146: beampo1.inp
INFO: 261 nodes
INFO: 3 nsets
INFO: 32 elements
INFO: 2 elsets
INFO: 0 surfaces
INFO: VTK ugrid is built.
DEBUG: Camera's focal point is (0.5, 0.5, 4.0).
DEBUG: Camera's position is (10.2, 8.0, 13.7).
DEBUG: Camera's distance is 15.7.
DEBUG: Camera's ParallelScale is 4.1.
DEBUG: Camera's ClippingRange is (9.5, 23.5).
DEBUG: Camera's orientation is (28.5, -45.0, 0.0).

==================================================
147: beampo2.inp
INFO: 261 nodes
INFO: 3 nsets
INFO: 32 elements
INFO: 2 elsets
INFO: 0 surfaces
INFO: VTK ugrid is built.
DEBUG: Camera's focal point is (0.5, 0.5, 4.0).
DEBUG: Camera's position is (10.2, 8.0, 13.7).
DEBUG: Camera's distance is 15.7.
DEBUG: Camera's ParallelScale is 4.1.
DEBUG: Camera's ClippingRange is (9.5, 23.5).
DEBUG: Camera's orientation is (28.5, -45.0, 0.0).

==================================================
148: beampo3.inp
INFO: 261 nodes
INFO: 3 nsets
INFO: 32 elements
INFO: 2 elsets
INFO: 0 surfaces
INFO: VTK ugrid is built.
DEBUG: Camera's focal point is (0.5, 0.5, 4.0).
DEBUG: Camera's position is (10.2, 8.0, 13.7).
DEBUG: Camera's distance is 15.7.
DEBUG: Camera's ParallelScale is 4.1.
DEBUG: Camera's ClippingRange is (9.5, 23.5).
DEBUG: Camera's orientation is (28.5, -45.0, 0.0).

==================================================
149: beamprand.inp
INFO: 261 nodes
INFO: 4 nsets
INFO: 32 elements
INFO: 1 elsets
INFO: 0 surfaces
INFO: VTK ugrid is built.
DEBUG: Camera's focal point is (0.5, 0.5, 4.0).
DEBUG: Camera's position is (10.2, 8.0, 13.7).
DEBUG: Camera's distance is 15.7.
DEBUG: Camera's ParallelScale is 4.1.
DEBUG: Camera's ClippingRange is (9.5, 23.5).
DEBUG: Camera's orientation is (28.5, -45.0, 0.0).

==================================================
150: beamprb.inp
INFO: 263 nodes
INFO: 4 nsets
INFO: 32 elements
INFO: 1 elsets
INFO: 0 surfaces
INFO: VTK ugrid is built.
DEBUG: Camera's focal point is (0.5, 0.5, 4.0).
DEBUG: Camera's position is (10.2, 8.0, 13.7).
DEBUG: Camera's distance is 15.7.
DEBUG: Camera's ParallelScale is 4.1.
DEBUG: Camera's ClippingRange is (9.5, 23.5).
DEBUG: Camera's orientation is (28.5, -45.0, 0.0).

==================================================
151: beampset.inp
INFO: 261 nodes
INFO: 4 nsets
INFO: 32 elements
INFO: 1 elsets
INFO: 0 surfaces
INFO: VTK ugrid is built.
DEBUG: Camera's focal point is (0.5, 0.5, 4.0).
DEBUG: Camera's position is (10.2, 8.0, 13.7).
DEBUG: Camera's distance is 15.7.
DEBUG: Camera's ParallelScale is 4.1.
DEBUG: Camera's ClippingRange is (9.5, 23.5).
DEBUG: Camera's orientation is (28.5, -45.0, 0.0).

==================================================
152: beampt.inp
INFO: 261 nodes
INFO: 3 nsets
INFO: 32 elements
INFO: 2 elsets
INFO: 0 surfaces
INFO: VTK ugrid is built.
DEBUG: Camera's focal point is (0.5, 0.5, 4.0).
DEBUG: Camera's position is (10.2, 8.0, 13.7).
DEBUG: Camera's distance is 15.7.
DEBUG: Camera's ParallelScale is 4.1.
DEBUG: Camera's ClippingRange is (9.5, 23.5).
DEBUG: Camera's orientation is (28.5, -45.0, 0.0).

==================================================
153: beamptied1.inp
INFO: 282 nodes
INFO: 4 nsets
INFO: 32 elements
INFO: 1 elsets
INFO: 3 surfaces
INFO: VTK ugrid is built.
DEBUG: Camera's focal point is (0.5, 0.5, 4.0).
DEBUG: Camera's position is (10.2, 8.0, 13.7).
DEBUG: Camera's distance is 15.7.
DEBUG: Camera's ParallelScale is 4.1.
DEBUG: Camera's ClippingRange is (9.5, 23.5).
DEBUG: Camera's orientation is (28.5, -45.0, 0.0).

==================================================
154: beamptied1noadjust.inp
INFO: 282 nodes
INFO: 4 nsets
INFO: 32 elements
INFO: 1 elsets
INFO: 3 surfaces
INFO: VTK ugrid is built.
DEBUG: Camera's focal point is (0.5, 0.5, 4.0).
DEBUG: Camera's position is (10.2, 8.0, 13.7).
DEBUG: Camera's distance is 15.7.
DEBUG: Camera's ParallelScale is 4.1.
DEBUG: Camera's ClippingRange is (9.5, 23.5).
DEBUG: Camera's orientation is (28.5, -45.0, 0.0).

==================================================
155: beamptied2.inp
INFO: 282 nodes
INFO: 4 nsets
INFO: 32 elements
INFO: 1 elsets
INFO: 3 surfaces
INFO: VTK ugrid is built.
DEBUG: Camera's focal point is (0.5, 0.5, 4.0).
DEBUG: Camera's position is (10.2, 8.0, 13.7).
DEBUG: Camera's distance is 15.7.
DEBUG: Camera's ParallelScale is 4.1.
DEBUG: Camera's ClippingRange is (9.5, 23.5).
DEBUG: Camera's orientation is (28.5, -45.0, 0.0).

==================================================
156: beamptied3.inp
INFO: 282 nodes
INFO: 5 nsets
INFO: 32 elements
INFO: 1 elsets
INFO: 3 surfaces
INFO: VTK ugrid is built.
DEBUG: Camera's focal point is (0.5, 0.5, 4.0).
DEBUG: Camera's position is (10.2, 8.0, 13.7).
DEBUG: Camera's distance is 15.7.
DEBUG: Camera's ParallelScale is 4.1.
DEBUG: Camera's ClippingRange is (9.5, 23.5).
DEBUG: Camera's orientation is (28.5, -45.0, 0.0).

==================================================
157: beamptied4.inp
INFO: 282 nodes
INFO: 5 nsets
INFO: 32 elements
INFO: 1 elsets
INFO: 3 surfaces
INFO: VTK ugrid is built.
DEBUG: Camera's focal point is (0.5, 0.5, 4.0).
DEBUG: Camera's position is (10.2, 8.0, 13.7).
DEBUG: Camera's distance is 15.7.
DEBUG: Camera's ParallelScale is 4.1.
DEBUG: Camera's ClippingRange is (9.5, 23.5).
DEBUG: Camera's orientation is (28.5, -45.0, 0.0).

==================================================
158: beamptied5.inp
INFO: 282 nodes
INFO: 5 nsets
INFO: 32 elements
INFO: 1 elsets
INFO: 3 surfaces
INFO: VTK ugrid is built.
DEBUG: Camera's focal point is (0.5, 0.5, 4.0).
DEBUG: Camera's position is (10.2, 8.0, 13.7).
DEBUG: Camera's distance is 15.7.
DEBUG: Camera's ParallelScale is 4.1.
DEBUG: Camera's ClippingRange is (9.5, 23.5).
DEBUG: Camera's orientation is (28.5, -45.0, 0.0).

==================================================
159: beamptied6.inp
INFO: 282 nodes
INFO: 5 nsets
INFO: 32 elements
INFO: 1 elsets
INFO: 3 surfaces
INFO: VTK ugrid is built.
DEBUG: Camera's focal point is (0.5, 0.5, 4.0).
DEBUG: Camera's position is (10.2, 8.0, 13.7).
DEBUG: Camera's distance is 15.7.
DEBUG: Camera's ParallelScale is 4.1.
DEBUG: Camera's ClippingRange is (9.5, 23.5).
DEBUG: Camera's orientation is (28.5, -45.0, 0.0).

==================================================
160: beamptied7.inp
INFO: 282 nodes
INFO: 5 nsets
INFO: 32 elements
INFO: 1 elsets
INFO: 3 surfaces
INFO: VTK ugrid is built.
DEBUG: Camera's focal point is (0.5, 0.5, 4.0).
DEBUG: Camera's position is (10.2, 8.0, 13.7).
DEBUG: Camera's distance is 15.7.
DEBUG: Camera's ParallelScale is 4.1.
DEBUG: Camera's ClippingRange is (9.5, 23.5).
DEBUG: Camera's orientation is (28.5, -45.0, 0.0).

==================================================
161: beamptrans.inp
INFO: 261 nodes
INFO: 3 nsets
INFO: 32 elements
INFO: 1 elsets
INFO: 0 surfaces
INFO: VTK ugrid is built.
DEBUG: Camera's focal point is (0.5, 0.5, 4.0).
DEBUG: Camera's position is (10.2, 8.0, 13.7).
DEBUG: Camera's distance is 15.7.
DEBUG: Camera's ParallelScale is 4.1.
DEBUG: Camera's ClippingRange is (9.5, 23.5).
DEBUG: Camera's orientation is (28.5, -45.0, 0.0).

==================================================
162: beamrb.inp
INFO: 263 nodes
INFO: 3 nsets
INFO: 32 elements
INFO: 2 elsets
INFO: 0 surfaces
INFO: VTK ugrid is built.
DEBUG: Camera's focal point is (0.5, 0.5, 4.0).
DEBUG: Camera's position is (10.2, 8.0, 13.7).
DEBUG: Camera's distance is 15.7.
DEBUG: Camera's ParallelScale is 4.1.
DEBUG: Camera's ClippingRange is (9.5, 23.5).
DEBUG: Camera's orientation is (28.5, -45.0, 0.0).

==================================================
163: beamread.inp
INFO: 0 nodes
INFO: 0 nsets
INFO: 0 elements
INFO: 0 elsets
INFO: 0 surfaces
INFO: VTK ugrid is built.
DEBUG: Camera's focal point is (0.0, 0.0, 0.0).
DEBUG: Camera's position is (4156910.7, 3197623.6, 4156910.7).
DEBUG: Camera's distance is 6692130.4.
DEBUG: Camera's ParallelScale is 1732050.8.
DEBUG: Camera's ClippingRange is (3202117.5, 11101479.5).
DEBUG: Camera's orientation is (28.5, -45.0, 0.0).

==================================================
164: beamread2.inp
INFO: 0 nodes
INFO: 0 nsets
INFO: 0 elements
INFO: 0 elsets
INFO: 0 surfaces
INFO: VTK ugrid is built.
DEBUG: Camera's focal point is (0.0, 0.0, 0.0).
DEBUG: Camera's position is (4156910.7, 3197623.6, 4156910.7).
DEBUG: Camera's distance is 6692130.4.
DEBUG: Camera's ParallelScale is 1732050.8.
DEBUG: Camera's ClippingRange is (3202117.5, 11101479.5).
DEBUG: Camera's orientation is (28.5, -45.0, 0.0).

==================================================
165: beamread3.inp
INFO: 0 nodes
INFO: 0 nsets
INFO: 0 elements
INFO: 0 elsets
INFO: 0 surfaces
INFO: VTK ugrid is built.
DEBUG: Camera's focal point is (0.0, 0.0, 0.0).
DEBUG: Camera's position is (4156910.7, 3197623.6, 4156910.7).
DEBUG: Camera's distance is 6692130.4.
DEBUG: Camera's ParallelScale is 1732050.8.
DEBUG: Camera's ClippingRange is (3202117.5, 11101479.5).
DEBUG: Camera's orientation is (28.5, -45.0, 0.0).

==================================================
166: beamstraight.inp
INFO: 261 nodes
INFO: 2 nsets
INFO: 32 elements
INFO: 2 elsets
INFO: 0 surfaces
INFO: VTK ugrid is built.
DEBUG: Camera's focal point is (0.5, 0.5, 4.0).
DEBUG: Camera's position is (10.2, 8.0, 13.7).
DEBUG: Camera's distance is 15.7.
DEBUG: Camera's ParallelScale is 4.1.
DEBUG: Camera's ClippingRange is (9.5, 23.5).
DEBUG: Camera's orientation is (28.5, -45.0, 0.0).

==================================================
167: beamt.inp
INFO: 261 nodes
INFO: 2 nsets
INFO: 32 elements
INFO: 2 elsets
INFO: 0 surfaces
INFO: VTK ugrid is built.
DEBUG: Camera's focal point is (0.5, 0.5, 4.0).
DEBUG: Camera's position is (10.2, 8.0, 13.7).
DEBUG: Camera's distance is 15.7.
DEBUG: Camera's ParallelScale is 4.1.
DEBUG: Camera's ClippingRange is (9.5, 23.5).
DEBUG: Camera's orientation is (28.5, -45.0, 0.0).

==================================================
168: beamt2.inp
INFO: 261 nodes
INFO: 2 nsets
INFO: 32 elements
INFO: 4 elsets
INFO: 0 surfaces
INFO: VTK ugrid is built.
DEBUG: Camera's focal point is (0.5, 0.5, 4.0).
DEBUG: Camera's position is (10.2, 8.0, 13.7).
DEBUG: Camera's distance is 15.7.
DEBUG: Camera's ParallelScale is 4.1.
DEBUG: Camera's ClippingRange is (9.5, 23.5).
DEBUG: Camera's orientation is (28.5, -45.0, 0.0).

==================================================
169: beamt3.inp
INFO: 261 nodes
INFO: 12 nsets
INFO: 32 elements
INFO: 2 elsets
INFO: 0 surfaces
INFO: VTK ugrid is built.
DEBUG: Camera's focal point is (0.5, 0.5, 4.0).
DEBUG: Camera's position is (10.2, 8.0, 13.7).
DEBUG: Camera's distance is 15.7.
DEBUG: Camera's ParallelScale is 4.1.
DEBUG: Camera's ClippingRange is (9.5, 23.5).
DEBUG: Camera's orientation is (28.5, -45.0, 0.0).

==================================================
170: beamt4.inp
INFO: 261 nodes
INFO: 7 nsets
INFO: 32 elements
INFO: 2 elsets
INFO: 0 surfaces
INFO: VTK ugrid is built.
DEBUG: Camera's focal point is (0.5, 0.5, 4.0).
DEBUG: Camera's position is (10.2, 8.0, 13.7).
DEBUG: Camera's distance is 15.7.
DEBUG: Camera's ParallelScale is 4.1.
DEBUG: Camera's ClippingRange is (9.5, 23.5).
DEBUG: Camera's orientation is (28.5, -45.0, 0.0).

==================================================
171: beamt6.inp
INFO: 261 nodes
INFO: 3 nsets
INFO: 32 elements
INFO: 1 elsets
INFO: 0 surfaces
INFO: VTK ugrid is built.
DEBUG: Camera's focal point is (0.5, 0.5, 4.0).
DEBUG: Camera's position is (10.2, 8.0, 13.7).
DEBUG: Camera's distance is 15.7.
DEBUG: Camera's ParallelScale is 4.1.
DEBUG: Camera's ClippingRange is (9.5, 23.5).
DEBUG: Camera's orientation is (28.5, -45.0, 0.0).

==================================================
172: beamth.inp
INFO: 262 nodes
INFO: 3 nsets
INFO: 32 elements
INFO: 2 elsets
INFO: 0 surfaces
INFO: VTK ugrid is built.
DEBUG: Camera's focal point is (0.5, 0.5, 4.0).
DEBUG: Camera's position is (10.2, 8.0, 13.7).
DEBUG: Camera's distance is 15.7.
DEBUG: Camera's ParallelScale is 4.1.
DEBUG: Camera's ClippingRange is (9.5, 23.5).
DEBUG: Camera's orientation is (28.5, -45.0, 0.0).

==================================================
173: beamtor.inp
INFO: 5 nodes
INFO: 1 nsets
INFO: 2 elements
INFO: 1 elsets
INFO: 0 surfaces
INFO: VTK ugrid is built.
DEBUG: Camera's focal point is (1.0, 0.0, 0.0).
DEBUG: Camera's position is (3.4, 1.8, 2.4).
DEBUG: Camera's distance is 3.9.
DEBUG: Camera's ParallelScale is 1.0.
DEBUG: Camera's ClippingRange is (2.6, 5.5).
DEBUG: Camera's orientation is (28.5, -45.0, 0.0).

==================================================
174: beamu.inp
INFO: 261 nodes
INFO: 6 nsets
INFO: 32 elements
INFO: 1 elsets
INFO: 0 surfaces
INFO: VTK ugrid is built.
DEBUG: Camera's focal point is (0.5, 0.5, 4.0).
DEBUG: Camera's position is (10.2, 8.0, 13.7).
DEBUG: Camera's distance is 15.7.
DEBUG: Camera's ParallelScale is 4.1.
DEBUG: Camera's ClippingRange is (9.5, 23.5).
DEBUG: Camera's orientation is (28.5, -45.0, 0.0).

==================================================
175: beamuamp.inp
INFO: 261 nodes
INFO: 3 nsets
INFO: 32 elements
INFO: 1 elsets
INFO: 0 surfaces
INFO: VTK ugrid is built.
DEBUG: Camera's focal point is (0.5, 0.5, 4.0).
DEBUG: Camera's position is (10.2, 8.0, 13.7).
DEBUG: Camera's distance is 15.7.
DEBUG: Camera's ParallelScale is 4.1.
DEBUG: Camera's ClippingRange is (9.5, 23.5).
DEBUG: Camera's orientation is (28.5, -45.0, 0.0).

==================================================
176: beamwrite.inp
INFO: 261 nodes
INFO: 2 nsets
INFO: 32 elements
INFO: 1 elsets
INFO: 0 surfaces
INFO: VTK ugrid is built.
DEBUG: Camera's focal point is (0.5, 0.5, 4.0).
DEBUG: Camera's position is (10.2, 8.0, 13.7).
DEBUG: Camera's distance is 15.7.
DEBUG: Camera's ParallelScale is 4.1.
DEBUG: Camera's ClippingRange is (9.5, 23.5).
DEBUG: Camera's orientation is (28.5, -45.0, 0.0).

==================================================
177: beamwrite2.inp
INFO: 261 nodes
INFO: 2 nsets
INFO: 32 elements
INFO: 1 elsets
INFO: 0 surfaces
INFO: VTK ugrid is built.
DEBUG: Camera's focal point is (0.5, 0.5, 4.0).
DEBUG: Camera's position is (10.2, 8.0, 13.7).
DEBUG: Camera's distance is 15.7.
DEBUG: Camera's ParallelScale is 4.1.
DEBUG: Camera's ClippingRange is (9.5, 23.5).
DEBUG: Camera's orientation is (28.5, -45.0, 0.0).

==================================================
178: beamwrite3.inp
INFO: 261 nodes
INFO: 2 nsets
INFO: 32 elements
INFO: 1 elsets
INFO: 0 surfaces
INFO: VTK ugrid is built.
DEBUG: Camera's focal point is (0.5, 0.5, 4.0).
DEBUG: Camera's position is (10.2, 8.0, 13.7).
DEBUG: Camera's distance is 15.7.
DEBUG: Camera's ParallelScale is 4.1.
DEBUG: Camera's ClippingRange is (9.5, 23.5).
DEBUG: Camera's orientation is (28.5, -45.0, 0.0).

==================================================
179: beam_sens_freq_coord1.inp
INFO: 261 nodes
INFO: 2 nsets
INFO: 32 elements
INFO: 2 elsets
INFO: 0 surfaces
INFO: VTK ugrid is built.
DEBUG: Camera's focal point is (0.5, 0.8, 4.0).
DEBUG: Camera's position is (10.3, 8.3, 13.8).
DEBUG: Camera's distance is 15.8.
DEBUG: Camera's ParallelScale is 4.1.
DEBUG: Camera's ClippingRange is (9.4, 24.0).
DEBUG: Camera's orientation is (28.5, -45.0, 0.0).

==================================================
180: beam_sens_freq_coord3.inp
INFO: 270 nodes
INFO: 2 nsets
INFO: 32 elements
INFO: 1 elsets
INFO: 0 surfaces
INFO: VTK ugrid is built.
DEBUG: Camera's focal point is (0.5, 0.5, 4.0).
DEBUG: Camera's position is (10.2, 8.0, 13.7).
DEBUG: Camera's distance is 15.7.
DEBUG: Camera's ParallelScale is 4.1.
DEBUG: Camera's ClippingRange is (9.5, 23.5).
DEBUG: Camera's orientation is (28.5, -45.0, 0.0).

==================================================
181: beam_sens_stress_coord1.inp
INFO: 261 nodes
INFO: 2 nsets
INFO: 32 elements
INFO: 2 elsets
INFO: 0 surfaces
INFO: VTK ugrid is built.
DEBUG: Camera's focal point is (0.5, 0.8, 4.0).
DEBUG: Camera's position is (10.3, 8.3, 13.8).
DEBUG: Camera's distance is 15.8.
DEBUG: Camera's ParallelScale is 4.1.
DEBUG: Camera's ClippingRange is (9.4, 24.0).
DEBUG: Camera's orientation is (28.5, -45.0, 0.0).

==================================================
182: beam_sens_stress_coord2.inp
INFO: 261 nodes
INFO: 2 nsets
INFO: 32 elements
INFO: 2 elsets
INFO: 0 surfaces
INFO: VTK ugrid is built.
DEBUG: Camera's focal point is (0.5, 0.8, 4.0).
DEBUG: Camera's position is (10.3, 8.3, 13.8).
DEBUG: Camera's distance is 15.8.
DEBUG: Camera's ParallelScale is 4.1.
DEBUG: Camera's ClippingRange is (9.4, 24.0).
DEBUG: Camera's orientation is (28.5, -45.0, 0.0).

==================================================
183: bifur.inp
INFO: 13 nodes
INFO: 1 nsets
INFO: 8 elements
INFO: 2 elsets
INFO: 0 surfaces
INFO: VTK ugrid is built.
DEBUG: Camera's focal point is (1.0, 0.0, 0.0).
DEBUG: Camera's position is (5.3, 3.3, 4.3).
DEBUG: Camera's distance is 7.0.
DEBUG: Camera's ParallelScale is 1.8.
DEBUG: Camera's ClippingRange is (4.1, 10.6).
DEBUG: Camera's orientation is (28.5, -45.0, 0.0).

==================================================
184: bolt.inp
INFO: 1203 nodes
INFO: 2 nsets
INFO: 352 elements
INFO: 3 elsets
INFO: 6 surfaces
INFO: VTK ugrid is built.
DEBUG: Camera's focal point is (351.5, 340.0, 0.0).
DEBUG: Camera's position is (387.2, 367.5, 35.7).
DEBUG: Camera's distance is 57.5.
DEBUG: Camera's ParallelScale is 14.9.
DEBUG: Camera's ClippingRange is (34.3, 86.8).
DEBUG: Camera's orientation is (28.5, -45.0, 0.0).

==================================================
185: boxprofile.inp
INFO: 11 nodes
INFO: 1 nsets
INFO: 5 elements
INFO: 1 elsets
INFO: 0 surfaces
INFO: VTK ugrid is built.
DEBUG: Camera's focal point is (0.0, 0.0, 500.0).
DEBUG: Camera's position is (1200.0, 923.1, 1700.0).
DEBUG: Camera's distance is 1931.9.
DEBUG: Camera's ParallelScale is 500.0.
DEBUG: Camera's ClippingRange is (1294.5, 2738.8).
DEBUG: Camera's orientation is (28.5, -45.0, 0.0).

==================================================
186: boxprofile2.inp
INFO: 11 nodes
INFO: 1 nsets
INFO: 5 elements
INFO: 1 elsets
INFO: 0 surfaces
INFO: VTK ugrid is built.
DEBUG: Camera's focal point is (0.0, 0.0, 500.0).
DEBUG: Camera's position is (1200.0, 923.1, 1700.0).
DEBUG: Camera's distance is 1931.9.
DEBUG: Camera's ParallelScale is 500.0.
DEBUG: Camera's ClippingRange is (1294.5, 2738.8).
DEBUG: Camera's orientation is (28.5, -45.0, 0.0).

==================================================
187: branch1.inp
INFO: 10 nodes
INFO: 1 nsets
INFO: 6 elements
INFO: 1 elsets
INFO: 0 surfaces
INFO: VTK ugrid is built.
DEBUG: Camera's focal point is (3.0, 0.0, 0.0).
DEBUG: Camera's position is (11.7, 6.7, 8.7).
DEBUG: Camera's distance is 13.9.
DEBUG: Camera's ParallelScale is 3.6.
DEBUG: Camera's ClippingRange is (8.2, 21.2).
DEBUG: Camera's orientation is (28.5, -45.0, 0.0).

==================================================
188: branch2.inp
INFO: 8 nodes
INFO: 1 nsets
INFO: 5 elements
INFO: 1 elsets
INFO: 0 surfaces
INFO: VTK ugrid is built.
DEBUG: Camera's focal point is (2.0, 0.0, 0.0).
DEBUG: Camera's position is (8.8, 5.2, 6.8).
DEBUG: Camera's distance is 10.9.
DEBUG: Camera's ParallelScale is 2.8.
DEBUG: Camera's ClippingRange is (6.4, 16.6).
DEBUG: Camera's orientation is (28.5, -45.0, 0.0).

==================================================
189: branchjoint1.inp
INFO: 14 nodes
INFO: 1 nsets
INFO: 8 elements
INFO: 4 elsets
INFO: 0 surfaces
INFO: VTK ugrid is built.
DEBUG: Camera's focal point is (5.0, 0.0, 0.0).
DEBUG: Camera's position is (15.7, 8.3, 10.7).
DEBUG: Camera's distance is 17.3.
DEBUG: Camera's ParallelScale is 4.5.
DEBUG: Camera's ClippingRange is (10.3, 26.2).
DEBUG: Camera's orientation is (28.5, -45.0, 0.0).

==================================================
190: branchjoint2.inp
INFO: 14 nodes
INFO: 1 nsets
INFO: 8 elements
INFO: 4 elsets
INFO: 0 surfaces
INFO: VTK ugrid is built.
DEBUG: Camera's focal point is (5.0, 0.0, 0.0).
DEBUG: Camera's position is (15.7, 8.3, 10.7).
DEBUG: Camera's distance is 17.3.
DEBUG: Camera's ParallelScale is 4.5.
DEBUG: Camera's ClippingRange is (10.3, 26.2).
DEBUG: Camera's orientation is (28.5, -45.0, 0.0).

==================================================
191: branchjoint3.inp
INFO: 14 nodes
INFO: 1 nsets
INFO: 8 elements
INFO: 4 elsets
INFO: 0 surfaces
INFO: VTK ugrid is built.
DEBUG: Camera's focal point is (5.0, 0.0, 0.0).
DEBUG: Camera's position is (15.7, 8.3, 10.7).
DEBUG: Camera's distance is 17.3.
DEBUG: Camera's ParallelScale is 4.5.
DEBUG: Camera's ClippingRange is (10.3, 26.2).
DEBUG: Camera's orientation is (28.5, -45.0, 0.0).

==================================================
192: branchjoint4.inp
INFO: 14 nodes
INFO: 1 nsets
INFO: 8 elements
INFO: 4 elsets
INFO: 0 surfaces
INFO: VTK ugrid is built.
DEBUG: Camera's focal point is (5.0, 0.0, 0.0).
DEBUG: Camera's position is (15.7, 8.3, 10.7).
DEBUG: Camera's distance is 17.3.
DEBUG: Camera's ParallelScale is 4.5.
DEBUG: Camera's ClippingRange is (10.3, 26.2).
DEBUG: Camera's orientation is (28.5, -45.0, 0.0).

==================================================
193: branchsplit1.inp
INFO: 14 nodes
INFO: 1 nsets
INFO: 8 elements
INFO: 4 elsets
INFO: 0 surfaces
INFO: VTK ugrid is built.
DEBUG: Camera's focal point is (5.0, 0.0, 0.0).
DEBUG: Camera's position is (15.7, 8.3, 10.7).
DEBUG: Camera's distance is 17.3.
DEBUG: Camera's ParallelScale is 4.5.
DEBUG: Camera's ClippingRange is (10.3, 26.2).
DEBUG: Camera's orientation is (28.5, -45.0, 0.0).

==================================================
194: branchsplit2.inp
INFO: 14 nodes
INFO: 1 nsets
INFO: 8 elements
INFO: 4 elsets
INFO: 0 surfaces
INFO: VTK ugrid is built.
DEBUG: Camera's focal point is (5.0, 0.0, 0.0).
DEBUG: Camera's position is (15.7, 8.3, 10.7).
DEBUG: Camera's distance is 17.3.
DEBUG: Camera's ParallelScale is 4.5.
DEBUG: Camera's ClippingRange is (10.3, 26.2).
DEBUG: Camera's orientation is (28.5, -45.0, 0.0).

==================================================
195: branchsplit3.inp
INFO: 14 nodes
INFO: 1 nsets
INFO: 8 elements
INFO: 4 elsets
INFO: 0 surfaces
INFO: VTK ugrid is built.
DEBUG: Camera's focal point is (5.0, 0.0, 0.0).
DEBUG: Camera's position is (15.7, 8.3, 10.7).
DEBUG: Camera's distance is 17.3.
DEBUG: Camera's ParallelScale is 4.5.
DEBUG: Camera's ClippingRange is (10.3, 26.2).
DEBUG: Camera's orientation is (28.5, -45.0, 0.0).

==================================================
196: c3d15.inp
INFO: 127 nodes
INFO: 1 nsets
INFO: 24 elements
INFO: 2 elsets
INFO: 0 surfaces
INFO: VTK ugrid is built.
DEBUG: Camera's focal point is (0.5, 0.5, 0.8).
DEBUG: Camera's position is (3.0, 2.4, 3.2).
DEBUG: Camera's distance is 4.0.
DEBUG: Camera's ParallelScale is 1.0.
DEBUG: Camera's ClippingRange is (1.9, 6.6).
DEBUG: Camera's orientation is (28.5, -45.0, 0.0).

==================================================
197: capacitor.inp
INFO: 108 nodes
INFO: 3 nsets
INFO: 10 elements
INFO: 1 elsets
INFO: 1 surfaces
INFO: VTK ugrid is built.
DEBUG: Camera's focal point is (5.0, 1.5, 0.0).
DEBUG: Camera's position is (17.1, 10.8, 12.1).
DEBUG: Camera's distance is 19.4.
DEBUG: Camera's ParallelScale is 5.0.
DEBUG: Camera's ClippingRange is (12.5, 28.1).
DEBUG: Camera's orientation is (28.5, -45.0, 0.0).

==================================================
198: carbonseal.inp
INFO: 5 nodes
INFO: 1 nsets
INFO: 3 elements
INFO: 1 elsets
INFO: 0 surfaces
INFO: VTK ugrid is built.
DEBUG: Camera's focal point is (3.0, 0.0, 0.0).
DEBUG: Camera's position is (7.8, 3.7, 4.8).
DEBUG: Camera's distance is 7.7.
DEBUG: Camera's ParallelScale is 2.0.
DEBUG: Camera's ClippingRange is (5.2, 11.0).
DEBUG: Camera's orientation is (28.5, -45.0, 0.0).

==================================================
199: centheat1.inp
INFO: 29 nodes
INFO: 1 nsets
INFO: 15 elements
INFO: 8 elsets
INFO: 0 surfaces
INFO: VTK ugrid is built.
DEBUG: Camera's focal point is (0.0, 3.0, 0.0).
DEBUG: Camera's position is (25.1, 22.3, 25.1).
DEBUG: Camera's distance is 40.3.
DEBUG: Camera's ParallelScale is 10.4.
DEBUG: Camera's ClippingRange is (24.7, 60.1).
DEBUG: Camera's orientation is (28.5, -45.0, 0.0).

==================================================
200: changefric.inp
INFO: 16 nodes
INFO: 3 nsets
INFO: 2 elements
INFO: 3 elsets
INFO: 2 surfaces
INFO: VTK ugrid is built.
DEBUG: Camera's focal point is (0.5, 0.5, 0.6).
DEBUG: Camera's position is (2.7, 2.2, 2.8).
DEBUG: Camera's distance is 3.6.
DEBUG: Camera's ParallelScale is 0.9.
DEBUG: Camera's ClippingRange is (1.7, 5.9).
DEBUG: Camera's orientation is (28.5, -45.0, 0.0).

==================================================
201: changesolidsection.inp
INFO: 261 nodes
INFO: 3 nsets
INFO: 32 elements
INFO: 1 elsets
INFO: 0 surfaces
INFO: VTK ugrid is built.
DEBUG: Camera's focal point is (0.5, 0.5, 4.0).
DEBUG: Camera's position is (10.2, 8.0, 13.7).
DEBUG: Camera's distance is 15.7.
DEBUG: Camera's ParallelScale is 4.1.
DEBUG: Camera's ClippingRange is (9.5, 23.5).
DEBUG: Camera's orientation is (28.5, -45.0, 0.0).

==================================================
202: changesurfbeh.inp
INFO: 16 nodes
INFO: 3 nsets
INFO: 2 elements
INFO: 3 elsets
INFO: 2 surfaces
INFO: VTK ugrid is built.
DEBUG: Camera's focal point is (0.5, 0.5, 0.6).
DEBUG: Camera's position is (2.7, 2.2, 2.8).
DEBUG: Camera's distance is 3.6.
DEBUG: Camera's ParallelScale is 0.9.
DEBUG: Camera's ClippingRange is (1.7, 5.9).
DEBUG: Camera's orientation is (28.5, -45.0, 0.0).

==================================================
203: channel1.inp
INFO: 11 nodes
INFO: 1 nsets
INFO: 6 elements
INFO: 6 elsets
INFO: 0 surfaces
INFO: VTK ugrid is built.
DEBUG: Camera's focal point is (5.0, 0.0, 0.0).
DEBUG: Camera's position is (17.0, 9.2, 12.0).
DEBUG: Camera's distance is 19.3.
DEBUG: Camera's ParallelScale is 5.0.
DEBUG: Camera's ClippingRange is (12.9, 27.4).
DEBUG: Camera's orientation is (28.5, -45.0, 0.0).

==================================================
204: channel10.inp
INFO: 19 nodes
INFO: 1 nsets
INFO: 10 elements
INFO: 10 elsets
INFO: 0 surfaces
INFO: VTK ugrid is built.
DEBUG: Camera's focal point is (9.0, 0.0, 0.0).
DEBUG: Camera's position is (30.6, 16.6, 21.6).
DEBUG: Camera's distance is 34.8.
DEBUG: Camera's ParallelScale is 9.0.
DEBUG: Camera's ClippingRange is (23.3, 49.3).
DEBUG: Camera's orientation is (28.5, -45.0, 0.0).

==================================================
205: channel11.inp
INFO: 19 nodes
INFO: 1 nsets
INFO: 10 elements
INFO: 10 elsets
INFO: 0 surfaces
INFO: VTK ugrid is built.
DEBUG: Camera's focal point is (9.0, 0.0, 0.0).
DEBUG: Camera's position is (30.6, 16.6, 21.6).
DEBUG: Camera's distance is 34.8.
DEBUG: Camera's ParallelScale is 9.0.
DEBUG: Camera's ClippingRange is (23.3, 49.3).
DEBUG: Camera's orientation is (28.5, -45.0, 0.0).

==================================================
206: channel12.inp
INFO: 19 nodes
INFO: 1 nsets
INFO: 10 elements
INFO: 10 elsets
INFO: 0 surfaces
INFO: VTK ugrid is built.
DEBUG: Camera's focal point is (9.0, 0.0, 0.0).
DEBUG: Camera's position is (30.6, 16.6, 21.6).
DEBUG: Camera's distance is 34.8.
DEBUG: Camera's ParallelScale is 9.0.
DEBUG: Camera's ClippingRange is (23.3, 49.3).
DEBUG: Camera's orientation is (28.5, -45.0, 0.0).

==================================================
207: channel2.inp
INFO: 11 nodes
INFO: 1 nsets
INFO: 6 elements
INFO: 6 elsets
INFO: 0 surfaces
INFO: VTK ugrid is built.
DEBUG: Camera's focal point is (5.0, 0.0, 0.0).
DEBUG: Camera's position is (17.0, 9.2, 12.0).
DEBUG: Camera's distance is 19.3.
DEBUG: Camera's ParallelScale is 5.0.
DEBUG: Camera's ClippingRange is (12.9, 27.4).
DEBUG: Camera's orientation is (28.5, -45.0, 0.0).

==================================================
208: channel3.inp
INFO: 11 nodes
INFO: 1 nsets
INFO: 6 elements
INFO: 6 elsets
INFO: 0 surfaces
INFO: VTK ugrid is built.
DEBUG: Camera's focal point is (5.0, 0.0, 0.0).
DEBUG: Camera's position is (17.0, 9.2, 12.0).
DEBUG: Camera's distance is 19.3.
DEBUG: Camera's ParallelScale is 5.0.
DEBUG: Camera's ClippingRange is (12.9, 27.4).
DEBUG: Camera's orientation is (28.5, -45.0, 0.0).

==================================================
209: channel4.inp
INFO: 11 nodes
INFO: 1 nsets
INFO: 6 elements
INFO: 6 elsets
INFO: 0 surfaces
INFO: VTK ugrid is built.
DEBUG: Camera's focal point is (5.0, 0.0, 0.0).
DEBUG: Camera's position is (17.0, 9.2, 12.0).
DEBUG: Camera's distance is 19.3.
DEBUG: Camera's ParallelScale is 5.0.
DEBUG: Camera's ClippingRange is (12.9, 27.4).
DEBUG: Camera's orientation is (28.5, -45.0, 0.0).

==================================================
210: channel5.inp
INFO: 11 nodes
INFO: 1 nsets
INFO: 6 elements
INFO: 6 elsets
INFO: 0 surfaces
INFO: VTK ugrid is built.
DEBUG: Camera's focal point is (5.0, 0.0, 0.0).
DEBUG: Camera's position is (17.0, 9.2, 12.0).
DEBUG: Camera's distance is 19.3.
DEBUG: Camera's ParallelScale is 5.0.
DEBUG: Camera's ClippingRange is (12.9, 27.4).
DEBUG: Camera's orientation is (28.5, -45.0, 0.0).

==================================================
211: channel6.inp
INFO: 55 nodes
INFO: 1 nsets
INFO: 27 elements
INFO: 9 elsets
INFO: 0 surfaces
INFO: VTK ugrid is built.
DEBUG: Camera's focal point is (29.9, 0.0, 0.0).
DEBUG: Camera's position is (102.3, 55.7, 72.4).
DEBUG: Camera's distance is 116.5.
DEBUG: Camera's ParallelScale is 30.2.
DEBUG: Camera's ClippingRange is (78.1, 165.2).
DEBUG: Camera's orientation is (28.5, -45.0, 0.0).

==================================================
212: channel7.inp
INFO: 11 nodes
INFO: 1 nsets
INFO: 6 elements
INFO: 6 elsets
INFO: 0 surfaces
INFO: VTK ugrid is built.
DEBUG: Camera's focal point is (5.0, 0.0, 0.0).
DEBUG: Camera's position is (17.0, 9.2, 12.0).
DEBUG: Camera's distance is 19.3.
DEBUG: Camera's ParallelScale is 5.0.
DEBUG: Camera's ClippingRange is (12.9, 27.4).
DEBUG: Camera's orientation is (28.5, -45.0, 0.0).

==================================================
213: channel9.inp
INFO: 19 nodes
INFO: 1 nsets
INFO: 10 elements
INFO: 10 elsets
INFO: 0 surfaces
INFO: VTK ugrid is built.
DEBUG: Camera's focal point is (9.0, 0.0, 0.0).
DEBUG: Camera's position is (30.6, 16.6, 21.6).
DEBUG: Camera's distance is 34.8.
DEBUG: Camera's ParallelScale is 9.0.
DEBUG: Camera's ClippingRange is (23.3, 49.3).
DEBUG: Camera's orientation is (28.5, -45.0, 0.0).

==================================================
214: characteristic.inp
INFO: 7 nodes
INFO: 1 nsets
INFO: 4 elements
INFO: 1 elsets
INFO: 0 surfaces
INFO: VTK ugrid is built.
DEBUG: Camera's focal point is (4.0, 0.0, 0.0).
DEBUG: Camera's position is (11.2, 5.5, 7.2).
DEBUG: Camera's distance is 11.6.
DEBUG: Camera's ParallelScale is 3.0.
DEBUG: Camera's ClippingRange is (7.8, 16.4).
DEBUG: Camera's orientation is (28.5, -45.0, 0.0).

==================================================
215: circ10p.inp
INFO: 90 nodes
INFO: 3 nsets
INFO: 31 elements
INFO: 1 elsets
INFO: 1 surfaces
INFO: VTK ugrid is built.
DEBUG: Camera's focal point is (0.5, -0.6, 4.0).
DEBUG: Camera's position is (10.9, 7.4, 14.4).
DEBUG: Camera's distance is 16.7.
DEBUG: Camera's ParallelScale is 4.3.
DEBUG: Camera's ClippingRange is (9.5, 25.9).
DEBUG: Camera's orientation is (28.5, -45.0, 0.0).

==================================================
216: circ10pfin.inp
INFO: 3190 nodes
INFO: 2 nsets
INFO: 1849 elements
INFO: 1 elsets
INFO: 1 surfaces
INFO: VTK ugrid is built.
DEBUG: Camera's focal point is (0.5, -0.6, 4.0).
DEBUG: Camera's position is (10.9, 7.4, 14.4).
DEBUG: Camera's distance is 16.7.
DEBUG: Camera's ParallelScale is 4.3.
DEBUG: Camera's ClippingRange is (9.5, 25.9).
DEBUG: Camera's orientation is (28.5, -45.0, 0.0).

==================================================
217: concretebeam.inp
INFO: 53 nodes
INFO: 3 nsets
INFO: 10 elements
INFO: 1 elsets
INFO: 0 surfaces
INFO: VTK ugrid is built.
DEBUG: Camera's focal point is (5.0, 0.5, 0.0).
DEBUG: Camera's position is (17.1, 9.8, 12.1).
DEBUG: Camera's distance is 19.4.
DEBUG: Camera's ParallelScale is 5.0.
DEBUG: Camera's ClippingRange is (12.6, 28.1).
DEBUG: Camera's orientation is (28.5, -45.0, 0.0).

==================================================
218: contact1.inp
INFO: 16 nodes
INFO: 4 nsets
INFO: 2 elements
INFO: 2 elsets
INFO: 2 surfaces
INFO: VTK ugrid is built.
DEBUG: Camera's focal point is (0.5, 0.5, 0.6).
DEBUG: Camera's position is (2.7, 2.2, 2.8).
DEBUG: Camera's distance is 3.6.
DEBUG: Camera's ParallelScale is 0.9.
DEBUG: Camera's ClippingRange is (1.7, 5.9).
DEBUG: Camera's orientation is (28.5, -45.0, 0.0).

==================================================
219: contact10.inp
INFO: 40 nodes
INFO: 4 nsets
INFO: 2 elements
INFO: 1 elsets
INFO: 2 surfaces
INFO: VTK ugrid is built.
DEBUG: Camera's focal point is (0.5, 0.5, 0.8).
DEBUG: Camera's position is (3.0, 2.4, 3.2).
DEBUG: Camera's distance is 4.0.
DEBUG: Camera's ParallelScale is 1.0.
DEBUG: Camera's ClippingRange is (1.9, 6.6).
DEBUG: Camera's orientation is (28.5, -45.0, 0.0).

==================================================
220: contact11.inp
INFO: 11 nodes
INFO: 3 nsets
INFO: 2 elements
INFO: 2 elsets
INFO: 2 surfaces
INFO: VTK ugrid is built.
DEBUG: Camera's focal point is (0.5, 0.5, 0.5).
DEBUG: Camera's position is (2.6, 2.1, 2.6).
DEBUG: Camera's distance is 3.3.
DEBUG: Camera's ParallelScale is 0.9.
DEBUG: Camera's ClippingRange is (1.6, 5.6).
DEBUG: Camera's orientation is (28.5, -45.0, 0.0).

==================================================
221: contact2.inp
INFO: 522 nodes
INFO: 2 nsets
INFO: 64 elements
INFO: 1 elsets
INFO: 2 surfaces
INFO: VTK ugrid is built.
DEBUG: Camera's focal point is (0.5, 1.2, 4.0).
DEBUG: Camera's position is (10.6, 9.0, 14.1).
DEBUG: Camera's distance is 16.3.
DEBUG: Camera's ParallelScale is 4.2.
DEBUG: Camera's ClippingRange is (9.4, 25.0).
DEBUG: Camera's orientation is (28.5, -45.0, 0.0).

==================================================
222: contact3.inp
INFO: 16 nodes
INFO: 4 nsets
INFO: 2 elements
INFO: 2 elsets
INFO: 2 surfaces
INFO: VTK ugrid is built.
DEBUG: Camera's focal point is (0.5, 0.5, 0.6).
DEBUG: Camera's position is (2.7, 2.2, 2.8).
DEBUG: Camera's distance is 3.6.
DEBUG: Camera's ParallelScale is 0.9.
DEBUG: Camera's ClippingRange is (1.7, 5.9).
DEBUG: Camera's orientation is (28.5, -45.0, 0.0).

==================================================
223: contact4.inp
INFO: 40 nodes
INFO: 4 nsets
INFO: 2 elements
INFO: 1 elsets
INFO: 2 surfaces
INFO: VTK ugrid is built.
DEBUG: Camera's focal point is (0.5, 0.5, 0.8).
DEBUG: Camera's position is (3.0, 2.4, 3.2).
DEBUG: Camera's distance is 4.0.
DEBUG: Camera's ParallelScale is 1.0.
DEBUG: Camera's ClippingRange is (1.9, 6.6).
DEBUG: Camera's orientation is (28.5, -45.0, 0.0).

==================================================
224: contact5.inp
INFO: 522 nodes
INFO: 3 nsets
INFO: 64 elements
INFO: 1 elsets
INFO: 2 surfaces
INFO: VTK ugrid is built.
DEBUG: Camera's focal point is (0.5, 1.2, 4.0).
DEBUG: Camera's position is (10.6, 9.0, 14.1).
DEBUG: Camera's distance is 16.3.
DEBUG: Camera's ParallelScale is 4.2.
DEBUG: Camera's ClippingRange is (9.4, 25.0).
DEBUG: Camera's orientation is (28.5, -45.0, 0.0).

==================================================
225: contact5lin.inp
INFO: 522 nodes
INFO: 3 nsets
INFO: 64 elements
INFO: 1 elsets
INFO: 2 surfaces
INFO: VTK ugrid is built.
DEBUG: Camera's focal point is (0.5, 1.2, 4.0).
DEBUG: Camera's position is (10.6, 9.0, 14.1).
DEBUG: Camera's distance is 16.3.
DEBUG: Camera's ParallelScale is 4.2.
DEBUG: Camera's ClippingRange is (9.4, 25.0).
DEBUG: Camera's orientation is (28.5, -45.0, 0.0).

==================================================
226: contact6.inp
INFO: 16 nodes
INFO: 4 nsets
INFO: 2 elements
INFO: 2 elsets
INFO: 2 surfaces
INFO: VTK ugrid is built.
DEBUG: Camera's focal point is (0.5, 0.5, 0.6).
DEBUG: Camera's position is (2.7, 2.2, 2.8).
DEBUG: Camera's distance is 3.6.
DEBUG: Camera's ParallelScale is 0.9.
DEBUG: Camera's ClippingRange is (1.7, 5.9).
DEBUG: Camera's orientation is (28.5, -45.0, 0.0).

==================================================
227: contact7.inp
INFO: 16 nodes
INFO: 4 nsets
INFO: 2 elements
INFO: 2 elsets
INFO: 2 surfaces
INFO: VTK ugrid is built.
DEBUG: Camera's focal point is (0.5, 0.5, 0.6).
DEBUG: Camera's position is (2.7, 2.2, 2.8).
DEBUG: Camera's distance is 3.6.
DEBUG: Camera's ParallelScale is 0.9.
DEBUG: Camera's ClippingRange is (1.7, 5.9).
DEBUG: Camera's orientation is (28.5, -45.0, 0.0).

==================================================
228: contact8.inp
INFO: 16 nodes
INFO: 4 nsets
INFO: 2 elements
INFO: 2 elsets
INFO: 2 surfaces
INFO: VTK ugrid is built.
DEBUG: Camera's focal point is (0.5, 0.5, 0.6).
DEBUG: Camera's position is (2.7, 2.2, 2.9).
DEBUG: Camera's distance is 3.6.
DEBUG: Camera's ParallelScale is 0.9.
DEBUG: Camera's ClippingRange is (1.7, 6.0).
DEBUG: Camera's orientation is (28.5, -45.0, 0.0).

==================================================
229: contact9.inp
INFO: 16 nodes
INFO: 4 nsets
INFO: 2 elements
INFO: 2 elsets
INFO: 2 surfaces
INFO: VTK ugrid is built.
DEBUG: Camera's focal point is (0.5, 0.5, 0.6).
DEBUG: Camera's position is (2.7, 2.2, 2.9).
DEBUG: Camera's distance is 3.6.
DEBUG: Camera's ParallelScale is 0.9.
DEBUG: Camera's ClippingRange is (1.7, 6.0).
DEBUG: Camera's orientation is (28.5, -45.0, 0.0).

==================================================
230: contactenergy.inp
INFO: 16 nodes
INFO: 4 nsets
INFO: 2 elements
INFO: 2 elsets
INFO: 2 surfaces
INFO: VTK ugrid is built.
DEBUG: Camera's focal point is (0.5, 0.5, 0.6).
DEBUG: Camera's position is (2.7, 2.2, 2.8).
DEBUG: Camera's distance is 3.6.
DEBUG: Camera's ParallelScale is 0.9.
DEBUG: Camera's ClippingRange is (1.7, 5.9).
DEBUG: Camera's orientation is (28.5, -45.0, 0.0).

==================================================
231: contdamp2.inp
INFO: 18 nodes
INFO: 4 nsets
INFO: 3 elements
INFO: 2 elsets
INFO: 2 surfaces
INFO: VTK ugrid is built.
DEBUG: Camera's focal point is (1.0, 0.0, 0.0).
DEBUG: Camera's position is (3.4, 1.9, 2.4).
DEBUG: Camera's distance is 3.9.
DEBUG: Camera's ParallelScale is 1.0.
DEBUG: Camera's ClippingRange is (2.4, 5.8).
DEBUG: Camera's orientation is (28.5, -45.0, 0.0).

==================================================
232: cou.inp
INFO: 242 nodes
INFO: 1 nsets
INFO: 100 elements
INFO: 1 elsets
INFO: 5 surfaces
INFO: VTK ugrid is built.
DEBUG: Camera's focal point is (4.5, 0.5, 0.1).
DEBUG: Camera's position is (15.4, 8.9, 10.9).
DEBUG: Camera's distance is 17.5.
DEBUG: Camera's ParallelScale is 4.5.
DEBUG: Camera's ClippingRange is (11.2, 25.4).
DEBUG: Camera's orientation is (28.5, -45.0, 0.0).

==================================================
233: cou2d.inp
INFO: 242 nodes
INFO: 1 nsets
INFO: 100 elements
INFO: 1 elsets
INFO: 1 surfaces
INFO: VTK ugrid is built.
DEBUG: Camera's focal point is (3.0, 0.5, 0.1).
DEBUG: Camera's position is (10.3, 6.1, 7.4).
DEBUG: Camera's distance is 11.8.
DEBUG: Camera's ParallelScale is 3.0.
DEBUG: Camera's ClippingRange is (7.4, 17.3).
DEBUG: Camera's orientation is (28.5, -45.0, 0.0).

==================================================
234: coucss.inp
INFO: 242 nodes
INFO: 1 nsets
INFO: 100 elements
INFO: 1 elsets
INFO: 5 surfaces
INFO: VTK ugrid is built.
DEBUG: Camera's focal point is (4.5, 0.5, 0.1).
DEBUG: Camera's position is (15.4, 8.9, 10.9).
DEBUG: Camera's distance is 17.5.
DEBUG: Camera's ParallelScale is 4.5.
DEBUG: Camera's ClippingRange is (11.2, 25.4).
DEBUG: Camera's orientation is (28.5, -45.0, 0.0).

==================================================
235: couctr.inp
INFO: 242 nodes
INFO: 1 nsets
INFO: 100 elements
INFO: 1 elsets
INFO: 5 surfaces
INFO: VTK ugrid is built.
DEBUG: Camera's focal point is (4.5, 0.5, 0.1).
DEBUG: Camera's position is (15.4, 8.9, 10.9).
DEBUG: Camera's distance is 17.5.
DEBUG: Camera's ParallelScale is 4.5.
DEBUG: Camera's ClippingRange is (11.2, 25.4).
DEBUG: Camera's orientation is (28.5, -45.0, 0.0).

==================================================
236: couette1.inp
INFO: 84 nodes
INFO: 1 nsets
INFO: 20 elements
INFO: 2 elsets
INFO: 3 surfaces
INFO: VTK ugrid is built.
DEBUG: Camera's focal point is (0.1, 0.5, 0.1).
DEBUG: Camera's position is (1.3, 1.4, 1.3).
DEBUG: Camera's distance is 2.0.
DEBUG: Camera's ParallelScale is 0.5.
DEBUG: Camera's ClippingRange is (1.3, 2.7).
DEBUG: Camera's orientation is (28.5, -45.0, 0.0).

==================================================
237: couette2.inp
INFO: 84 nodes
INFO: 1 nsets
INFO: 20 elements
INFO: 2 elsets
INFO: 3 surfaces
INFO: VTK ugrid is built.
DEBUG: Camera's focal point is (0.1, 0.5, 0.1).
DEBUG: Camera's position is (1.3, 1.4, 1.3).
DEBUG: Camera's distance is 2.0.
DEBUG: Camera's ParallelScale is 0.5.
DEBUG: Camera's ClippingRange is (1.3, 2.7).
DEBUG: Camera's orientation is (28.5, -45.0, 0.0).

==================================================
238: couettecyl.inp
INFO: 320 nodes
INFO: 1 nsets
INFO: 128 elements
INFO: 1 elsets
INFO: 1 surfaces
INFO: VTK ugrid is built.
DEBUG: Camera's focal point is (0.0, 0.0, 0.0).
DEBUG: Camera's position is (3.4, 2.6, 3.4).
DEBUG: Camera's distance is 5.5.
DEBUG: Camera's ParallelScale is 1.4.
DEBUG: Camera's ClippingRange is (3.2, 8.4).
DEBUG: Camera's orientation is (28.5, -45.0, 0.0).

==================================================
239: couettecyl4.inp
INFO: 50 nodes
INFO: 1 nsets
INFO: 16 elements
INFO: 1 elsets
INFO: 3 surfaces
INFO: VTK ugrid is built.
DEBUG: Camera's focal point is (-0.7, 0.4, 0.0).
DEBUG: Camera's position is (0.5, 1.2, 1.2).
DEBUG: Camera's distance is 1.9.
DEBUG: Camera's ParallelScale is 0.5.
DEBUG: Camera's ClippingRange is (1.0, 2.9).
DEBUG: Camera's orientation is (28.5, -45.0, 0.0).

==================================================
240: couettecylcent.inp
INFO: 320 nodes
INFO: 1 nsets
INFO: 128 elements
INFO: 1 elsets
INFO: 1 surfaces
INFO: VTK ugrid is built.
DEBUG: Camera's focal point is (0.0, 0.0, 0.0).
DEBUG: Camera's position is (3.4, 2.6, 3.4).
DEBUG: Camera's distance is 5.5.
DEBUG: Camera's ParallelScale is 1.4.
DEBUG: Camera's ClippingRange is (3.2, 8.4).
DEBUG: Camera's orientation is (28.5, -45.0, 0.0).

==================================================
241: couettecylcomp.inp
INFO: 320 nodes
INFO: 1 nsets
INFO: 128 elements
INFO: 1 elsets
INFO: 1 surfaces
INFO: VTK ugrid is built.
DEBUG: Camera's focal point is (0.0, 0.0, 0.0).
DEBUG: Camera's position is (3.4, 2.6, 3.4).
DEBUG: Camera's distance is 5.5.
DEBUG: Camera's ParallelScale is 1.4.
DEBUG: Camera's ClippingRange is (3.2, 8.4).
DEBUG: Camera's orientation is (28.5, -45.0, 0.0).

==================================================
242: coupling1.inp
INFO: 262 nodes
INFO: 4 nsets
INFO: 32 elements
INFO: 1 elsets
INFO: 1 surfaces
INFO: VTK ugrid is built.
DEBUG: Camera's focal point is (0.5, 0.5, 4.0).
DEBUG: Camera's position is (10.2, 8.0, 13.7).
DEBUG: Camera's distance is 15.7.
DEBUG: Camera's ParallelScale is 4.1.
DEBUG: Camera's ClippingRange is (9.5, 23.5).
DEBUG: Camera's orientation is (28.5, -45.0, 0.0).

==================================================
243: coupling2.inp
INFO: 262 nodes
INFO: 4 nsets
INFO: 32 elements
INFO: 1 elsets
INFO: 1 surfaces
INFO: VTK ugrid is built.
DEBUG: Camera's focal point is (0.5, 0.5, 4.0).
DEBUG: Camera's position is (10.2, 8.0, 13.7).
DEBUG: Camera's distance is 15.7.
DEBUG: Camera's ParallelScale is 4.1.
DEBUG: Camera's ClippingRange is (9.5, 23.5).
DEBUG: Camera's orientation is (28.5, -45.0, 0.0).

==================================================
244: coupling3.inp
INFO: 262 nodes
INFO: 3 nsets
INFO: 32 elements
INFO: 1 elsets
INFO: 1 surfaces
INFO: VTK ugrid is built.
DEBUG: Camera's focal point is (0.5, 0.5, 4.0).
DEBUG: Camera's position is (10.2, 8.0, 13.7).
DEBUG: Camera's distance is 15.7.
DEBUG: Camera's ParallelScale is 4.1.
DEBUG: Camera's ClippingRange is (9.5, 23.5).
DEBUG: Camera's orientation is (28.5, -45.0, 0.0).

==================================================
245: coupling4.inp
INFO: 262 nodes
INFO: 4 nsets
INFO: 32 elements
INFO: 1 elsets
INFO: 1 surfaces
INFO: VTK ugrid is built.
DEBUG: Camera's focal point is (0.5, 0.5, 4.0).
DEBUG: Camera's position is (10.2, 8.0, 13.7).
DEBUG: Camera's distance is 15.7.
DEBUG: Camera's ParallelScale is 4.1.
DEBUG: Camera's ClippingRange is (9.5, 23.5).
DEBUG: Camera's orientation is (28.5, -45.0, 0.0).

==================================================
246: coupling5.inp
INFO: 262 nodes
INFO: 4 nsets
INFO: 32 elements
INFO: 1 elsets
INFO: 1 surfaces
INFO: VTK ugrid is built.
DEBUG: Camera's focal point is (0.5, 0.5, 4.0).
DEBUG: Camera's position is (10.2, 8.0, 13.7).
DEBUG: Camera's distance is 15.7.
DEBUG: Camera's ParallelScale is 4.1.
DEBUG: Camera's ClippingRange is (9.5, 23.5).
DEBUG: Camera's orientation is (28.5, -45.0, 0.0).

==================================================
247: coupling6.inp
INFO: 262 nodes
INFO: 4 nsets
INFO: 32 elements
INFO: 1 elsets
INFO: 1 surfaces
INFO: VTK ugrid is built.
DEBUG: Camera's focal point is (0.5, 0.5, 4.0).
DEBUG: Camera's position is (10.2, 8.0, 13.7).
DEBUG: Camera's distance is 15.7.
DEBUG: Camera's ParallelScale is 4.1.
DEBUG: Camera's ClippingRange is (9.5, 23.5).
DEBUG: Camera's orientation is (28.5, -45.0, 0.0).

==================================================
248: coupling7.inp
INFO: 262 nodes
INFO: 4 nsets
INFO: 32 elements
INFO: 1 elsets
INFO: 1 surfaces
INFO: VTK ugrid is built.
DEBUG: Camera's focal point is (0.5, 0.5, 4.0).
DEBUG: Camera's position is (10.2, 8.0, 13.7).
DEBUG: Camera's distance is 15.7.
DEBUG: Camera's ParallelScale is 4.1.
DEBUG: Camera's ClippingRange is (9.5, 23.5).
DEBUG: Camera's orientation is (28.5, -45.0, 0.0).

==================================================
249: cubef2f1.inp
INFO: 2961 nodes
WARNING: Duplicated nset name NBOTTOM.
WARNING: Duplicated nset name NTOP.
INFO: 2 nsets
INFO: 632 elements
INFO: 2 elsets
INFO: 2 surfaces
INFO: VTK ugrid is built.
DEBUG: Camera's focal point is (0.5, 0.5, 1.0).
DEBUG: Camera's position is (3.4, 2.8, 3.9).
DEBUG: Camera's distance is 4.7.
DEBUG: Camera's ParallelScale is 1.2.
DEBUG: Camera's ClippingRange is (2.4, 7.7).
DEBUG: Camera's orientation is (28.5, -45.0, 0.0).

==================================================
250: cubef2f2.inp
INFO: 2961 nodes
WARNING: Duplicated nset name NBOTTOM.
WARNING: Duplicated nset name NTOP.
INFO: 2 nsets
INFO: 632 elements
INFO: 2 elsets
INFO: 2 surfaces
INFO: VTK ugrid is built.
DEBUG: Camera's focal point is (0.5, 0.5, 1.0).
DEBUG: Camera's position is (3.4, 2.8, 3.9).
DEBUG: Camera's distance is 4.7.
DEBUG: Camera's ParallelScale is 1.2.
DEBUG: Camera's ClippingRange is (2.4, 7.7).
DEBUG: Camera's orientation is (28.5, -45.0, 0.0).

==================================================
251: cubef2f3.inp
INFO: 2961 nodes
WARNING: Duplicated nset name NBOTTOM.
WARNING: Duplicated nset name NTOP.
INFO: 2 nsets
INFO: 632 elements
INFO: 2 elsets
INFO: 2 surfaces
INFO: VTK ugrid is built.
DEBUG: Camera's focal point is (0.5, 0.5, 1.0).
DEBUG: Camera's position is (3.4, 2.8, 3.9).
DEBUG: Camera's distance is 4.7.
DEBUG: Camera's ParallelScale is 1.2.
DEBUG: Camera's ClippingRange is (2.4, 7.7).
DEBUG: Camera's orientation is (28.5, -45.0, 0.0).

==================================================
252: cubenewt.inp
INFO: 40 nodes
INFO: 3 nsets
INFO: 2 elements
INFO: 1 elsets
INFO: 0 surfaces
INFO: VTK ugrid is built.
DEBUG: Camera's focal point is (0.5, 0.5, 1.5).
DEBUG: Camera's position is (4.5, 3.6, 5.5).
DEBUG: Camera's distance is 6.4.
DEBUG: Camera's ParallelScale is 1.7.
DEBUG: Camera's ClippingRange is (3.4, 10.2).
DEBUG: Camera's orientation is (28.5, -45.0, 0.0).

==================================================
253: cubespring.inp
INFO: 128 nodes
INFO: 3 nsets
INFO: 54 elements
INFO: 1 elsets
INFO: 2 surfaces
INFO: VTK ugrid is built.
DEBUG: Camera's focal point is (0.5, 0.5, 0.8).
DEBUG: Camera's position is (3.0, 2.4, 3.2).
DEBUG: Camera's distance is 4.0.
DEBUG: Camera's ParallelScale is 1.0.
DEBUG: Camera's ClippingRange is (1.9, 6.6).
DEBUG: Camera's orientation is (28.5, -45.0, 0.0).

==================================================
254: cyl.inp
INFO: 1201 nodes
INFO: 2 nsets
INFO: 160 elements
INFO: 1 elsets
INFO: 1 surfaces
INFO: VTK ugrid is built.
DEBUG: Camera's focal point is (9.4, 0.0, 4.0).
DEBUG: Camera's position is (36.7, 20.9, 31.2).
DEBUG: Camera's distance is 43.8.
DEBUG: Camera's ParallelScale is 11.3.
DEBUG: Camera's ClippingRange is (24.3, 68.4).
DEBUG: Camera's orientation is (28.5, -45.0, 0.0).

==================================================
255: dam.inp
INFO: 1045 nodes
INFO: 3 nsets
INFO: 320 elements
INFO: 3 elsets
INFO: 0 surfaces
INFO: VTK ugrid is built.
DEBUG: Camera's focal point is (0.0, -6.7, 0.0).
DEBUG: Camera's position is (75.3, 51.2, 75.3).
DEBUG: Camera's distance is 121.2.
DEBUG: Camera's ParallelScale is 31.4.
DEBUG: Camera's ClippingRange is (74.2, 180.6).
DEBUG: Camera's orientation is (28.5, -45.0, 0.0).

==================================================
256: damper1.inp
INFO: 42 nodes
INFO: 4 nsets
INFO: 2 elements
INFO: 1 elsets
INFO: 0 surfaces
INFO: VTK ugrid is built.
DEBUG: Camera's focal point is (1.5, 0.5, 0.5).
DEBUG: Camera's position is (5.5, 3.6, 4.5).
DEBUG: Camera's distance is 6.4.
DEBUG: Camera's ParallelScale is 1.7.
DEBUG: Camera's ClippingRange is (3.4, 10.2).
DEBUG: Camera's orientation is (28.5, -45.0, 0.0).

==================================================
257: dashpot1.inp
INFO: 10 nodes
INFO: 3 nsets
INFO: 3 elements
INFO: 3 elsets
INFO: 0 surfaces
INFO: VTK ugrid is built.
DEBUG: Camera's focal point is (0.6, 0.0, 0.0).
DEBUG: Camera's position is (2.1, 1.1, 1.5).
DEBUG: Camera's distance is 2.4.
DEBUG: Camera's ParallelScale is 0.6.
DEBUG: Camera's ClippingRange is (1.4, 3.6).
DEBUG: Camera's orientation is (28.5, -45.0, 0.0).

==================================================
258: dashpot2.inp
INFO: 10 nodes
INFO: 4 nsets
INFO: 3 elements
INFO: 3 elsets
INFO: 0 surfaces
INFO: VTK ugrid is built.
DEBUG: Camera's focal point is (0.6, 0.0, 0.0).
DEBUG: Camera's position is (2.1, 1.1, 1.5).
DEBUG: Camera's distance is 2.4.
DEBUG: Camera's ParallelScale is 0.6.
DEBUG: Camera's ClippingRange is (1.4, 3.6).
DEBUG: Camera's orientation is (28.5, -45.0, 0.0).

==================================================
259: dashpot3.inp
INFO: 10 nodes
INFO: 3 nsets
INFO: 3 elements
INFO: 3 elsets
INFO: 0 surfaces
INFO: VTK ugrid is built.
DEBUG: Camera's focal point is (0.6, 0.0, 0.0).
DEBUG: Camera's position is (2.1, 1.1, 1.5).
DEBUG: Camera's distance is 2.4.
DEBUG: Camera's ParallelScale is 0.6.
DEBUG: Camera's ClippingRange is (1.4, 3.6).
DEBUG: Camera's orientation is (28.5, -45.0, 0.0).

==================================================
260: dashpot5.inp
INFO: 10 nodes
INFO: 3 nsets
INFO: 3 elements
INFO: 3 elsets
INFO: 0 surfaces
INFO: VTK ugrid is built.
DEBUG: Camera's focal point is (0.6, 0.0, 0.0).
DEBUG: Camera's position is (2.1, 1.1, 1.5).
DEBUG: Camera's distance is 2.4.
DEBUG: Camera's ParallelScale is 0.6.
DEBUG: Camera's ClippingRange is (1.4, 3.6).
DEBUG: Camera's orientation is (28.5, -45.0, 0.0).

==================================================
261: disk2.inp
INFO: 102 nodes
INFO: 1 nsets
INFO: 8 elements
INFO: 3 elsets
INFO: 0 surfaces
INFO: VTK ugrid is built.
DEBUG: Camera's focal point is (0.5, 2.0, 0.1).
DEBUG: Camera's position is (3.2, 4.1, 2.8).
DEBUG: Camera's distance is 4.4.
DEBUG: Camera's ParallelScale is 1.1.
DEBUG: Camera's ClippingRange is (2.6, 6.6).
DEBUG: Camera's orientation is (28.5, -45.0, 0.0).

==================================================
262: dist.inp
INFO: 262 nodes
INFO: 4 nsets
INFO: 32 elements
INFO: 1 elsets
INFO: 0 surfaces
INFO: VTK ugrid is built.
DEBUG: Camera's focal point is (3.6, 0.5, 4.0).
DEBUG: Camera's position is (16.6, 10.5, 17.0).
DEBUG: Camera's distance is 20.9.
DEBUG: Camera's ParallelScale is 5.4.
DEBUG: Camera's ClippingRange is (10.8, 33.6).
DEBUG: Camera's orientation is (28.5, -45.0, 0.0).

==================================================
263: distcoup.inp
INFO: 262 nodes
INFO: 3 nsets
INFO: 33 elements
INFO: 2 elsets
INFO: 0 surfaces
INFO: VTK ugrid is built.
DEBUG: Camera's focal point is (0.5, 0.5, 4.0).
DEBUG: Camera's position is (10.2, 8.0, 13.7).
DEBUG: Camera's distance is 15.7.
DEBUG: Camera's ParallelScale is 4.1.
DEBUG: Camera's ClippingRange is (9.5, 23.5).
DEBUG: Camera's orientation is (28.5, -45.0, 0.0).

==================================================
264: distcoup2.inp
INFO: 263 nodes
INFO: 4 nsets
INFO: 34 elements
INFO: 3 elsets
INFO: 0 surfaces
INFO: VTK ugrid is built.
DEBUG: Camera's focal point is (0.5, 0.5, 4.0).
DEBUG: Camera's position is (10.2, 8.0, 13.7).
DEBUG: Camera's distance is 15.7.
DEBUG: Camera's ParallelScale is 4.1.
DEBUG: Camera's ClippingRange is (9.5, 23.5).
DEBUG: Camera's orientation is (28.5, -45.0, 0.0).

==================================================
265: dloadlinI.inp
INFO: 188 nodes
INFO: 3 nsets
INFO: 15 elements
INFO: 1 elsets
INFO: 0 surfaces
INFO: VTK ugrid is built.
DEBUG: Camera's focal point is (150.0, 15.0, 0.5).
DEBUG: Camera's position is (511.8, 293.3, 362.3).
DEBUG: Camera's distance is 582.4.
DEBUG: Camera's ParallelScale is 150.7.
DEBUG: Camera's ClippingRange is (376.3, 843.3).
DEBUG: Camera's orientation is (28.5, -45.0, 0.0).

==================================================
266: dloadlinIf.inp
INFO: 188 nodes
INFO: 3 nsets
INFO: 15 elements
INFO: 1 elsets
INFO: 0 surfaces
INFO: VTK ugrid is built.
DEBUG: Camera's focal point is (150.0, 15.0, 0.5).
DEBUG: Camera's position is (511.8, 293.3, 362.3).
DEBUG: Camera's distance is 582.4.
DEBUG: Camera's ParallelScale is 150.7.
DEBUG: Camera's ClippingRange is (376.3, 843.3).
DEBUG: Camera's orientation is (28.5, -45.0, 0.0).

==================================================
267: equrem1.inp
INFO: 16 nodes
INFO: 4 nsets
INFO: 2 elements
INFO: 1 elsets
INFO: 0 surfaces
INFO: VTK ugrid is built.
DEBUG: Camera's focal point is (0.5, 0.5, 0.6).
DEBUG: Camera's position is (2.7, 2.2, 2.8).
DEBUG: Camera's distance is 3.6.
DEBUG: Camera's ParallelScale is 0.9.
DEBUG: Camera's ClippingRange is (1.7, 5.9).
DEBUG: Camera's orientation is (28.5, -45.0, 0.0).

==================================================
268: equrem2.inp
INFO: 16 nodes
INFO: 4 nsets
INFO: 2 elements
INFO: 1 elsets
INFO: 0 surfaces
INFO: VTK ugrid is built.
DEBUG: Camera's focal point is (0.5, 0.5, 0.6).
DEBUG: Camera's position is (2.7, 2.2, 2.8).
DEBUG: Camera's distance is 3.6.
DEBUG: Camera's ParallelScale is 0.9.
DEBUG: Camera's ClippingRange is (1.7, 5.9).
DEBUG: Camera's orientation is (28.5, -45.0, 0.0).

==================================================
269: equrem3.inp
INFO: 16 nodes
INFO: 4 nsets
INFO: 2 elements
INFO: 1 elsets
INFO: 0 surfaces
INFO: VTK ugrid is built.
DEBUG: Camera's focal point is (0.5, 0.5, 0.6).
DEBUG: Camera's position is (2.7, 2.2, 2.8).
DEBUG: Camera's distance is 3.6.
DEBUG: Camera's ParallelScale is 0.9.
DEBUG: Camera's ClippingRange is (1.7, 5.9).
DEBUG: Camera's orientation is (28.5, -45.0, 0.0).

==================================================
270: equrem4.inp
INFO: 175 nodes
INFO: 4 nsets
INFO: 34 elements
INFO: 2 elsets
INFO: 1 surfaces
INFO: VTK ugrid is built.
DEBUG: Camera's focal point is (0.0, 0.0, 0.0).
DEBUG: Camera's position is (0.6, 0.5, 0.6).
DEBUG: Camera's distance is 1.0.
DEBUG: Camera's ParallelScale is 0.3.
DEBUG: Camera's ClippingRange is (0.7, 1.3).
DEBUG: Camera's orientation is (28.5, -45.0, 0.0).

==================================================
271: fluidread.inp
INFO: 0 nodes
INFO: 0 nsets
INFO: 0 elements
INFO: 0 elsets
INFO: 0 surfaces
INFO: VTK ugrid is built.
DEBUG: Camera's focal point is (0.0, 0.0, 0.0).
DEBUG: Camera's position is (4156910.7, 3197623.6, 4156910.7).
DEBUG: Camera's distance is 6692130.4.
DEBUG: Camera's ParallelScale is 1732050.8.
DEBUG: Camera's ClippingRange is (3202117.5, 11101479.5).
DEBUG: Camera's orientation is (28.5, -45.0, 0.0).

==================================================
272: fluidwrite.inp
INFO: 286 nodes
INFO: 1 nsets
INFO: 120 elements
INFO: 1 elsets
INFO: 5 surfaces
INFO: VTK ugrid is built.
DEBUG: Camera's focal point is (3.0, 0.5, 0.0).
DEBUG: Camera's position is (10.3, 6.1, 7.4).
DEBUG: Camera's distance is 11.8.
DEBUG: Camera's ParallelScale is 3.0.
DEBUG: Camera's ClippingRange is (7.4, 17.3).
DEBUG: Camera's orientation is (28.5, -45.0, 0.0).

==================================================
273: fricloop.inp
INFO: 16 nodes
INFO: 3 nsets
INFO: 2 elements
INFO: 3 elsets
INFO: 2 surfaces
INFO: VTK ugrid is built.
DEBUG: Camera's focal point is (0.5, 0.5, 0.6).
DEBUG: Camera's position is (2.7, 2.2, 2.8).
DEBUG: Camera's distance is 3.6.
DEBUG: Camera's ParallelScale is 0.9.
DEBUG: Camera's ClippingRange is (1.7, 5.9).
DEBUG: Camera's orientation is (28.5, -45.0, 0.0).

==================================================
274: friction1.inp
INFO: 250 nodes
INFO: 3 nsets
INFO: 128 elements
INFO: 1 elsets
INFO: 2 surfaces
INFO: VTK ugrid is built.
DEBUG: Camera's focal point is (0.5, 0.5, 0.8).
DEBUG: Camera's position is (3.0, 2.4, 3.2).
DEBUG: Camera's distance is 4.0.
DEBUG: Camera's ParallelScale is 1.0.
DEBUG: Camera's ClippingRange is (1.9, 6.6).
DEBUG: Camera's orientation is (28.5, -45.0, 0.0).

==================================================
275: friction2.inp
INFO: 16 nodes
INFO: 4 nsets
INFO: 2 elements
INFO: 1 elsets
INFO: 2 surfaces
INFO: VTK ugrid is built.
DEBUG: Camera's focal point is (0.5, 0.5, 0.0).
DEBUG: Camera's position is (6.1, 4.8, 5.6).
DEBUG: Camera's distance is 9.1.
DEBUG: Camera's ParallelScale is 2.3.
DEBUG: Camera's ClippingRange is (4.5, 14.9).
DEBUG: Camera's orientation is (28.5, -45.0, 0.0).

==================================================
276: friction3.inp
INFO: 16 nodes
INFO: 4 nsets
INFO: 2 elements
INFO: 1 elsets
INFO: 2 surfaces
INFO: VTK ugrid is built.
DEBUG: Camera's focal point is (0.5, 0.5, 0.0).
DEBUG: Camera's position is (6.1, 4.8, 5.6).
DEBUG: Camera's distance is 9.1.
DEBUG: Camera's ParallelScale is 2.3.
DEBUG: Camera's ClippingRange is (4.5, 14.9).
DEBUG: Camera's orientation is (28.5, -45.0, 0.0).

==================================================
277: fullseg.inp
INFO: 1013 nodes
INFO: 3 nsets
INFO: 160 elements
INFO: 1 elsets
INFO: 2 surfaces
INFO: VTK ugrid is built.
DEBUG: Camera's focal point is (0.0, 0.5, 0.2).
DEBUG: Camera's position is (1.4, 1.5, 1.6).
DEBUG: Camera's distance is 2.2.
DEBUG: Camera's ParallelScale is 0.6.
DEBUG: Camera's ClippingRange is (1.3, 3.3).
DEBUG: Camera's orientation is (28.5, -45.0, 0.0).

==================================================
278: furnace.inp
INFO: 613 nodes
INFO: 3 nsets
INFO: 305 elements
INFO: 2 elsets
INFO: 0 surfaces
INFO: VTK ugrid is built.
DEBUG: Camera's focal point is (0.4, 0.3, 0.5).
DEBUG: Camera's position is (2.2, 1.6, 2.3).
DEBUG: Camera's distance is 2.9.
DEBUG: Camera's ParallelScale is 0.7.
DEBUG: Camera's ClippingRange is (1.4, 4.8).
DEBUG: Camera's orientation is (28.5, -45.0, 0.0).

==================================================
279: gap.inp
INFO: 522 nodes
INFO: 3 nsets
INFO: 65 elements
INFO: 2 elsets
INFO: 0 surfaces
INFO: VTK ugrid is built.
DEBUG: Camera's focal point is (0.5, 1.2, 4.0).
DEBUG: Camera's position is (10.6, 9.0, 14.1).
DEBUG: Camera's distance is 16.3.
DEBUG: Camera's ParallelScale is 4.2.
DEBUG: Camera's ClippingRange is (9.4, 25.0).
DEBUG: Camera's orientation is (28.5, -45.0, 0.0).

==================================================
280: gap2.inp
INFO: 16 nodes
INFO: 3 nsets
INFO: 6 elements
INFO: 2 elsets
INFO: 0 surfaces
INFO: VTK ugrid is built.
DEBUG: Camera's focal point is (0.5, 0.5, 0.6).
DEBUG: Camera's position is (2.7, 2.2, 2.8).
DEBUG: Camera's distance is 3.6.
DEBUG: Camera's ParallelScale is 0.9.
DEBUG: Camera's ClippingRange is (1.7, 5.9).
DEBUG: Camera's orientation is (28.5, -45.0, 0.0).

==================================================
281: gaspipe-cfd-pressure.inp
INFO: 5 nodes
INFO: 1 nsets
INFO: 3 elements
INFO: 1 elsets
INFO: 0 surfaces
INFO: VTK ugrid is built.
DEBUG: Camera's focal point is (3.0, 0.0, 0.0).
DEBUG: Camera's position is (7.8, 3.7, 4.8).
DEBUG: Camera's distance is 7.7.
DEBUG: Camera's ParallelScale is 2.0.
DEBUG: Camera's ClippingRange is (5.2, 11.0).
DEBUG: Camera's orientation is (28.5, -45.0, 0.0).

==================================================
282: gaspipe-fanno10.inp
INFO: 23 nodes
INFO: 1 nsets
INFO: 12 elements
INFO: 1 elsets
INFO: 0 surfaces
INFO: VTK ugrid is built.
DEBUG: Camera's focal point is (12.0, 0.0, 0.0).
DEBUG: Camera's position is (38.4, 20.3, 26.4).
DEBUG: Camera's distance is 42.5.
DEBUG: Camera's ParallelScale is 11.0.
DEBUG: Camera's ClippingRange is (28.5, 60.3).
DEBUG: Camera's orientation is (28.5, -45.0, 0.0).

==================================================
283: gaspipe-fanno8-oil.inp
INFO: 21 nodes
INFO: 1 nsets
INFO: 11 elements
INFO: 1 elsets
INFO: 0 surfaces
INFO: VTK ugrid is built.
DEBUG: Camera's focal point is (11.0, 0.0, 0.0).
DEBUG: Camera's position is (35.0, 18.5, 24.0).
DEBUG: Camera's distance is 38.6.
DEBUG: Camera's ParallelScale is 10.0.
DEBUG: Camera's ClippingRange is (25.9, 54.8).
DEBUG: Camera's orientation is (28.5, -45.0, 0.0).

==================================================
284: gaspipe1-oil.inp
INFO: 5 nodes
INFO: 1 nsets
INFO: 3 elements
INFO: 1 elsets
INFO: 0 surfaces
INFO: VTK ugrid is built.
DEBUG: Camera's focal point is (3.0, 0.0, 0.0).
DEBUG: Camera's position is (7.8, 3.7, 4.8).
DEBUG: Camera's distance is 7.7.
DEBUG: Camera's ParallelScale is 2.0.
DEBUG: Camera's ClippingRange is (5.2, 11.0).
DEBUG: Camera's orientation is (28.5, -45.0, 0.0).

==================================================
285: gaspipe1.inp
INFO: 5 nodes
INFO: 1 nsets
INFO: 3 elements
INFO: 1 elsets
INFO: 0 surfaces
INFO: VTK ugrid is built.
DEBUG: Camera's focal point is (3.0, 0.0, 0.0).
DEBUG: Camera's position is (7.8, 3.7, 4.8).
DEBUG: Camera's distance is 7.7.
DEBUG: Camera's ParallelScale is 2.0.
DEBUG: Camera's ClippingRange is (5.2, 11.0).
DEBUG: Camera's orientation is (28.5, -45.0, 0.0).

==================================================
286: gaspipe11.inp
INFO: 5 nodes
INFO: 1 nsets
INFO: 3 elements
INFO: 1 elsets
INFO: 0 surfaces
INFO: VTK ugrid is built.
DEBUG: Camera's focal point is (3.0, 0.0, 0.0).
DEBUG: Camera's position is (7.8, 3.7, 4.8).
DEBUG: Camera's distance is 7.7.
DEBUG: Camera's ParallelScale is 2.0.
DEBUG: Camera's ClippingRange is (5.2, 11.0).
DEBUG: Camera's orientation is (28.5, -45.0, 0.0).

==================================================
287: gaspipe12.inp
INFO: 5 nodes
INFO: 1 nsets
INFO: 3 elements
INFO: 1 elsets
INFO: 0 surfaces
INFO: VTK ugrid is built.
DEBUG: Camera's focal point is (3.0, 0.0, 0.0).
DEBUG: Camera's position is (7.8, 3.7, 4.8).
DEBUG: Camera's distance is 7.7.
DEBUG: Camera's ParallelScale is 2.0.
DEBUG: Camera's ClippingRange is (5.2, 11.0).
DEBUG: Camera's orientation is (28.5, -45.0, 0.0).

==================================================
288: gaspipe13.inp
INFO: 5 nodes
INFO: 1 nsets
INFO: 3 elements
INFO: 1 elsets
INFO: 0 surfaces
INFO: VTK ugrid is built.
DEBUG: Camera's focal point is (3.0, 0.0, 0.0).
DEBUG: Camera's position is (7.8, 3.7, 4.8).
DEBUG: Camera's distance is 7.7.
DEBUG: Camera's ParallelScale is 2.0.
DEBUG: Camera's ClippingRange is (5.2, 11.0).
DEBUG: Camera's orientation is (28.5, -45.0, 0.0).

==================================================
289: gaspipe14.inp
INFO: 5 nodes
INFO: 1 nsets
INFO: 3 elements
INFO: 1 elsets
INFO: 0 surfaces
INFO: VTK ugrid is built.
DEBUG: Camera's focal point is (3.0, 0.0, 0.0).
DEBUG: Camera's position is (7.8, 3.7, 4.8).
DEBUG: Camera's distance is 7.7.
DEBUG: Camera's ParallelScale is 2.0.
DEBUG: Camera's ClippingRange is (5.2, 11.0).
DEBUG: Camera's orientation is (28.5, -45.0, 0.0).

==================================================
290: gaspipe2.inp
INFO: 5 nodes
INFO: 1 nsets
INFO: 3 elements
INFO: 1 elsets
INFO: 0 surfaces
INFO: VTK ugrid is built.
DEBUG: Camera's focal point is (3.0, 0.0, 0.0).
DEBUG: Camera's position is (7.8, 3.7, 4.8).
DEBUG: Camera's distance is 7.7.
DEBUG: Camera's ParallelScale is 2.0.
DEBUG: Camera's ClippingRange is (5.2, 11.0).
DEBUG: Camera's orientation is (28.5, -45.0, 0.0).

==================================================
291: gaspipe3.inp
INFO: 5 nodes
INFO: 1 nsets
INFO: 3 elements
INFO: 1 elsets
INFO: 0 surfaces
INFO: VTK ugrid is built.
DEBUG: Camera's focal point is (3.0, 0.0, 0.0).
DEBUG: Camera's position is (7.8, 3.7, 4.8).
DEBUG: Camera's distance is 7.7.
DEBUG: Camera's ParallelScale is 2.0.
DEBUG: Camera's ClippingRange is (5.2, 11.0).
DEBUG: Camera's orientation is (28.5, -45.0, 0.0).

==================================================
292: gaspipe4.inp
INFO: 5 nodes
INFO: 1 nsets
INFO: 3 elements
INFO: 1 elsets
INFO: 0 surfaces
INFO: VTK ugrid is built.
DEBUG: Camera's focal point is (3.0, 0.0, 0.0).
DEBUG: Camera's position is (7.8, 3.7, 4.8).
DEBUG: Camera's distance is 7.7.
DEBUG: Camera's ParallelScale is 2.0.
DEBUG: Camera's ClippingRange is (5.2, 11.0).
DEBUG: Camera's orientation is (28.5, -45.0, 0.0).

==================================================
293: gaspipe5.inp
INFO: 5 nodes
INFO: 1 nsets
INFO: 3 elements
INFO: 1 elsets
INFO: 0 surfaces
INFO: VTK ugrid is built.
DEBUG: Camera's focal point is (3.0, 0.0, 0.0).
DEBUG: Camera's position is (7.8, 3.7, 4.8).
DEBUG: Camera's distance is 7.7.
DEBUG: Camera's ParallelScale is 2.0.
DEBUG: Camera's ClippingRange is (5.2, 11.0).
DEBUG: Camera's orientation is (28.5, -45.0, 0.0).

==================================================
294: gaspipe6.inp
INFO: 5 nodes
INFO: 1 nsets
INFO: 3 elements
INFO: 1 elsets
INFO: 0 surfaces
INFO: VTK ugrid is built.
DEBUG: Camera's focal point is (3.0, 0.0, 0.0).
DEBUG: Camera's position is (7.8, 3.7, 4.8).
DEBUG: Camera's distance is 7.7.
DEBUG: Camera's ParallelScale is 2.0.
DEBUG: Camera's ClippingRange is (5.2, 11.0).
DEBUG: Camera's orientation is (28.5, -45.0, 0.0).

==================================================
295: gaspipe7.inp
INFO: 5 nodes
INFO: 1 nsets
INFO: 3 elements
INFO: 1 elsets
INFO: 0 surfaces
INFO: VTK ugrid is built.
DEBUG: Camera's focal point is (3.0, 0.0, 0.0).
DEBUG: Camera's position is (7.8, 3.7, 4.8).
DEBUG: Camera's distance is 7.7.
DEBUG: Camera's ParallelScale is 2.0.
DEBUG: Camera's ClippingRange is (5.2, 11.0).
DEBUG: Camera's orientation is (28.5, -45.0, 0.0).

==================================================
296: gaspipe8-cfd-massflow.inp
INFO: 19 nodes
INFO: 1 nsets
INFO: 10 elements
INFO: 3 elsets
INFO: 0 surfaces
INFO: VTK ugrid is built.
DEBUG: Camera's focal point is (10.0, 0.0, 0.0).
DEBUG: Camera's position is (31.6, 16.6, 21.6).
DEBUG: Camera's distance is 34.8.
DEBUG: Camera's ParallelScale is 9.0.
DEBUG: Camera's ClippingRange is (23.3, 49.3).
DEBUG: Camera's orientation is (28.5, -45.0, 0.0).

==================================================
297: gaspipe8-cfd-pressure-split.inp
INFO: 22 nodes
INFO: 1 nsets
INFO: 12 elements
INFO: 3 elsets
INFO: 0 surfaces
INFO: VTK ugrid is built.
DEBUG: Camera's focal point is (10.0, 0.0, 0.0).
DEBUG: Camera's position is (31.7, 16.7, 21.7).
DEBUG: Camera's distance is 35.0.
DEBUG: Camera's ParallelScale is 9.1.
DEBUG: Camera's ClippingRange is (22.6, 50.7).
DEBUG: Camera's orientation is (28.5, -45.0, 0.0).

==================================================
298: gaspipe8-cfd-pressure.inp
INFO: 19 nodes
INFO: 1 nsets
INFO: 10 elements
INFO: 3 elsets
INFO: 0 surfaces
INFO: VTK ugrid is built.
DEBUG: Camera's focal point is (10.0, 0.0, 0.0).
DEBUG: Camera's position is (31.6, 16.6, 21.6).
DEBUG: Camera's distance is 34.8.
DEBUG: Camera's ParallelScale is 9.0.
DEBUG: Camera's ClippingRange is (23.3, 49.3).
DEBUG: Camera's orientation is (28.5, -45.0, 0.0).

==================================================
299: gaspipe8-oil.inp
INFO: 21 nodes
INFO: 1 nsets
INFO: 11 elements
INFO: 1 elsets
INFO: 0 surfaces
INFO: VTK ugrid is built.
DEBUG: Camera's focal point is (11.0, 0.0, 0.0).
DEBUG: Camera's position is (35.0, 18.5, 24.0).
DEBUG: Camera's distance is 38.6.
DEBUG: Camera's ParallelScale is 10.0.
DEBUG: Camera's ClippingRange is (25.9, 54.8).
DEBUG: Camera's orientation is (28.5, -45.0, 0.0).

==================================================
300: gaspipe8.inp
INFO: 5 nodes
INFO: 1 nsets
INFO: 3 elements
INFO: 1 elsets
INFO: 0 surfaces
INFO: VTK ugrid is built.
DEBUG: Camera's focal point is (3.0, 0.0, 0.0).
DEBUG: Camera's position is (7.8, 3.7, 4.8).
DEBUG: Camera's distance is 7.7.
DEBUG: Camera's ParallelScale is 2.0.
DEBUG: Camera's ClippingRange is (5.2, 11.0).
DEBUG: Camera's orientation is (28.5, -45.0, 0.0).

==================================================
301: gaspres.inp
INFO: 13 nodes
INFO: 1 nsets
INFO: 4 elements
INFO: 2 elsets
INFO: 0 surfaces
INFO: VTK ugrid is built.
DEBUG: Camera's focal point is (0.1, 0.5, 0.0).
DEBUG: Camera's position is (2.5, 2.3, 2.4).
DEBUG: Camera's distance is 3.9.
DEBUG: Camera's ParallelScale is 1.0.
DEBUG: Camera's ClippingRange is (2.8, 5.2).
DEBUG: Camera's orientation is (28.5, -45.0, 0.0).

==================================================
302: green1.inp
INFO: 261 nodes
INFO: 3 nsets
INFO: 32 elements
INFO: 1 elsets
INFO: 0 surfaces
INFO: VTK ugrid is built.
DEBUG: Camera's focal point is (0.5, 0.5, 4.0).
DEBUG: Camera's position is (10.2, 8.0, 13.7).
DEBUG: Camera's distance is 15.7.
DEBUG: Camera's ParallelScale is 4.1.
DEBUG: Camera's ClippingRange is (9.5, 23.5).
DEBUG: Camera's orientation is (28.5, -45.0, 0.0).

==================================================
303: green2.inp
INFO: 261 nodes
INFO: 3 nsets
INFO: 32 elements
INFO: 1 elsets
INFO: 0 surfaces
INFO: VTK ugrid is built.
DEBUG: Camera's focal point is (0.5, 0.5, 4.0).
DEBUG: Camera's position is (10.2, 8.0, 13.7).
DEBUG: Camera's distance is 15.7.
DEBUG: Camera's ParallelScale is 4.1.
DEBUG: Camera's ClippingRange is (9.5, 23.5).
DEBUG: Camera's orientation is (28.5, -45.0, 0.0).

==================================================
304: green3.inp
INFO: 261 nodes
INFO: 3 nsets
INFO: 32 elements
INFO: 1 elsets
INFO: 0 surfaces
INFO: VTK ugrid is built.
DEBUG: Camera's focal point is (0.5, 0.5, 4.0).
DEBUG: Camera's position is (10.2, 8.0, 13.7).
DEBUG: Camera's distance is 15.7.
DEBUG: Camera's ParallelScale is 4.1.
DEBUG: Camera's ClippingRange is (9.5, 23.5).
DEBUG: Camera's orientation is (28.5, -45.0, 0.0).

==================================================
305: green4.inp
INFO: 261 nodes
INFO: 3 nsets
INFO: 32 elements
INFO: 1 elsets
INFO: 0 surfaces
INFO: VTK ugrid is built.
DEBUG: Camera's focal point is (0.5, 0.5, 4.0).
DEBUG: Camera's position is (10.2, 8.0, 13.7).
DEBUG: Camera's distance is 15.7.
DEBUG: Camera's ParallelScale is 4.1.
DEBUG: Camera's ClippingRange is (9.5, 23.5).
DEBUG: Camera's orientation is (28.5, -45.0, 0.0).

==================================================
306: hinge.inp
INFO: 262 nodes
INFO: 1 nsets
INFO: 32 elements
INFO: 1 elsets
INFO: 1 surfaces
INFO: VTK ugrid is built.
DEBUG: Camera's focal point is (5.0, 0.5, 4.0).
DEBUG: Camera's position is (20.4, 12.4, 19.4).
DEBUG: Camera's distance is 24.8.
DEBUG: Camera's ParallelScale is 6.4.
DEBUG: Camera's ClippingRange is (13.0, 39.8).
DEBUG: Camera's orientation is (28.5, -45.0, 0.0).

==================================================
307: hueeber1.inp
INFO: 17524 nodes
INFO: 10 nsets
INFO: 8500 elements
INFO: 3 elsets
INFO: 2 surfaces
INFO: VTK ugrid is built.
DEBUG: Camera's focal point is (0.0, 0.0, 0.0).
DEBUG: Camera's position is (0.0, 0.0, 0.0).
DEBUG: Camera's distance is 0.0.
DEBUG: Camera's ParallelScale is 0.0.
DEBUG: Camera's ClippingRange is (0.0, 0.2).
DEBUG: Camera's orientation is (28.5, -45.0, 0.0).

==================================================
308: hueeber2.inp
INFO: 17524 nodes
INFO: 10 nsets
INFO: 8500 elements
INFO: 3 elsets
INFO: 2 surfaces
INFO: VTK ugrid is built.
DEBUG: Camera's focal point is (0.0, 0.0, 0.0).
DEBUG: Camera's position is (0.0, 0.0, 0.0).
DEBUG: Camera's distance is 0.0.
DEBUG: Camera's ParallelScale is 0.0.
DEBUG: Camera's ClippingRange is (0.0, 0.2).
DEBUG: Camera's orientation is (28.5, -45.0, 0.0).

==================================================
309: hueeber3.inp
INFO: 17524 nodes
INFO: 10 nsets
INFO: 8500 elements
INFO: 3 elsets
INFO: 2 surfaces
INFO: VTK ugrid is built.
DEBUG: Camera's focal point is (0.0, 0.0, 0.0).
DEBUG: Camera's position is (0.0, 0.0, 0.0).
DEBUG: Camera's distance is 0.0.
DEBUG: Camera's ParallelScale is 0.0.
DEBUG: Camera's ClippingRange is (0.0, 0.2).
DEBUG: Camera's orientation is (28.5, -45.0, 0.0).

==================================================
310: hueeber4.inp
INFO: 17524 nodes
INFO: 10 nsets
INFO: 8500 elements
INFO: 3 elsets
INFO: 2 surfaces
INFO: VTK ugrid is built.
DEBUG: Camera's focal point is (0.0, 0.0, 0.0).
DEBUG: Camera's position is (0.0, 0.0, 0.0).
DEBUG: Camera's distance is 0.0.
DEBUG: Camera's ParallelScale is 0.0.
DEBUG: Camera's ClippingRange is (0.0, 0.2).
DEBUG: Camera's orientation is (28.5, -45.0, 0.0).

==================================================
311: induction.inp
INFO: 3013 nodes
INFO: 3 nsets
INFO: 612 elements
INFO: 3 elsets
INFO: 0 surfaces
INFO: VTK ugrid is built.
DEBUG: Camera's focal point is (0.5, 0.5, 0.5).
DEBUG: Camera's position is (2.6, 2.1, 2.6).
DEBUG: Camera's distance is 3.3.
DEBUG: Camera's ParallelScale is 0.9.
DEBUG: Camera's ClippingRange is (1.6, 5.6).
DEBUG: Camera's orientation is (28.5, -45.0, 0.0).

==================================================
312: induction2.inp
INFO: 3199 nodes
INFO: 7 nsets
INFO: 1712 elements
INFO: 3 elsets
INFO: 0 surfaces
INFO: VTK ugrid is built.
DEBUG: Camera's focal point is (0.0, 0.0, 0.0).
DEBUG: Camera's position is (4.2, 3.2, 4.2).
DEBUG: Camera's distance is 6.7.
DEBUG: Camera's ParallelScale is 1.7.
DEBUG: Camera's ClippingRange is (3.2, 11.1).
DEBUG: Camera's orientation is (28.5, -45.0, 0.0).

==================================================
313: inistrain.inp
INFO: 20 nodes
INFO: 2 nsets
INFO: 1 elements
INFO: 1 elsets
INFO: 0 surfaces
INFO: VTK ugrid is built.
DEBUG: Camera's focal point is (0.5, 0.5, 0.5).
DEBUG: Camera's position is (2.6, 2.1, 2.6).
DEBUG: Camera's distance is 3.3.
DEBUG: Camera's ParallelScale is 0.9.
DEBUG: Camera's ClippingRange is (1.6, 5.6).
DEBUG: Camera's orientation is (28.5, -45.0, 0.0).

==================================================
314: inistrain2.inp
INFO: 20 nodes
INFO: 2 nsets
INFO: 1 elements
INFO: 1 elsets
INFO: 0 surfaces
INFO: VTK ugrid is built.
DEBUG: Camera's focal point is (0.5, 0.5, 0.5).
DEBUG: Camera's position is (2.6, 2.1, 2.6).
DEBUG: Camera's distance is 3.3.
DEBUG: Camera's ParallelScale is 0.9.
DEBUG: Camera's ClippingRange is (1.6, 5.6).
DEBUG: Camera's orientation is (28.5, -45.0, 0.0).

==================================================
315: labyrinth1fin.inp
INFO: 5 nodes
INFO: 1 nsets
INFO: 3 elements
INFO: 1 elsets
INFO: 0 surfaces
INFO: VTK ugrid is built.
DEBUG: Camera's focal point is (3.0, 0.0, 0.0).
DEBUG: Camera's position is (7.8, 3.7, 4.8).
DEBUG: Camera's distance is 7.7.
DEBUG: Camera's ParallelScale is 2.0.
DEBUG: Camera's ClippingRange is (5.2, 11.0).
DEBUG: Camera's orientation is (28.5, -45.0, 0.0).

==================================================
316: labyrinthstepped.inp
INFO: 5 nodes
INFO: 1 nsets
INFO: 3 elements
INFO: 1 elsets
INFO: 0 surfaces
INFO: VTK ugrid is built.
DEBUG: Camera's focal point is (3.0, 0.0, 0.0).
DEBUG: Camera's position is (7.8, 3.7, 4.8).
DEBUG: Camera's distance is 7.7.
DEBUG: Camera's ParallelScale is 2.0.
DEBUG: Camera's ClippingRange is (5.2, 11.0).
DEBUG: Camera's orientation is (28.5, -45.0, 0.0).

==================================================
317: labyrinthstraight.inp
INFO: 5 nodes
INFO: 1 nsets
INFO: 3 elements
INFO: 1 elsets
INFO: 0 surfaces
INFO: VTK ugrid is built.
DEBUG: Camera's focal point is (3.0, 0.0, 0.0).
DEBUG: Camera's position is (7.8, 3.7, 4.8).
DEBUG: Camera's distance is 7.7.
DEBUG: Camera's ParallelScale is 2.0.
DEBUG: Camera's ClippingRange is (5.2, 11.0).
DEBUG: Camera's orientation is (28.5, -45.0, 0.0).

==================================================
318: largerot2.inp
INFO: 261 nodes
INFO: 0 nsets
INFO: 32 elements
INFO: 1 elsets
INFO: 0 surfaces
INFO: VTK ugrid is built.
DEBUG: Camera's focal point is (0.5, 0.5, 4.0).
DEBUG: Camera's position is (10.2, 8.0, 13.7).
DEBUG: Camera's distance is 15.7.
DEBUG: Camera's ParallelScale is 4.1.
DEBUG: Camera's ClippingRange is (9.5, 23.5).
DEBUG: Camera's orientation is (28.5, -45.0, 0.0).

==================================================
319: largerot3.inp
INFO: 261 nodes
INFO: 0 nsets
INFO: 32 elements
INFO: 1 elsets
INFO: 0 surfaces
INFO: VTK ugrid is built.
DEBUG: Camera's focal point is (0.5, 0.5, 4.0).
DEBUG: Camera's position is (10.2, 8.0, 13.7).
DEBUG: Camera's distance is 15.7.
DEBUG: Camera's ParallelScale is 4.1.
DEBUG: Camera's ClippingRange is (9.5, 23.5).
DEBUG: Camera's orientation is (28.5, -45.0, 0.0).

==================================================
320: leifer1.inp
INFO: 341 nodes
INFO: 3 nsets
INFO: 100 elements
INFO: 1 elsets
INFO: 0 surfaces
INFO: VTK ugrid is built.
DEBUG: Camera's focal point is (114.5, 114.5, 0.0).
DEBUG: Camera's position is (503.1, 413.4, 388.6).
DEBUG: Camera's distance is 625.6.
DEBUG: Camera's ParallelScale is 161.9.
DEBUG: Camera's ClippingRange is (369.0, 950.2).
DEBUG: Camera's orientation is (28.5, -45.0, 0.0).

==================================================
321: leifer2.inp
INFO: 341 nodes
INFO: 3 nsets
INFO: 100 elements
INFO: 1 elsets
INFO: 0 surfaces
INFO: VTK ugrid is built.
DEBUG: Camera's focal point is (114.5, 114.5, 0.0).
DEBUG: Camera's position is (503.1, 413.4, 388.6).
DEBUG: Camera's distance is 625.6.
DEBUG: Camera's ParallelScale is 161.9.
DEBUG: Camera's ClippingRange is (369.0, 950.2).
DEBUG: Camera's orientation is (28.5, -45.0, 0.0).

==================================================
322: linearnet.inp
INFO: 7 nodes
INFO: 1 nsets
INFO: 4 elements
INFO: 1 elsets
INFO: 0 surfaces
INFO: VTK ugrid is built.
DEBUG: Camera's focal point is (4.0, 0.0, 0.0).
DEBUG: Camera's position is (11.2, 5.5, 7.2).
DEBUG: Camera's distance is 11.6.
DEBUG: Camera's ParallelScale is 3.0.
DEBUG: Camera's ClippingRange is (7.8, 16.4).
DEBUG: Camera's orientation is (28.5, -45.0, 0.0).

==================================================
323: mass1.inp
INFO: 261 nodes
INFO: 3 nsets
INFO: 33 elements
INFO: 2 elsets
INFO: 0 surfaces
INFO: VTK ugrid is built.
DEBUG: Camera's focal point is (0.5, 0.5, 4.0).
DEBUG: Camera's position is (10.2, 8.0, 13.7).
DEBUG: Camera's distance is 15.7.
DEBUG: Camera's ParallelScale is 4.1.
DEBUG: Camera's ClippingRange is (9.5, 23.5).
DEBUG: Camera's orientation is (28.5, -45.0, 0.0).

==================================================
324: mass2.inp
INFO: 261 nodes
INFO: 1 nsets
INFO: 33 elements
INFO: 3 elsets
INFO: 0 surfaces
INFO: VTK ugrid is built.
DEBUG: Camera's focal point is (0.5, 0.8, 4.0).
DEBUG: Camera's position is (10.3, 8.3, 13.8).
DEBUG: Camera's distance is 15.8.
DEBUG: Camera's ParallelScale is 4.1.
DEBUG: Camera's ClippingRange is (9.4, 24.0).
DEBUG: Camera's orientation is (28.5, -45.0, 0.0).

==================================================
325: mass3.inp
INFO: 13 nodes
INFO: 1 nsets
INFO: 3 elements
INFO: 2 elsets
INFO: 0 surfaces
INFO: VTK ugrid is built.
DEBUG: Camera's focal point is (0.6, 0.0, 0.0).
DEBUG: Camera's position is (1.6, 0.9, 1.1).
DEBUG: Camera's distance is 1.7.
DEBUG: Camera's ParallelScale is 0.5.
DEBUG: Camera's ClippingRange is (1.1, 2.5).
DEBUG: Camera's orientation is (28.5, -45.0, 0.0).

==================================================
326: massflow_percent_ccx.inp
INFO: 12 nodes
INFO: 1 nsets
INFO: 7 elements
INFO: 7 elsets
INFO: 0 surfaces
INFO: VTK ugrid is built.
DEBUG: Camera's focal point is (3.0, 0.0, 0.0).
DEBUG: Camera's position is (13.7, 8.3, 10.7).
DEBUG: Camera's distance is 17.3.
DEBUG: Camera's ParallelScale is 4.5.
DEBUG: Camera's ClippingRange is (10.3, 26.2).
DEBUG: Camera's orientation is (28.5, -45.0, 0.0).

==================================================
327: membrane1.inp
INFO: 9 nodes
INFO: 2 nsets
INFO: 4 elements
INFO: 1 elsets
INFO: 0 surfaces
INFO: VTK ugrid is built.
DEBUG: Camera's focal point is (0.0, 0.0, 0.0).
DEBUG: Camera's position is (3.4, 2.6, 3.4).
DEBUG: Camera's distance is 5.5.
DEBUG: Camera's ParallelScale is 1.4.
DEBUG: Camera's ClippingRange is (3.2, 8.3).
DEBUG: Camera's orientation is (28.5, -45.0, 0.0).

==================================================
328: membrane2.inp
INFO: 9 nodes
INFO: 2 nsets
INFO: 4 elements
INFO: 1 elsets
INFO: 0 surfaces
INFO: VTK ugrid is built.
DEBUG: Camera's focal point is (0.0, 0.0, 0.0).
DEBUG: Camera's position is (3.4, 2.6, 3.4).
DEBUG: Camera's distance is 5.5.
DEBUG: Camera's ParallelScale is 1.4.
DEBUG: Camera's ClippingRange is (3.2, 8.3).
DEBUG: Camera's orientation is (28.5, -45.0, 0.0).

==================================================
329: membrane3.inp
INFO: 21 nodes
INFO: 2 nsets
INFO: 4 elements
INFO: 1 elsets
INFO: 0 surfaces
INFO: VTK ugrid is built.
DEBUG: Camera's focal point is (0.0, 0.0, 0.0).
DEBUG: Camera's position is (3.4, 2.6, 3.4).
DEBUG: Camera's distance is 5.5.
DEBUG: Camera's ParallelScale is 1.4.
DEBUG: Camera's ClippingRange is (3.2, 8.3).
DEBUG: Camera's orientation is (28.5, -45.0, 0.0).

==================================================
330: metalforming.inp
INFO: 2032 nodes
INFO: 22 nsets
INFO: 848 elements
WARNING: Duplicated elset name GRSHEET_VOLUMES.
WARNING: Duplicated elset name GRMATRIZE_VOLUMES.
WARNING: Duplicated elset name GRSTEMPEL_VOLUMES.
WARNING: Duplicated elset name GRSTEMPEL_FACESF5.
WARNING: Duplicated elset name GRSTEMPEL_FACESF1.
WARNING: Duplicated elset name GRSTEMPEL_FACESF2.
WARNING: Duplicated elset name GRSTEMPEL_FACESF5.
WARNING: Duplicated elset name GRSHEET_FACESF2.
WARNING: Duplicated elset name GRSHEET_FACESF5.
WARNING: Duplicated elset name GRSHEET_FACESF1.
WARNING: Duplicated elset name GRSHEET_FACESF5.
WARNING: Duplicated elset name GRSHEET_FACESF6.
WARNING: Duplicated elset name GRMATRIZE_FACESF4.
WARNING: Duplicated elset name GRMATRIZE_FACESF5.
WARNING: Duplicated elset name GRMATRIZE_FACESF4.
WARNING: Duplicated elset name GRMATRIZE_FACESF5.
INFO: 39 elsets
INFO: 8 surfaces
INFO: VTK ugrid is built.
DEBUG: Camera's focal point is (8.2, 0.1, -0.4).
DEBUG: Camera's position is (39.6, 24.2, 30.9).
DEBUG: Camera's distance is 50.5.
DEBUG: Camera's ParallelScale is 13.1.
DEBUG: Camera's ClippingRange is (29.6, 76.9).
DEBUG: Camera's orientation is (28.5, -45.0, 0.0).

==================================================
331: metalformingmortar.inp
INFO: 2032 nodes
INFO: 22 nsets
INFO: 848 elements
WARNING: Duplicated elset name GRSHEET_VOLUMES.
WARNING: Duplicated elset name GRMATRIZE_VOLUMES.
WARNING: Duplicated elset name GRSTEMPEL_VOLUMES.
WARNING: Duplicated elset name GRSTEMPEL_FACESF5.
WARNING: Duplicated elset name GRSTEMPEL_FACESF1.
WARNING: Duplicated elset name GRSTEMPEL_FACESF2.
WARNING: Duplicated elset name GRSTEMPEL_FACESF5.
WARNING: Duplicated elset name GRSHEET_FACESF2.
WARNING: Duplicated elset name GRSHEET_FACESF5.
WARNING: Duplicated elset name GRSHEET_FACESF1.
WARNING: Duplicated elset name GRSHEET_FACESF5.
WARNING: Duplicated elset name GRSHEET_FACESF6.
WARNING: Duplicated elset name GRMATRIZE_FACESF4.
WARNING: Duplicated elset name GRMATRIZE_FACESF5.
WARNING: Duplicated elset name GRMATRIZE_FACESF4.
WARNING: Duplicated elset name GRMATRIZE_FACESF5.
INFO: 39 elsets
WARNING: Duplicated surface name SHEETUP.
WARNING: Duplicated surface name SHEETDOWN.
INFO: 6 surfaces
INFO: VTK ugrid is built.
DEBUG: Camera's focal point is (8.2, 0.1, -0.4).
DEBUG: Camera's position is (39.6, 24.2, 30.9).
DEBUG: Camera's distance is 50.5.
DEBUG: Camera's ParallelScale is 13.1.
DEBUG: Camera's ClippingRange is (29.6, 76.9).
DEBUG: Camera's orientation is (28.5, -45.0, 0.0).

==================================================
332: modelchel.inp
INFO: 261 nodes
INFO: 3 nsets
INFO: 32 elements
INFO: 1 elsets
INFO: 0 surfaces
INFO: VTK ugrid is built.
DEBUG: Camera's focal point is (0.5, 0.5, 4.0).
DEBUG: Camera's position is (10.2, 8.0, 13.7).
DEBUG: Camera's distance is 15.7.
DEBUG: Camera's ParallelScale is 4.1.
DEBUG: Camera's ClippingRange is (9.5, 23.5).
DEBUG: Camera's orientation is (28.5, -45.0, 0.0).

==================================================
333: modelchel2.inp
INFO: 261 nodes
INFO: 3 nsets
INFO: 32 elements
INFO: 2 elsets
INFO: 0 surfaces
INFO: VTK ugrid is built.
DEBUG: Camera's focal point is (0.5, 0.5, 4.0).
DEBUG: Camera's position is (10.2, 8.0, 13.7).
DEBUG: Camera's distance is 15.7.
DEBUG: Camera's ParallelScale is 4.1.
DEBUG: Camera's ClippingRange is (9.5, 23.5).
DEBUG: Camera's orientation is (28.5, -45.0, 0.0).

==================================================
334: moehring.inp
INFO: 11 nodes
INFO: 1 nsets
INFO: 6 elements
INFO: 6 elsets
INFO: 0 surfaces
INFO: VTK ugrid is built.
DEBUG: Camera's focal point is (6.0, 0.0, 0.0).
DEBUG: Camera's position is (18.0, 9.2, 12.0).
DEBUG: Camera's distance is 19.3.
DEBUG: Camera's ParallelScale is 5.0.
DEBUG: Camera's ClippingRange is (12.9, 27.4).
DEBUG: Camera's orientation is (28.5, -45.0, 0.0).

==================================================
335: mpcforce.inp
INFO: 261 nodes
INFO: 4 nsets
INFO: 32 elements
INFO: 3 elsets
INFO: 0 surfaces
INFO: VTK ugrid is built.
DEBUG: Camera's focal point is (0.5, 0.5, 4.0).
DEBUG: Camera's position is (10.2, 8.0, 13.7).
DEBUG: Camera's distance is 15.7.
DEBUG: Camera's ParallelScale is 4.1.
DEBUG: Camera's ClippingRange is (9.5, 23.5).
DEBUG: Camera's orientation is (28.5, -45.0, 0.0).

==================================================
336: networkmpc.inp
INFO: 6 nodes
INFO: 1 nsets
INFO: 3 elements
INFO: 1 elsets
INFO: 0 surfaces
INFO: VTK ugrid is built.
DEBUG: Camera's focal point is (3.0, 0.5, 0.0).
DEBUG: Camera's position is (7.9, 4.3, 4.9).
DEBUG: Camera's distance is 8.0.
DEBUG: Camera's ParallelScale is 2.1.
DEBUG: Camera's ClippingRange is (4.9, 11.8).
DEBUG: Camera's orientation is (28.5, -45.0, 0.0).

==================================================
337: networkmpc2.inp
INFO: 10 nodes
INFO: 1 nsets
INFO: 6 elements
INFO: 1 elsets
INFO: 0 surfaces
INFO: VTK ugrid is built.
DEBUG: Camera's focal point is (3.0, 0.5, 0.0).
DEBUG: Camera's position is (7.9, 4.3, 4.9).
DEBUG: Camera's distance is 8.0.
DEBUG: Camera's ParallelScale is 2.1.
DEBUG: Camera's ClippingRange is (4.9, 11.8).
DEBUG: Camera's orientation is (28.5, -45.0, 0.0).

==================================================
338: oneel.inp
INFO: 8 nodes
INFO: 1 nsets
INFO: 1 elements
INFO: 1 elsets
INFO: 0 surfaces
INFO: VTK ugrid is built.
DEBUG: Camera's focal point is (0.5, 0.5, 0.0).
DEBUG: Camera's position is (2.2, 1.8, 1.7).
DEBUG: Camera's distance is 2.7.
DEBUG: Camera's ParallelScale is 0.7.
DEBUG: Camera's ClippingRange is (1.6, 4.1).
DEBUG: Camera's orientation is (28.5, -45.0, 0.0).

==================================================
339: oneel20cf.inp
INFO: 20 nodes
INFO: 2 nsets
INFO: 1 elements
INFO: 1 elsets
INFO: 0 surfaces
INFO: VTK ugrid is built.
DEBUG: Camera's focal point is (0.5, 0.5, 0.5).
DEBUG: Camera's position is (2.6, 2.1, 2.6).
DEBUG: Camera's distance is 3.3.
DEBUG: Camera's ParallelScale is 0.9.
DEBUG: Camera's ClippingRange is (1.6, 5.6).
DEBUG: Camera's orientation is (28.5, -45.0, 0.0).

==================================================
340: oneel20df.inp
INFO: 20 nodes
INFO: 2 nsets
INFO: 1 elements
INFO: 1 elsets
INFO: 0 surfaces
INFO: VTK ugrid is built.
DEBUG: Camera's focal point is (0.5, 0.5, 0.5).
DEBUG: Camera's position is (2.6, 2.1, 2.6).
DEBUG: Camera's distance is 3.3.
DEBUG: Camera's ParallelScale is 0.9.
DEBUG: Camera's ClippingRange is (1.6, 5.6).
DEBUG: Camera's orientation is (28.5, -45.0, 0.0).

==================================================
341: oneel20fi.inp
INFO: 20 nodes
INFO: 2 nsets
INFO: 1 elements
INFO: 1 elsets
INFO: 0 surfaces
INFO: VTK ugrid is built.
DEBUG: Camera's focal point is (0.5, 0.5, 0.5).
DEBUG: Camera's position is (2.6, 2.1, 2.6).
DEBUG: Camera's distance is 3.3.
DEBUG: Camera's ParallelScale is 0.9.
DEBUG: Camera's ClippingRange is (1.6, 5.6).
DEBUG: Camera's orientation is (28.5, -45.0, 0.0).

==================================================
342: oneel20rs.inp
INFO: 20 nodes
INFO: 2 nsets
INFO: 1 elements
INFO: 1 elsets
INFO: 0 surfaces
INFO: VTK ugrid is built.
DEBUG: Camera's focal point is (0.5, 0.5, 0.5).
DEBUG: Camera's position is (2.6, 2.1, 2.6).
DEBUG: Camera's distance is 3.3.
DEBUG: Camera's ParallelScale is 0.9.
DEBUG: Camera's ClippingRange is (1.6, 5.6).
DEBUG: Camera's orientation is (28.5, -45.0, 0.0).

==================================================
343: oneel8ra.inp
INFO: 8 nodes
INFO: 2 nsets
INFO: 1 elements
INFO: 1 elsets
INFO: 0 surfaces
INFO: VTK ugrid is built.
DEBUG: Camera's focal point is (0.5, 0.5, 0.5).
DEBUG: Camera's position is (2.6, 2.1, 2.6).
DEBUG: Camera's distance is 3.3.
DEBUG: Camera's ParallelScale is 0.9.
DEBUG: Camera's ClippingRange is (1.6, 5.6).
DEBUG: Camera's orientation is (28.5, -45.0, 0.0).

==================================================
344: opt1.inp
INFO: 261 nodes
INFO: 1 nsets
INFO: 32 elements
INFO: 1 elsets
INFO: 0 surfaces
INFO: VTK ugrid is built.
DEBUG: Camera's focal point is (0.5, 0.5, 4.0).
DEBUG: Camera's position is (10.2, 8.0, 13.7).
DEBUG: Camera's distance is 15.7.
DEBUG: Camera's ParallelScale is 4.1.
DEBUG: Camera's ClippingRange is (9.5, 23.5).
DEBUG: Camera's orientation is (28.5, -45.0, 0.0).

==================================================
345: opt2.inp
INFO: 261 nodes
INFO: 0 nsets
INFO: 32 elements
INFO: 1 elsets
INFO: 0 surfaces
INFO: VTK ugrid is built.
DEBUG: Camera's focal point is (0.5, 0.5, 4.0).
DEBUG: Camera's position is (10.2, 8.0, 13.7).
DEBUG: Camera's distance is 15.7.
DEBUG: Camera's ParallelScale is 4.1.
DEBUG: Camera's ClippingRange is (9.5, 23.5).
DEBUG: Camera's orientation is (28.5, -45.0, 0.0).

==================================================
346: opt3.inp
INFO: 261 nodes
INFO: 1 nsets
INFO: 32 elements
INFO: 1 elsets
INFO: 0 surfaces
INFO: VTK ugrid is built.
DEBUG: Camera's focal point is (0.5, 0.5, 4.0).
DEBUG: Camera's position is (10.3, 8.0, 13.8).
DEBUG: Camera's distance is 15.8.
DEBUG: Camera's ParallelScale is 4.1.
DEBUG: Camera's ClippingRange is (9.4, 23.8).
DEBUG: Camera's orientation is (28.5, -45.0, 0.0).

==================================================
347: pendel.inp
INFO: 6 nodes
INFO: 2 nsets
INFO: 2 elements
INFO: 1 elsets
INFO: 0 surfaces
INFO: VTK ugrid is built.
DEBUG: Camera's focal point is (0.0, 0.0, -165.0).
DEBUG: Camera's position is (396.0, 304.6, 231.0).
DEBUG: Camera's distance is 637.5.
DEBUG: Camera's ParallelScale is 165.0.
DEBUG: Camera's ClippingRange is (427.2, 903.8).
DEBUG: Camera's orientation is (28.5, -45.0, 0.0).

==================================================
348: pipe.inp
INFO: 25 nodes
INFO: 1 nsets
INFO: 13 elements
INFO: 11 elsets
INFO: 0 surfaces
INFO: VTK ugrid is built.
DEBUG: Camera's focal point is (7.5, 0.0, 7.4).
DEBUG: Camera's position is (32.3, 19.1, 32.2).
DEBUG: Camera's distance is 39.9.
DEBUG: Camera's ParallelScale is 10.3.
DEBUG: Camera's ClippingRange is (21.5, 63.3).
DEBUG: Camera's orientation is (28.5, -45.0, 0.0).

==================================================
349: pipe2.inp
INFO: 9 nodes
INFO: 1 nsets
INFO: 5 elements
INFO: 4 elsets
INFO: 0 surfaces
INFO: VTK ugrid is built.
DEBUG: Camera's focal point is (100.5, 0.0, 0.0).
DEBUG: Camera's position is (342.9, 186.5, 242.4).
DEBUG: Camera's distance is 390.2.
DEBUG: Camera's ParallelScale is 101.0.
DEBUG: Camera's ClippingRange is (261.5, 553.2).
DEBUG: Camera's orientation is (28.5, -45.0, 0.0).

==================================================
350: pipempc1.inp
INFO: 8 nodes
INFO: 1 nsets
INFO: 5 elements
INFO: 4 elsets
INFO: 0 surfaces
INFO: VTK ugrid is built.
DEBUG: Camera's focal point is (0.5, 0.0, 0.0).
DEBUG: Camera's position is (3.9, 2.6, 3.4).
DEBUG: Camera's distance is 5.5.
DEBUG: Camera's ParallelScale is 1.4.
DEBUG: Camera's ClippingRange is (3.2, 8.3).
DEBUG: Camera's orientation is (28.5, -45.0, 0.0).

==================================================
351: pipempc2.inp
INFO: 8 nodes
INFO: 1 nsets
INFO: 5 elements
INFO: 4 elsets
INFO: 0 surfaces
INFO: VTK ugrid is built.
DEBUG: Camera's focal point is (0.5, 0.0, 0.0).
DEBUG: Camera's position is (3.9, 2.6, 3.4).
DEBUG: Camera's distance is 5.5.
DEBUG: Camera's ParallelScale is 1.4.
DEBUG: Camera's ClippingRange is (3.2, 8.3).
DEBUG: Camera's orientation is (28.5, -45.0, 0.0).

==================================================
352: piperestrictor.inp
INFO: 25 nodes
INFO: 1 nsets
INFO: 13 elements
INFO: 11 elsets
INFO: 0 surfaces
INFO: VTK ugrid is built.
DEBUG: Camera's focal point is (7.5, 0.0, 7.4).
DEBUG: Camera's position is (32.3, 19.1, 32.2).
DEBUG: Camera's distance is 39.9.
DEBUG: Camera's ParallelScale is 10.3.
DEBUG: Camera's ClippingRange is (21.5, 63.3).
DEBUG: Camera's orientation is (28.5, -45.0, 0.0).

==================================================
353: planestrain.inp
INFO: 4 nodes
INFO: 1 nsets
INFO: 1 elements
INFO: 1 elsets
INFO: 0 surfaces
INFO: VTK ugrid is built.
DEBUG: Camera's focal point is (0.5, 0.5, 0.0).
DEBUG: Camera's position is (2.2, 1.8, 1.7).
DEBUG: Camera's distance is 2.7.
DEBUG: Camera's ParallelScale is 0.7.
DEBUG: Camera's ClippingRange is (1.6, 4.1).
DEBUG: Camera's orientation is (28.5, -45.0, 0.0).

==================================================
354: planestrain2.inp
INFO: 8 nodes
INFO: 1 nsets
INFO: 1 elements
INFO: 1 elsets
INFO: 0 surfaces
INFO: VTK ugrid is built.
DEBUG: Camera's focal point is (0.5, 0.5, 0.0).
DEBUG: Camera's position is (2.2, 1.8, 1.7).
DEBUG: Camera's distance is 2.7.
DEBUG: Camera's ParallelScale is 0.7.
DEBUG: Camera's ClippingRange is (1.6, 4.1).
DEBUG: Camera's orientation is (28.5, -45.0, 0.0).

==================================================
355: planestress.inp
INFO: 21 nodes
INFO: 2 nsets
INFO: 4 elements
INFO: 1 elsets
INFO: 0 surfaces
INFO: VTK ugrid is built.
DEBUG: Camera's focal point is (0.5, 0.5, 0.0).
DEBUG: Camera's position is (2.2, 1.8, 1.7).
DEBUG: Camera's distance is 2.7.
DEBUG: Camera's ParallelScale is 0.7.
DEBUG: Camera's ClippingRange is (1.6, 4.1).
DEBUG: Camera's orientation is (28.5, -45.0, 0.0).

==================================================
356: planestress2.inp
INFO: 21 nodes
INFO: 2 nsets
INFO: 4 elements
INFO: 5 elsets
INFO: 0 surfaces
INFO: VTK ugrid is built.
DEBUG: Camera's focal point is (0.5, 0.5, 0.0).
DEBUG: Camera's position is (2.2, 1.8, 1.7).
DEBUG: Camera's distance is 2.7.
DEBUG: Camera's ParallelScale is 0.7.
DEBUG: Camera's ClippingRange is (1.6, 4.1).
DEBUG: Camera's orientation is (28.5, -45.0, 0.0).

==================================================
357: planestress3.inp
WARNING: Node 1 has no coordinates and will be removed.
INFO: 8 nodes
WARNING: NSET NRAND - there is no node 1 in the mesh.
INFO: 2 nsets
WARNING: Element 1 has no node 1 and will be removed.
INFO: 3 elements
INFO: 1 elsets
INFO: 0 surfaces
INFO: VTK ugrid is built.
DEBUG: Camera's focal point is (10.0, 5.0, 0.0).
DEBUG: Camera's position is (36.8, 25.6, 26.8).
DEBUG: Camera's distance is 43.2.
DEBUG: Camera's ParallelScale is 11.2.
DEBUG: Camera's ClippingRange is (25.7, 65.4).
DEBUG: Camera's orientation is (28.5, -45.0, 0.0).

==================================================
358: plate.inp
INFO: 16 nodes
INFO: 4 nsets
INFO: 2 elements
INFO: 2 elsets
INFO: 2 surfaces
INFO: VTK ugrid is built.
DEBUG: Camera's focal point is (183.1, 0.0, 0.0).
DEBUG: Camera's position is (193.8, 8.2, 10.6).
DEBUG: Camera's distance is 17.1.
DEBUG: Camera's ParallelScale is 4.4.
DEBUG: Camera's ClippingRange is (10.8, 25.2).
DEBUG: Camera's orientation is (28.5, -45.0, 0.0).

==================================================
359: poi2d.inp
INFO: 462 nodes
INFO: 1 nsets
INFO: 200 elements
INFO: 1 elsets
INFO: 1 surfaces
INFO: VTK ugrid is built.
DEBUG: Camera's focal point is (3.0, 0.5, 0.1).
DEBUG: Camera's position is (10.3, 6.1, 7.4).
DEBUG: Camera's distance is 11.8.
DEBUG: Camera's ParallelScale is 3.0.
DEBUG: Camera's ClippingRange is (7.4, 17.3).
DEBUG: Camera's orientation is (28.5, -45.0, 0.0).

==================================================
360: poi2d2.inp
INFO: 462 nodes
INFO: 1 nsets
INFO: 200 elements
INFO: 1 elsets
INFO: 5 surfaces
INFO: VTK ugrid is built.
DEBUG: Camera's focal point is (3.0, 0.5, 0.1).
DEBUG: Camera's position is (10.3, 6.1, 7.4).
DEBUG: Camera's distance is 11.8.
DEBUG: Camera's ParallelScale is 3.0.
DEBUG: Camera's ClippingRange is (7.4, 17.3).
DEBUG: Camera's orientation is (28.5, -45.0, 0.0).

==================================================
361: potied.inp
INFO: 461 nodes
INFO: 2 nsets
INFO: 61 elements
INFO: 1 elsets
INFO: 2 surfaces
INFO: VTK ugrid is built.
DEBUG: Camera's focal point is (0.5, 0.5, 4.0).
DEBUG: Camera's position is (10.2, 8.0, 13.7).
DEBUG: Camera's distance is 15.7.
DEBUG: Camera's ParallelScale is 4.1.
DEBUG: Camera's ClippingRange is (9.5, 23.5).
DEBUG: Camera's orientation is (28.5, -45.0, 0.0).

==================================================
362: pret1.inp
INFO: 161 nodes
INFO: 2 nsets
INFO: 14 elements
INFO: 1 elsets
INFO: 1 surfaces
INFO: VTK ugrid is built.
DEBUG: Camera's focal point is (0.5, 0.5, 0.1).
DEBUG: Camera's position is (2.2, 1.8, 1.9).
DEBUG: Camera's distance is 2.8.
DEBUG: Camera's ParallelScale is 0.7.
DEBUG: Camera's ClippingRange is (1.5, 4.4).
DEBUG: Camera's orientation is (28.5, -45.0, 0.0).

==================================================
363: pret2.inp
INFO: 14 nodes
INFO: 3 nsets
INFO: 2 elements
INFO: 1 elsets
INFO: 1 surfaces
INFO: VTK ugrid is built.
DEBUG: Camera's focal point is (0.6, 1.0, 0.0).
DEBUG: Camera's position is (3.3, 3.1, 2.7).
DEBUG: Camera's distance is 4.4.
DEBUG: Camera's ParallelScale is 1.1.
DEBUG: Camera's ClippingRange is (2.7, 6.5).
DEBUG: Camera's orientation is (28.5, -45.0, 0.0).

==================================================
364: pret3.inp
INFO: 101 nodes
INFO: 4 nsets
INFO: 11 elements
INFO: 4 elsets
INFO: 0 surfaces
INFO: VTK ugrid is built.
DEBUG: Camera's focal point is (0.0, 0.5, 0.0).
DEBUG: Camera's position is (3.6, 3.3, 3.6).
DEBUG: Camera's distance is 5.8.
DEBUG: Camera's ParallelScale is 1.5.
DEBUG: Camera's ClippingRange is (2.8, 9.6).
DEBUG: Camera's orientation is (28.5, -45.0, 0.0).

==================================================
365: pret4.inp
INFO: 161 nodes
INFO: 2 nsets
INFO: 14 elements
INFO: 1 elsets
INFO: 1 surfaces
INFO: VTK ugrid is built.
DEBUG: Camera's focal point is (0.5, 0.5, 0.1).
DEBUG: Camera's position is (2.2, 1.8, 1.9).
DEBUG: Camera's distance is 2.8.
DEBUG: Camera's ParallelScale is 0.7.
DEBUG: Camera's ClippingRange is (1.5, 4.4).
DEBUG: Camera's orientation is (28.5, -45.0, 0.0).

==================================================
366: pret5.inp
INFO: 7 nodes
INFO: 0 nsets
INFO: 2 elements
INFO: 1 elsets
INFO: 1 surfaces
INFO: VTK ugrid is built.
DEBUG: Camera's focal point is (1.0, 0.5, 0.0).
DEBUG: Camera's position is (3.7, 2.6, 2.7).
DEBUG: Camera's distance is 4.3.
DEBUG: Camera's ParallelScale is 1.1.
DEBUG: Camera's ClippingRange is (2.6, 6.5).
DEBUG: Camera's orientation is (28.5, -45.0, 0.0).

==================================================
367: pret6.inp
INFO: 14 nodes
INFO: 0 nsets
INFO: 2 elements
INFO: 1 elsets
INFO: 1 surfaces
INFO: VTK ugrid is built.
DEBUG: Camera's focal point is (1.0, 0.5, 0.0).
DEBUG: Camera's position is (3.7, 2.6, 2.7).
DEBUG: Camera's distance is 4.3.
DEBUG: Camera's ParallelScale is 1.1.
DEBUG: Camera's ClippingRange is (2.6, 6.5).
DEBUG: Camera's orientation is (28.5, -45.0, 0.0).

==================================================
368: pret7.inp
INFO: 14 nodes
INFO: 4 nsets
INFO: 2 elements
INFO: 1 elsets
INFO: 1 surfaces
INFO: VTK ugrid is built.
DEBUG: Camera's focal point is (0.6, 1.0, 0.0).
DEBUG: Camera's position is (3.3, 3.1, 2.7).
DEBUG: Camera's distance is 4.4.
DEBUG: Camera's ParallelScale is 1.1.
DEBUG: Camera's ClippingRange is (2.7, 6.5).
DEBUG: Camera's orientation is (28.5, -45.0, 0.0).

==================================================
369: primaryair.inp
INFO: 13 nodes
INFO: 0 nsets
INFO: 7 elements
INFO: 7 elsets
INFO: 0 surfaces
INFO: VTK ugrid is built.
DEBUG: Camera's focal point is (3.5, 0.0, 0.0).
DEBUG: Camera's position is (10.7, 5.5, 7.2).
DEBUG: Camera's distance is 11.6.
DEBUG: Camera's ParallelScale is 3.0.
DEBUG: Camera's ClippingRange is (7.8, 16.4).
DEBUG: Camera's orientation is (28.5, -45.0, 0.0).

==================================================
370: punch2.inp
INFO: 416 nodes
INFO: 5 nsets
INFO: 54 elements
INFO: 1 elsets
INFO: 2 surfaces
INFO: VTK ugrid is built.
DEBUG: Camera's focal point is (0.5, 0.5, 0.7).
DEBUG: Camera's position is (2.9, 2.3, 3.1).
DEBUG: Camera's distance is 3.8.
DEBUG: Camera's ParallelScale is 1.0.
DEBUG: Camera's ClippingRange is (1.8, 6.3).
DEBUG: Camera's orientation is (28.5, -45.0, 0.0).

==================================================
371: resstress1.inp
INFO: 261 nodes
INFO: 3 nsets
INFO: 32 elements
INFO: 1 elsets
INFO: 0 surfaces
INFO: VTK ugrid is built.
DEBUG: Camera's focal point is (0.5, 0.5, 4.0).
DEBUG: Camera's position is (10.2, 8.0, 13.7).
DEBUG: Camera's distance is 15.7.
DEBUG: Camera's ParallelScale is 4.1.
DEBUG: Camera's ClippingRange is (9.5, 23.5).
DEBUG: Camera's orientation is (28.5, -45.0, 0.0).

==================================================
372: resstress2.inp
INFO: 261 nodes
INFO: 3 nsets
INFO: 32 elements
INFO: 1 elsets
INFO: 0 surfaces
INFO: VTK ugrid is built.
DEBUG: Camera's focal point is (0.5, 0.5, 4.0).
DEBUG: Camera's position is (10.2, 8.0, 13.7).
DEBUG: Camera's distance is 15.7.
DEBUG: Camera's ParallelScale is 4.1.
DEBUG: Camera's ClippingRange is (9.5, 23.5).
DEBUG: Camera's orientation is (28.5, -45.0, 0.0).

==================================================
373: resstress3.inp
INFO: 261 nodes
INFO: 3 nsets
INFO: 32 elements
INFO: 1 elsets
INFO: 0 surfaces
INFO: VTK ugrid is built.
DEBUG: Camera's focal point is (0.5, 0.5, 4.0).
DEBUG: Camera's position is (10.2, 8.0, 13.7).
DEBUG: Camera's distance is 15.7.
DEBUG: Camera's ParallelScale is 4.1.
DEBUG: Camera's ClippingRange is (9.5, 23.5).
DEBUG: Camera's orientation is (28.5, -45.0, 0.0).

==================================================
374: restrictor-oil.inp
INFO: 23 nodes
INFO: 1 nsets
INFO: 12 elements
INFO: 10 elsets
INFO: 0 surfaces
INFO: VTK ugrid is built.
DEBUG: Camera's focal point is (12.0, 0.0, 0.0).
DEBUG: Camera's position is (38.4, 20.3, 26.4).
DEBUG: Camera's distance is 42.5.
DEBUG: Camera's ParallelScale is 11.0.
DEBUG: Camera's ClippingRange is (28.5, 60.3).
DEBUG: Camera's orientation is (28.5, -45.0, 0.0).

==================================================
375: restrictor.inp
INFO: 23 nodes
INFO: 1 nsets
INFO: 12 elements
INFO: 10 elsets
INFO: 0 surfaces
INFO: VTK ugrid is built.
DEBUG: Camera's focal point is (12.0, 0.0, 0.0).
DEBUG: Camera's position is (38.4, 20.3, 26.4).
DEBUG: Camera's distance is 42.5.
DEBUG: Camera's ParallelScale is 11.0.
DEBUG: Camera's ClippingRange is (28.5, 60.3).
DEBUG: Camera's orientation is (28.5, -45.0, 0.0).

==================================================
376: ring1.inp
INFO: 16 nodes
INFO: 4 nsets
INFO: 2 elements
INFO: 1 elsets
INFO: 2 surfaces
INFO: VTK ugrid is built.
DEBUG: Camera's focal point is (1.0, 0.1, 0.0).
DEBUG: Camera's position is (1.3, 0.3, 0.3).
DEBUG: Camera's distance is 0.4.
DEBUG: Camera's ParallelScale is 0.1.
DEBUG: Camera's ClippingRange is (0.3, 0.7).
DEBUG: Camera's orientation is (28.5, -45.0, 0.0).

==================================================
377: ring2.inp
INFO: 16 nodes
INFO: 4 nsets
INFO: 2 elements
INFO: 1 elsets
INFO: 2 surfaces
INFO: VTK ugrid is built.
DEBUG: Camera's focal point is (1.1, 0.1, 0.0).
DEBUG: Camera's position is (1.3, 0.3, 0.3).
DEBUG: Camera's distance is 0.4.
DEBUG: Camera's ParallelScale is 0.1.
DEBUG: Camera's ClippingRange is (0.3, 0.7).
DEBUG: Camera's orientation is (28.5, -45.0, 0.0).

==================================================
378: ring3.inp
INFO: 16 nodes
INFO: 5 nsets
INFO: 2 elements
INFO: 1 elsets
INFO: 2 surfaces
INFO: VTK ugrid is built.
DEBUG: Camera's focal point is (1.1, 0.1, 0.0).
DEBUG: Camera's position is (1.3, 0.3, 0.3).
DEBUG: Camera's distance is 0.4.
DEBUG: Camera's ParallelScale is 0.1.
DEBUG: Camera's ClippingRange is (0.3, 0.7).
DEBUG: Camera's orientation is (28.5, -45.0, 0.0).

==================================================
379: ring4.inp
INFO: 16 nodes
INFO: 5 nsets
INFO: 2 elements
INFO: 1 elsets
INFO: 2 surfaces
INFO: VTK ugrid is built.
DEBUG: Camera's focal point is (1.1, 0.1, 0.0).
DEBUG: Camera's position is (1.3, 0.3, 0.3).
DEBUG: Camera's distance is 0.4.
DEBUG: Camera's ParallelScale is 0.1.
DEBUG: Camera's ClippingRange is (0.3, 0.7).
DEBUG: Camera's orientation is (28.5, -45.0, 0.0).

==================================================
380: ringfcontact1.inp
INFO: 720 nodes
INFO: 7 nsets
INFO: 100 elements
INFO: 3 elsets
INFO: 6 surfaces
INFO: VTK ugrid is built.
DEBUG: Camera's focal point is (-0.5, 1.4, 0.1).
DEBUG: Camera's position is (1.3, 2.8, 1.9).
DEBUG: Camera's distance is 2.9.
DEBUG: Camera's ParallelScale is 0.8.
DEBUG: Camera's ClippingRange is (1.7, 4.5).
DEBUG: Camera's orientation is (28.5, -45.0, 0.0).

==================================================
381: ringfcontact2.inp
INFO: 720 nodes
INFO: 7 nsets
INFO: 100 elements
INFO: 3 elsets
INFO: 6 surfaces
INFO: VTK ugrid is built.
DEBUG: Camera's focal point is (-0.5, 1.4, 0.1).
DEBUG: Camera's position is (1.3, 2.8, 1.9).
DEBUG: Camera's distance is 2.9.
DEBUG: Camera's ParallelScale is 0.8.
DEBUG: Camera's ClippingRange is (1.7, 4.5).
DEBUG: Camera's orientation is (28.5, -45.0, 0.0).

==================================================
382: ringfcontact3.inp
INFO: 720 nodes
INFO: 7 nsets
INFO: 100 elements
INFO: 3 elsets
INFO: 6 surfaces
INFO: VTK ugrid is built.
DEBUG: Camera's focal point is (-0.5, 1.4, 0.1).
DEBUG: Camera's position is (1.3, 2.8, 1.9).
DEBUG: Camera's distance is 2.9.
DEBUG: Camera's ParallelScale is 0.8.
DEBUG: Camera's ClippingRange is (1.7, 4.5).
DEBUG: Camera's orientation is (28.5, -45.0, 0.0).

==================================================
383: ringfcontact4.inp
INFO: 720 nodes
INFO: 7 nsets
INFO: 100 elements
INFO: 3 elsets
INFO: 6 surfaces
INFO: VTK ugrid is built.
DEBUG: Camera's focal point is (-0.5, 1.4, 0.1).
DEBUG: Camera's position is (1.3, 2.8, 1.9).
DEBUG: Camera's distance is 2.9.
DEBUG: Camera's ParallelScale is 0.8.
DEBUG: Camera's ClippingRange is (1.7, 4.5).
DEBUG: Camera's orientation is (28.5, -45.0, 0.0).

==================================================
384: ringfcontact5.inp
INFO: 720 nodes
INFO: 7 nsets
INFO: 100 elements
INFO: 3 elsets
INFO: 6 surfaces
INFO: VTK ugrid is built.
DEBUG: Camera's focal point is (-0.5, 1.4, 0.1).
DEBUG: Camera's position is (1.3, 2.8, 1.9).
DEBUG: Camera's distance is 2.9.
DEBUG: Camera's ParallelScale is 0.8.
DEBUG: Camera's ClippingRange is (1.7, 4.5).
DEBUG: Camera's orientation is (28.5, -45.0, 0.0).

==================================================
385: rot1.inp
INFO: 5 nodes
INFO: 1 nsets
INFO: 2 elements
INFO: 1 elsets
INFO: 0 surfaces
INFO: VTK ugrid is built.
DEBUG: Camera's focal point is (0.4, 0.0, 0.0).
DEBUG: Camera's position is (1.4, 0.7, 1.0).
DEBUG: Camera's distance is 1.5.
DEBUG: Camera's ParallelScale is 0.4.
DEBUG: Camera's ClippingRange is (1.0, 2.2).
DEBUG: Camera's orientation is (28.5, -45.0, 0.0).

==================================================
386: rot2.inp
INFO: 5 nodes
INFO: 1 nsets
INFO: 2 elements
INFO: 1 elsets
INFO: 0 surfaces
INFO: VTK ugrid is built.
DEBUG: Camera's focal point is (0.4, 0.0, 0.0).
DEBUG: Camera's position is (1.4, 0.7, 1.0).
DEBUG: Camera's distance is 1.5.
DEBUG: Camera's ParallelScale is 0.4.
DEBUG: Camera's ClippingRange is (1.0, 2.2).
DEBUG: Camera's orientation is (28.5, -45.0, 0.0).

==================================================
387: rot3.inp
INFO: 5 nodes
INFO: 1 nsets
INFO: 2 elements
INFO: 1 elsets
INFO: 0 surfaces
INFO: VTK ugrid is built.
DEBUG: Camera's focal point is (0.4, 0.0, 0.0).
DEBUG: Camera's position is (1.4, 0.7, 1.0).
DEBUG: Camera's distance is 1.5.
DEBUG: Camera's ParallelScale is 0.4.
DEBUG: Camera's ClippingRange is (1.0, 2.2).
DEBUG: Camera's orientation is (28.5, -45.0, 0.0).

==================================================
388: rotor.inp
INFO: 2656 nodes
INFO: 2 nsets
INFO: 368 elements
INFO: 1 elsets
INFO: 0 surfaces
INFO: VTK ugrid is built.
DEBUG: Camera's focal point is (0.0, 0.0, 50.1).
DEBUG: Camera's position is (121.5, 93.5, 171.6).
DEBUG: Camera's distance is 195.6.
DEBUG: Camera's ParallelScale is 50.6.
DEBUG: Camera's ClippingRange is (120.7, 290.3).
DEBUG: Camera's orientation is (28.5, -45.0, 0.0).

==================================================
389: sc123.inp
INFO: 20 nodes
INFO: 3 nsets
INFO: 1 elements
INFO: 1 elsets
INFO: 0 surfaces
INFO: VTK ugrid is built.
DEBUG: Camera's focal point is (0.8, 0.2, 0.5).
DEBUG: Camera's position is (2.2, 1.4, 2.0).
DEBUG: Camera's distance is 2.4.
DEBUG: Camera's ParallelScale is 0.6.
DEBUG: Camera's ClippingRange is (1.2, 3.9).
DEBUG: Camera's orientation is (28.5, -45.0, 0.0).

==================================================
390: sc123creep.inp
INFO: 20 nodes
INFO: 3 nsets
INFO: 1 elements
INFO: 1 elsets
INFO: 0 surfaces
INFO: VTK ugrid is built.
DEBUG: Camera's focal point is (0.8, 0.2, 0.5).
DEBUG: Camera's position is (2.2, 1.4, 2.0).
DEBUG: Camera's distance is 2.4.
DEBUG: Camera's ParallelScale is 0.6.
DEBUG: Camera's ClippingRange is (1.2, 3.9).
DEBUG: Camera's orientation is (28.5, -45.0, 0.0).

==================================================
391: scheibe.inp
INFO: 10 nodes
WARNING: NSET N1 - there is no node 29 in the mesh.
INFO: 3 nsets
INFO: 1 elements
INFO: 1 elsets
INFO: 0 surfaces
INFO: VTK ugrid is built.
DEBUG: Camera's focal point is (0.5, 0.5, 0.0).
DEBUG: Camera's position is (2.2, 1.8, 1.7).
DEBUG: Camera's distance is 2.7.
DEBUG: Camera's ParallelScale is 0.7.
DEBUG: Camera's ClippingRange is (1.6, 4.1).
DEBUG: Camera's orientation is (28.5, -45.0, 0.0).

==================================================
392: scheibe2f2f.inp
INFO: 1156 nodes
INFO: 11 nsets
INFO: 512 elements
INFO: 4 elsets
INFO: 6 surfaces
INFO: VTK ugrid is built.
DEBUG: Camera's focal point is (0.7, 0.2, 0.1).
DEBUG: Camera's position is (1.7, 1.0, 1.1).
DEBUG: Camera's distance is 1.5.
DEBUG: Camera's ParallelScale is 0.4.
DEBUG: Camera's ClippingRange is (0.8, 2.5).
DEBUG: Camera's orientation is (28.5, -45.0, 0.0).

==================================================
393: scheibe2n2f.inp
INFO: 1156 nodes
INFO: 10 nsets
INFO: 512 elements
INFO: 4 elsets
INFO: 6 surfaces
INFO: VTK ugrid is built.
DEBUG: Camera's focal point is (0.7, 0.2, 0.1).
DEBUG: Camera's position is (1.7, 1.0, 1.1).
DEBUG: Camera's distance is 1.5.
DEBUG: Camera's ParallelScale is 0.4.
DEBUG: Camera's ClippingRange is (0.8, 2.5).
DEBUG: Camera's orientation is (28.5, -45.0, 0.0).

==================================================
394: section.inp
INFO: 41 nodes
INFO: 1 nsets
INFO: 20 elements
INFO: 1 elsets
INFO: 0 surfaces
INFO: VTK ugrid is built.
DEBUG: Camera's focal point is (1.0, 0.0, 0.0).
DEBUG: Camera's position is (3.4, 1.8, 2.4).
DEBUG: Camera's distance is 3.9.
DEBUG: Camera's ParallelScale is 1.0.
DEBUG: Camera's ClippingRange is (2.6, 5.5).
DEBUG: Camera's orientation is (28.5, -45.0, 0.0).

==================================================
395: section4.inp
INFO: 41 nodes
INFO: 1 nsets
INFO: 20 elements
INFO: 1 elsets
INFO: 0 surfaces
INFO: VTK ugrid is built.
DEBUG: Camera's focal point is (1.0, 0.0, 0.0).
DEBUG: Camera's position is (3.4, 1.8, 2.4).
DEBUG: Camera's distance is 3.9.
DEBUG: Camera's ParallelScale is 1.0.
DEBUG: Camera's ClippingRange is (2.6, 5.5).
DEBUG: Camera's orientation is (28.5, -45.0, 0.0).

==================================================
396: segdyn.inp
INFO: 661 nodes
INFO: 5 nsets
INFO: 96 elements
INFO: 1 elsets
INFO: 2 surfaces
INFO: VTK ugrid is built.
DEBUG: Camera's focal point is (0.0, 0.5, 0.2).
DEBUG: Camera's position is (1.3, 1.5, 1.5).
DEBUG: Camera's distance is 2.0.
DEBUG: Camera's ParallelScale is 0.5.
DEBUG: Camera's ClippingRange is (1.2, 3.1).
DEBUG: Camera's orientation is (28.5, -45.0, 0.0).

==================================================
397: segment.inp
INFO: 661 nodes
INFO: 3 nsets
INFO: 96 elements
INFO: 1 elsets
INFO: 2 surfaces
INFO: VTK ugrid is built.
DEBUG: Camera's focal point is (0.0, 0.5, 0.2).
DEBUG: Camera's position is (1.3, 1.5, 1.5).
DEBUG: Camera's distance is 2.0.
DEBUG: Camera's ParallelScale is 0.5.
DEBUG: Camera's ClippingRange is (1.2, 3.1).
DEBUG: Camera's orientation is (28.5, -45.0, 0.0).

==================================================
398: segment1.inp
INFO: 81 nodes
INFO: 2 nsets
INFO: 8 elements
INFO: 1 elsets
INFO: 0 surfaces
INFO: VTK ugrid is built.
DEBUG: Camera's focal point is (0.5, 0.5, 0.2).
DEBUG: Camera's position is (2.2, 1.9, 2.0).
DEBUG: Camera's distance is 2.8.
DEBUG: Camera's ParallelScale is 0.7.
DEBUG: Camera's ClippingRange is (1.4, 4.5).
DEBUG: Camera's orientation is (28.5, -45.0, 0.0).

==================================================
399: segment2.inp
INFO: 81 nodes
INFO: 2 nsets
INFO: 8 elements
INFO: 1 elsets
INFO: 0 surfaces
INFO: VTK ugrid is built.
DEBUG: Camera's focal point is (0.5, 0.5, 0.2).
DEBUG: Camera's position is (2.2, 1.9, 2.0).
DEBUG: Camera's distance is 2.8.
DEBUG: Camera's ParallelScale is 0.7.
DEBUG: Camera's ClippingRange is (1.4, 4.5).
DEBUG: Camera's orientation is (28.5, -45.0, 0.0).

==================================================
400: segmentbeam.inp
INFO: 661 nodes
INFO: 3 nsets
INFO: 97 elements
INFO: 2 elsets
INFO: 2 surfaces
INFO: VTK ugrid is built.
DEBUG: Camera's focal point is (0.0, 0.5, 0.2).
DEBUG: Camera's position is (1.3, 1.5, 1.5).
DEBUG: Camera's distance is 2.0.
DEBUG: Camera's ParallelScale is 0.5.
DEBUG: Camera's ClippingRange is (1.2, 3.1).
DEBUG: Camera's orientation is (28.5, -45.0, 0.0).

==================================================
401: segmentbeam2.inp
INFO: 661 nodes
INFO: 4 nsets
INFO: 97 elements
INFO: 2 elsets
INFO: 2 surfaces
INFO: VTK ugrid is built.
DEBUG: Camera's focal point is (0.0, 0.5, 0.2).
DEBUG: Camera's position is (1.3, 1.5, 1.5).
DEBUG: Camera's distance is 2.0.
DEBUG: Camera's ParallelScale is 0.5.
DEBUG: Camera's ClippingRange is (1.2, 3.1).
DEBUG: Camera's orientation is (28.5, -45.0, 0.0).

==================================================
402: segmentf.inp
INFO: 81 nodes
INFO: 3 nsets
INFO: 8 elements
INFO: 1 elsets
INFO: 0 surfaces
INFO: VTK ugrid is built.
DEBUG: Camera's focal point is (0.5, 0.5, 0.2).
DEBUG: Camera's position is (2.2, 1.9, 2.0).
DEBUG: Camera's distance is 2.8.
DEBUG: Camera's ParallelScale is 0.7.
DEBUG: Camera's ClippingRange is (1.4, 4.5).
DEBUG: Camera's orientation is (28.5, -45.0, 0.0).

==================================================
403: segmentface.inp
INFO: 661 nodes
INFO: 3 nsets
INFO: 96 elements
INFO: 1 elsets
INFO: 4 surfaces
INFO: VTK ugrid is built.
DEBUG: Camera's focal point is (0.0, 0.5, 0.2).
DEBUG: Camera's position is (1.3, 1.5, 1.5).
DEBUG: Camera's distance is 2.0.
DEBUG: Camera's ParallelScale is 0.5.
DEBUG: Camera's ClippingRange is (1.2, 3.1).
DEBUG: Camera's orientation is (28.5, -45.0, 0.0).

==================================================
404: segmentm.inp
INFO: 81 nodes
INFO: 2 nsets
INFO: 8 elements
INFO: 1 elsets
INFO: 0 surfaces
INFO: VTK ugrid is built.
DEBUG: Camera's focal point is (0.5, 0.5, 0.2).
DEBUG: Camera's position is (2.2, 1.9, 2.0).
DEBUG: Camera's distance is 2.8.
DEBUG: Camera's ParallelScale is 0.7.
DEBUG: Camera's ClippingRange is (1.4, 4.5).
DEBUG: Camera's orientation is (28.5, -45.0, 0.0).

==================================================
405: segststate.inp
INFO: 661 nodes
INFO: 4 nsets
INFO: 96 elements
INFO: 1 elsets
INFO: 2 surfaces
INFO: VTK ugrid is built.
DEBUG: Camera's focal point is (0.0, 0.5, 0.2).
DEBUG: Camera's position is (1.3, 1.5, 1.5).
DEBUG: Camera's distance is 2.0.
DEBUG: Camera's ParallelScale is 0.5.
DEBUG: Camera's ClippingRange is (1.2, 3.1).
DEBUG: Camera's orientation is (28.5, -45.0, 0.0).

==================================================
406: sensitivity_I.inp
INFO: 12 nodes
INFO: 2 nsets
INFO: 2 elements
INFO: 1 elsets
INFO: 0 surfaces
INFO: VTK ugrid is built.
DEBUG: Camera's focal point is (100.0, 50.0, -50.0).
DEBUG: Camera's position is (393.9, 276.1, 243.9).
DEBUG: Camera's distance is 473.2.
DEBUG: Camera's ParallelScale is 122.5.
DEBUG: Camera's ClippingRange is (235.5, 773.6).
DEBUG: Camera's orientation is (28.5, -45.0, 0.0).

==================================================
407: sensitivity_V.inp
INFO: 8 nodes
INFO: 2 nsets
INFO: 1 elements
INFO: 1 elsets
INFO: 0 surfaces
INFO: VTK ugrid is built.
DEBUG: Camera's focal point is (50.0, 50.0, 50.0).
DEBUG: Camera's position is (257.8, 209.9, 257.8).
DEBUG: Camera's distance is 334.6.
DEBUG: Camera's ParallelScale is 86.6.
DEBUG: Camera's ClippingRange is (160.1, 555.1).
DEBUG: Camera's orientation is (28.5, -45.0, 0.0).

==================================================
408: sensitivity_VI.inp
INFO: 12 nodes
INFO: 2 nsets
INFO: 2 elements
INFO: 1 elsets
INFO: 0 surfaces
INFO: VTK ugrid is built.
DEBUG: Camera's focal point is (100.0, 50.0, -50.0).
DEBUG: Camera's position is (393.9, 276.1, 243.9).
DEBUG: Camera's distance is 473.2.
DEBUG: Camera's ParallelScale is 122.5.
DEBUG: Camera's ClippingRange is (235.5, 773.6).
DEBUG: Camera's orientation is (28.5, -45.0, 0.0).

==================================================
409: sensitivity_VII.inp
INFO: 12 nodes
INFO: 3 nsets
INFO: 2 elements
INFO: 1 elsets
INFO: 0 surfaces
INFO: VTK ugrid is built.
DEBUG: Camera's focal point is (100.0, 50.0, -50.0).
DEBUG: Camera's position is (393.9, 276.1, 243.9).
DEBUG: Camera's distance is 473.2.
DEBUG: Camera's ParallelScale is 122.5.
DEBUG: Camera's ClippingRange is (235.5, 773.6).
DEBUG: Camera's orientation is (28.5, -45.0, 0.0).

==================================================
410: sens_disp_orien.inp
INFO: 12 nodes
INFO: 1 nsets
INFO: 2 elements
INFO: 3 elsets
INFO: 0 surfaces
INFO: VTK ugrid is built.
DEBUG: Camera's focal point is (100.0, 50.0, -50.0).
DEBUG: Camera's position is (393.9, 276.1, 243.9).
DEBUG: Camera's distance is 473.2.
DEBUG: Camera's ParallelScale is 122.5.
DEBUG: Camera's ClippingRange is (235.5, 773.6).
DEBUG: Camera's orientation is (28.5, -45.0, 0.0).

==================================================
411: sens_disp_orien_nlgeom.inp
INFO: 12 nodes
INFO: 1 nsets
INFO: 2 elements
INFO: 3 elsets
INFO: 0 surfaces
INFO: VTK ugrid is built.
DEBUG: Camera's focal point is (100.0, 50.0, -50.0).
DEBUG: Camera's position is (393.9, 276.1, 243.9).
DEBUG: Camera's distance is 473.2.
DEBUG: Camera's ParallelScale is 122.5.
DEBUG: Camera's ClippingRange is (235.5, 773.6).
DEBUG: Camera's orientation is (28.5, -45.0, 0.0).

==================================================
412: sens_freq_disp_cyc.inp
INFO: 1001 nodes
INFO: 3 nsets
INFO: 624 elements
INFO: 1 elsets
INFO: 2 surfaces
INFO: VTK ugrid is built.
DEBUG: Camera's focal point is (-5.0, -12.9, 130.9).
DEBUG: Camera's position is (173.4, 124.3, 309.3).
DEBUG: Camera's distance is 287.2.
DEBUG: Camera's ParallelScale is 74.3.
DEBUG: Camera's ClippingRange is (163.1, 444.1).
DEBUG: Camera's orientation is (28.5, -45.0, 0.0).

==================================================
413: sens_freq_orien.inp
INFO: 12 nodes
INFO: 1 nsets
INFO: 2 elements
INFO: 3 elsets
INFO: 0 surfaces
INFO: VTK ugrid is built.
DEBUG: Camera's focal point is (100.0, 50.0, -50.0).
DEBUG: Camera's position is (393.9, 276.1, 243.9).
DEBUG: Camera's distance is 473.2.
DEBUG: Camera's ParallelScale is 122.5.
DEBUG: Camera's ClippingRange is (235.5, 773.6).
DEBUG: Camera's orientation is (28.5, -45.0, 0.0).

==================================================
414: shell1.inp
INFO: 21 nodes
INFO: 4 nsets
INFO: 4 elements
INFO: 1 elsets
INFO: 0 surfaces
INFO: VTK ugrid is built.
DEBUG: Camera's focal point is (0.5, 0.5, 0.0).
DEBUG: Camera's position is (2.2, 1.8, 1.7).
DEBUG: Camera's distance is 2.7.
DEBUG: Camera's ParallelScale is 0.7.
DEBUG: Camera's ClippingRange is (1.6, 4.1).
DEBUG: Camera's orientation is (28.5, -45.0, 0.0).

==================================================
415: shell1lin.inp
INFO: 21 nodes
INFO: 4 nsets
INFO: 4 elements
INFO: 1 elsets
INFO: 0 surfaces
INFO: VTK ugrid is built.
DEBUG: Camera's focal point is (0.5, 0.5, 0.0).
DEBUG: Camera's position is (2.2, 1.8, 1.7).
DEBUG: Camera's distance is 2.7.
DEBUG: Camera's ParallelScale is 0.7.
DEBUG: Camera's ClippingRange is (1.6, 4.1).
DEBUG: Camera's orientation is (28.5, -45.0, 0.0).

==================================================
416: shell2.inp
INFO: 16 nodes
INFO: 2 nsets
INFO: 2 elements
INFO: 1 elsets
INFO: 0 surfaces
INFO: VTK ugrid is built.
DEBUG: Camera's focal point is (0.5, -0.5, 0.5).
DEBUG: Camera's position is (2.6, 1.1, 2.6).
DEBUG: Camera's distance is 3.3.
DEBUG: Camera's ParallelScale is 0.9.
DEBUG: Camera's ClippingRange is (1.6, 5.6).
DEBUG: Camera's orientation is (28.5, -45.0, 0.0).

==================================================
417: shell3.inp
INFO: 21 nodes
INFO: 2 nsets
INFO: 4 elements
INFO: 1 elsets
INFO: 0 surfaces
INFO: VTK ugrid is built.
DEBUG: Camera's focal point is (0.5, 0.0, 0.0).
DEBUG: Camera's position is (1.7, 1.0, 1.2).
DEBUG: Camera's distance is 1.9.
DEBUG: Camera's ParallelScale is 0.5.
DEBUG: Camera's ClippingRange is (1.3, 2.8).
DEBUG: Camera's orientation is (28.5, -45.0, 0.0).

==================================================
418: shell4.inp
INFO: 529 nodes
INFO: 3 nsets
INFO: 242 elements
INFO: 3 elsets
INFO: 0 surfaces
INFO: VTK ugrid is built.
DEBUG: Camera's focal point is (500.0, 500.0, 0.0).
DEBUG: Camera's position is (2197.1, 1805.4, 1697.1).
DEBUG: Camera's distance is 2732.1.
DEBUG: Camera's ParallelScale is 707.1.
DEBUG: Camera's ClippingRange is (1611.2, 4149.5).
DEBUG: Camera's orientation is (28.5, -45.0, 0.0).

==================================================
419: shell5.inp
INFO: 21 nodes
INFO: 4 nsets
INFO: 4 elements
INFO: 1 elsets
INFO: 0 surfaces
INFO: VTK ugrid is built.
DEBUG: Camera's focal point is (0.5, 0.5, 0.0).
DEBUG: Camera's position is (2.2, 1.8, 1.7).
DEBUG: Camera's distance is 2.7.
DEBUG: Camera's ParallelScale is 0.7.
DEBUG: Camera's ClippingRange is (1.6, 4.1).
DEBUG: Camera's orientation is (28.5, -45.0, 0.0).

==================================================
420: shellbeam.inp
INFO: 15 nodes
INFO: 1 nsets
INFO: 3 elements
INFO: 3 elsets
INFO: 0 surfaces
INFO: VTK ugrid is built.
DEBUG: Camera's focal point is (1.0, -0.5, 0.5).
DEBUG: Camera's position is (3.9, 1.8, 3.4).
DEBUG: Camera's distance is 4.7.
DEBUG: Camera's ParallelScale is 1.2.
DEBUG: Camera's ClippingRange is (2.4, 7.7).
DEBUG: Camera's orientation is (28.5, -45.0, 0.0).

==================================================
421: shellf.inp
INFO: 21 nodes
INFO: 5 nsets
INFO: 4 elements
INFO: 1 elsets
INFO: 0 surfaces
INFO: VTK ugrid is built.
DEBUG: Camera's focal point is (0.5, 0.5, 0.0).
DEBUG: Camera's position is (2.2, 1.8, 1.7).
DEBUG: Camera's distance is 2.7.
DEBUG: Camera's ParallelScale is 0.7.
DEBUG: Camera's ClippingRange is (1.6, 4.1).
DEBUG: Camera's orientation is (28.5, -45.0, 0.0).

==================================================
422: shellnor.inp
INFO: 13 nodes
INFO: 2 nsets
INFO: 2 elements
INFO: 1 elsets
INFO: 0 surfaces
INFO: VTK ugrid is built.
DEBUG: Camera's focal point is (1.0, 0.1, 0.5).
DEBUG: Camera's position is (3.7, 2.1, 3.2).
DEBUG: Camera's distance is 4.3.
DEBUG: Camera's ParallelScale is 1.1.
DEBUG: Camera's ClippingRange is (2.4, 6.8).
DEBUG: Camera's orientation is (28.5, -45.0, 0.0).

==================================================
423: simplebeam.inp
INFO: 3 nodes
INFO: 1 nsets
INFO: 1 elements
INFO: 1 elsets
INFO: 0 surfaces
INFO: VTK ugrid is built.
DEBUG: Camera's focal point is (0.0, 0.0, 5.0).
DEBUG: Camera's position is (12.0, 9.2, 17.0).
DEBUG: Camera's distance is 19.3.
DEBUG: Camera's ParallelScale is 5.0.
DEBUG: Camera's ClippingRange is (12.9, 27.4).
DEBUG: Camera's orientation is (28.5, -45.0, 0.0).

==================================================
424: simplebeampipe1.inp
INFO: 21 nodes
INFO: 1 nsets
INFO: 10 elements
INFO: 1 elsets
INFO: 0 surfaces
INFO: VTK ugrid is built.
DEBUG: Camera's focal point is (0.0, 0.0, 5.0).
DEBUG: Camera's position is (12.0, 9.2, 17.0).
DEBUG: Camera's distance is 19.3.
DEBUG: Camera's ParallelScale is 5.0.
DEBUG: Camera's ClippingRange is (12.9, 27.4).
DEBUG: Camera's orientation is (28.5, -45.0, 0.0).

==================================================
425: simplebeampipe2.inp
INFO: 21 nodes
INFO: 1 nsets
INFO: 10 elements
INFO: 1 elsets
INFO: 0 surfaces
INFO: VTK ugrid is built.
DEBUG: Camera's focal point is (0.0, 0.0, 5.0).
DEBUG: Camera's position is (12.0, 9.2, 17.0).
DEBUG: Camera's distance is 19.3.
DEBUG: Camera's ParallelScale is 5.0.
DEBUG: Camera's ClippingRange is (12.9, 27.4).
DEBUG: Camera's orientation is (28.5, -45.0, 0.0).

==================================================
426: simplebeampipe3.inp
INFO: 21 nodes
INFO: 1 nsets
INFO: 10 elements
INFO: 1 elsets
INFO: 0 surfaces
INFO: VTK ugrid is built.
DEBUG: Camera's focal point is (0.0, 0.0, 5.0).
DEBUG: Camera's position is (12.0, 9.2, 17.0).
DEBUG: Camera's distance is 19.3.
DEBUG: Camera's ParallelScale is 5.0.
DEBUG: Camera's ClippingRange is (12.9, 27.4).
DEBUG: Camera's orientation is (28.5, -45.0, 0.0).

==================================================
427: simplebeampipe4.inp
INFO: 21 nodes
INFO: 1 nsets
INFO: 10 elements
INFO: 1 elsets
INFO: 0 surfaces
INFO: VTK ugrid is built.
DEBUG: Camera's focal point is (0.0, 0.0, 5.0).
DEBUG: Camera's position is (12.0, 9.2, 17.0).
DEBUG: Camera's distance is 19.3.
DEBUG: Camera's ParallelScale is 5.0.
DEBUG: Camera's ClippingRange is (12.9, 27.4).
DEBUG: Camera's orientation is (28.5, -45.0, 0.0).

==================================================
428: simplebeampipe5.inp
INFO: 21 nodes
INFO: 1 nsets
INFO: 10 elements
INFO: 1 elsets
INFO: 0 surfaces
INFO: VTK ugrid is built.
DEBUG: Camera's focal point is (0.0, 0.0, 5.0).
DEBUG: Camera's position is (12.0, 9.2, 17.0).
DEBUG: Camera's distance is 19.3.
DEBUG: Camera's ParallelScale is 5.0.
DEBUG: Camera's ClippingRange is (12.9, 27.4).
DEBUG: Camera's orientation is (28.5, -45.0, 0.0).

==================================================
429: slant.inp
INFO: 286 nodes
INFO: 1 nsets
INFO: 120 elements
INFO: 1 elsets
INFO: 5 surfaces
INFO: VTK ugrid is built.
DEBUG: Camera's focal point is (3.0, 0.5, 0.0).
DEBUG: Camera's position is (10.3, 6.1, 7.4).
DEBUG: Camera's distance is 11.8.
DEBUG: Camera's ParallelScale is 3.0.
DEBUG: Camera's ClippingRange is (7.4, 17.3).
DEBUG: Camera's orientation is (28.5, -45.0, 0.0).

==================================================
430: small_pressure_gradient.inp
INFO: 19 nodes
INFO: 1 nsets
INFO: 10 elements
INFO: 3 elsets
INFO: 0 surfaces
INFO: VTK ugrid is built.
DEBUG: Camera's focal point is (10.0, 0.0, 0.0).
DEBUG: Camera's position is (31.6, 16.6, 21.6).
DEBUG: Camera's distance is 34.8.
DEBUG: Camera's ParallelScale is 9.0.
DEBUG: Camera's ClippingRange is (23.3, 49.3).
DEBUG: Camera's orientation is (28.5, -45.0, 0.0).

==================================================
431: solidshell1.inp
INFO: 97 nodes
INFO: 3 nsets
INFO: 12 elements
INFO: 3 elsets
INFO: 0 surfaces
INFO: VTK ugrid is built.
DEBUG: Camera's focal point is (1.0, 0.5, 0.5).
DEBUG: Camera's position is (3.9, 2.8, 3.4).
DEBUG: Camera's distance is 4.7.
DEBUG: Camera's ParallelScale is 1.2.
DEBUG: Camera's ClippingRange is (2.4, 7.7).
DEBUG: Camera's orientation is (28.5, -45.0, 0.0).

==================================================
432: solidshell2.inp
INFO: 97 nodes
INFO: 3 nsets
INFO: 16 elements
INFO: 3 elsets
INFO: 0 surfaces
INFO: VTK ugrid is built.
DEBUG: Camera's focal point is (1.0, 0.5, 0.5).
DEBUG: Camera's position is (3.9, 2.8, 3.4).
DEBUG: Camera's distance is 4.7.
DEBUG: Camera's ParallelScale is 1.2.
DEBUG: Camera's ClippingRange is (2.4, 7.7).
DEBUG: Camera's orientation is (28.5, -45.0, 0.0).

==================================================
433: spring1.inp
INFO: 2 nodes
INFO: 1 nsets
INFO: 1 elements
INFO: 1 elsets
INFO: 0 surfaces
INFO: VTK ugrid is built.
DEBUG: Camera's focal point is (0.5, 0.0, 0.0).
DEBUG: Camera's position is (1.7, 0.9, 1.2).
DEBUG: Camera's distance is 1.9.
DEBUG: Camera's ParallelScale is 0.5.
DEBUG: Camera's ClippingRange is (1.3, 2.7).
DEBUG: Camera's orientation is (28.5, -45.0, 0.0).

==================================================
434: spring2.inp
INFO: 2 nodes
INFO: 1 nsets
INFO: 1 elements
INFO: 1 elsets
INFO: 0 surfaces
INFO: VTK ugrid is built.
DEBUG: Camera's focal point is (0.5, 0.0, 0.0).
DEBUG: Camera's position is (1.7, 0.9, 1.2).
DEBUG: Camera's distance is 1.9.
DEBUG: Camera's ParallelScale is 0.5.
DEBUG: Camera's ClippingRange is (1.3, 2.7).
DEBUG: Camera's orientation is (28.5, -45.0, 0.0).

==================================================
435: spring3.inp
INFO: 10 nodes
INFO: 2 nsets
INFO: 2 elements
INFO: 2 elsets
INFO: 0 surfaces
INFO: VTK ugrid is built.
DEBUG: Camera's focal point is (0.6, 0.0, 0.0).
DEBUG: Camera's position is (2.1, 1.1, 1.5).
DEBUG: Camera's distance is 2.4.
DEBUG: Camera's ParallelScale is 0.6.
DEBUG: Camera's ClippingRange is (1.4, 3.6).
DEBUG: Camera's orientation is (28.5, -45.0, 0.0).

==================================================
436: spring4.inp
INFO: 9 nodes
INFO: 2 nsets
INFO: 2 elements
INFO: 2 elsets
INFO: 0 surfaces
INFO: VTK ugrid is built.
DEBUG: Camera's focal point is (0.6, 0.0, 0.0).
DEBUG: Camera's position is (2.1, 1.1, 1.5).
DEBUG: Camera's distance is 2.4.
DEBUG: Camera's ParallelScale is 0.6.
DEBUG: Camera's ClippingRange is (1.5, 3.4).
DEBUG: Camera's orientation is (28.5, -45.0, 0.0).

==================================================
437: spring5.inp
INFO: 10 nodes
INFO: 3 nsets
INFO: 2 elements
INFO: 2 elsets
INFO: 0 surfaces
INFO: VTK ugrid is built.
DEBUG: Camera's focal point is (0.6, 0.0, 0.0).
DEBUG: Camera's position is (2.1, 1.1, 1.5).
DEBUG: Camera's distance is 2.4.
DEBUG: Camera's ParallelScale is 0.6.
DEBUG: Camera's ClippingRange is (1.4, 3.6).
DEBUG: Camera's orientation is (28.5, -45.0, 0.0).

==================================================
438: spring6.inp
INFO: 2 nodes
INFO: 1 nsets
INFO: 1 elements
INFO: 1 elsets
INFO: 0 surfaces
INFO: VTK ugrid is built.
DEBUG: Camera's focal point is (0.5, 0.0, 0.0).
DEBUG: Camera's position is (1.7, 0.9, 1.2).
DEBUG: Camera's distance is 1.9.
DEBUG: Camera's ParallelScale is 0.5.
DEBUG: Camera's ClippingRange is (1.3, 2.7).
DEBUG: Camera's orientation is (28.5, -45.0, 0.0).

==================================================
439: spring7.inp
INFO: 2 nodes
INFO: 1 nsets
INFO: 1 elements
INFO: 1 elsets
INFO: 0 surfaces
INFO: VTK ugrid is built.
DEBUG: Camera's focal point is (0.5, 0.0, 0.0).
DEBUG: Camera's position is (1.7, 0.9, 1.2).
DEBUG: Camera's distance is 1.9.
DEBUG: Camera's ParallelScale is 0.5.
DEBUG: Camera's ClippingRange is (1.3, 2.7).
DEBUG: Camera's orientation is (28.5, -45.0, 0.0).

==================================================
440: submodelbeamp.inp
INFO: 261 nodes
INFO: 2 nsets
INFO: 32 elements
INFO: 1 elsets
INFO: 0 surfaces
INFO: VTK ugrid is built.
DEBUG: Camera's focal point is (0.5, 0.5, 0.4).
DEBUG: Camera's position is (2.4, 2.0, 2.3).
DEBUG: Camera's distance is 3.1.
DEBUG: Camera's ParallelScale is 0.8.
DEBUG: Camera's ClippingRange is (1.5, 5.2).
DEBUG: Camera's orientation is (28.5, -45.0, 0.0).

==================================================
441: submodeltwobeam.inp
INFO: 40 nodes
INFO: 3 nsets
INFO: 2 elements
INFO: 3 elsets
INFO: 0 surfaces
INFO: VTK ugrid is built.
DEBUG: Camera's focal point is (0.8, 0.2, 4.0).
DEBUG: Camera's position is (3.3, 2.2, 6.5).
DEBUG: Camera's distance is 4.1.
DEBUG: Camera's ParallelScale is 1.1.
DEBUG: Camera's ClippingRange is (2.3, 6.4).
DEBUG: Camera's orientation is (28.5, -45.0, 0.0).

==================================================
442: submodeltwobeamnlgeom.inp
INFO: 40 nodes
INFO: 3 nsets
INFO: 2 elements
INFO: 3 elsets
INFO: 0 surfaces
INFO: VTK ugrid is built.
DEBUG: Camera's focal point is (0.8, 0.2, 4.0).
DEBUG: Camera's position is (3.3, 2.2, 6.5).
DEBUG: Camera's distance is 4.1.
DEBUG: Camera's ParallelScale is 1.1.
DEBUG: Camera's ClippingRange is (2.3, 6.4).
DEBUG: Camera's orientation is (28.5, -45.0, 0.0).

==================================================
443: substructure.inp
INFO: 261 nodes
INFO: 3 nsets
INFO: 32 elements
INFO: 1 elsets
INFO: 0 surfaces
INFO: VTK ugrid is built.
DEBUG: Camera's focal point is (0.5, 0.5, 4.0).
DEBUG: Camera's position is (10.2, 8.0, 13.7).
DEBUG: Camera's distance is 15.7.
DEBUG: Camera's ParallelScale is 4.1.
DEBUG: Camera's ClippingRange is (9.5, 23.5).
DEBUG: Camera's orientation is (28.5, -45.0, 0.0).

==================================================
444: swing.inp
INFO: 41 nodes
INFO: 1 nsets
INFO: 20 elements
INFO: 3 elsets
INFO: 0 surfaces
INFO: VTK ugrid is built.
DEBUG: Camera's focal point is (0.5, 1.0, 1.5).
DEBUG: Camera's position is (5.0, 4.5, 6.0).
DEBUG: Camera's distance is 7.2.
DEBUG: Camera's ParallelScale is 1.9.
DEBUG: Camera's ClippingRange is (3.7, 11.6).
DEBUG: Camera's orientation is (28.5, -45.0, 0.0).

==================================================
445: tempdiscon.inp
INFO: 261 nodes
INFO: 4 nsets
INFO: 3 elements
INFO: 1 elsets
INFO: 0 surfaces
INFO: VTK ugrid is built.
DEBUG: Camera's focal point is (0.5, 0.5, 4.0).
DEBUG: Camera's position is (10.2, 8.0, 13.7).
DEBUG: Camera's distance is 15.7.
DEBUG: Camera's ParallelScale is 4.1.
DEBUG: Camera's ClippingRange is (9.5, 23.5).
DEBUG: Camera's orientation is (28.5, -45.0, 0.0).

==================================================
446: thermomech.inp
INFO: 522 nodes
INFO: 4 nsets
INFO: 64 elements
INFO: 1 elsets
INFO: 0 surfaces
INFO: VTK ugrid is built.
DEBUG: Camera's focal point is (1.5, 0.5, 4.0).
DEBUG: Camera's position is (11.8, 8.4, 14.3).
DEBUG: Camera's distance is 16.6.
DEBUG: Camera's ParallelScale is 4.3.
DEBUG: Camera's ClippingRange is (9.2, 26.0).
DEBUG: Camera's orientation is (28.5, -45.0, 0.0).

==================================================
447: thermomech2.inp
INFO: 522 nodes
INFO: 4 nsets
INFO: 64 elements
INFO: 1 elsets
INFO: 0 surfaces
INFO: VTK ugrid is built.
DEBUG: Camera's focal point is (1.5, 0.5, 4.0).
DEBUG: Camera's position is (11.8, 8.4, 14.3).
DEBUG: Camera's distance is 16.6.
DEBUG: Camera's ParallelScale is 4.3.
DEBUG: Camera's ClippingRange is (9.2, 26.0).
DEBUG: Camera's orientation is (28.5, -45.0, 0.0).

==================================================
448: thread.inp
INFO: 2389 nodes
INFO: 1 nsets
INFO: 718 elements
INFO: 13 elsets
INFO: 7 surfaces
INFO: VTK ugrid is built.
DEBUG: Camera's focal point is (5.8, 17.8, 0.0).
DEBUG: Camera's position is (48.1, 50.3, 42.3).
DEBUG: Camera's distance is 68.1.
DEBUG: Camera's ParallelScale is 17.6.
DEBUG: Camera's ClippingRange is (44.7, 97.7).
DEBUG: Camera's orientation is (28.5, -45.0, 0.0).

==================================================
449: transition.inp
INFO: 261 nodes
INFO: 3 nsets
INFO: 32 elements
INFO: 2 elsets
INFO: 0 surfaces
INFO: VTK ugrid is built.
DEBUG: Camera's focal point is (0.5, 0.8, 4.0).
DEBUG: Camera's position is (10.3, 8.3, 13.8).
DEBUG: Camera's distance is 15.8.
DEBUG: Camera's ParallelScale is 4.1.
DEBUG: Camera's ClippingRange is (9.4, 24.0).
DEBUG: Camera's orientation is (28.5, -45.0, 0.0).

==================================================
450: truss.inp
INFO: 3 nodes
INFO: 1 nsets
INFO: 2 elements
INFO: 1 elsets
INFO: 0 surfaces
INFO: VTK ugrid is built.
DEBUG: Camera's focal point is (2.5, 0.0, 5.0).
DEBUG: Camera's position is (15.9, 10.3, 18.4).
DEBUG: Camera's distance is 21.6.
DEBUG: Camera's ParallelScale is 5.6.
DEBUG: Camera's ClippingRange is (12.1, 33.6).
DEBUG: Camera's orientation is (28.5, -45.0, 0.0).

==================================================
451: truss2.inp
INFO: 21 nodes
INFO: 1 nsets
INFO: 10 elements
INFO: 1 elsets
INFO: 0 surfaces
INFO: VTK ugrid is built.
DEBUG: Camera's focal point is (10.0, 0.0, 0.0).
DEBUG: Camera's position is (34.0, 18.5, 24.0).
DEBUG: Camera's distance is 38.6.
DEBUG: Camera's ParallelScale is 10.0.
DEBUG: Camera's ClippingRange is (25.9, 54.8).
DEBUG: Camera's orientation is (28.5, -45.0, 0.0).

==================================================
452: unet1.inp
INFO: 5 nodes
INFO: 1 nsets
INFO: 3 elements
INFO: 1 elsets
INFO: 0 surfaces
INFO: VTK ugrid is built.
DEBUG: Camera's focal point is (3.0, 0.0, 0.0).
DEBUG: Camera's position is (7.8, 3.7, 4.8).
DEBUG: Camera's distance is 7.7.
DEBUG: Camera's ParallelScale is 2.0.
DEBUG: Camera's ClippingRange is (5.2, 11.0).
DEBUG: Camera's orientation is (28.5, -45.0, 0.0).

==================================================
453: unetp1.inp
INFO: 5 nodes
INFO: 1 nsets
INFO: 3 elements
INFO: 1 elsets
INFO: 0 surfaces
INFO: VTK ugrid is built.
DEBUG: Camera's focal point is (3.0, 0.0, 0.0).
DEBUG: Camera's position is (7.8, 3.7, 4.8).
DEBUG: Camera's distance is 7.7.
DEBUG: Camera's ParallelScale is 2.0.
DEBUG: Camera's ClippingRange is (5.2, 11.0).
DEBUG: Camera's orientation is (28.5, -45.0, 0.0).

==================================================
454: uprofile.inp
INFO: 11 nodes
INFO: 1 nsets
INFO: 5 elements
INFO: 1 elsets
INFO: 0 surfaces
INFO: VTK ugrid is built.
DEBUG: Camera's focal point is (0.0, 0.0, 500.0).
DEBUG: Camera's position is (1200.0, 923.1, 1700.0).
DEBUG: Camera's distance is 1931.9.
DEBUG: Camera's ParallelScale is 500.0.
DEBUG: Camera's ClippingRange is (1294.5, 2738.8).
DEBUG: Camera's orientation is (28.5, -45.0, 0.0).

==================================================
455: userbeam.inp
INFO: 2 nodes
INFO: 1 nsets
INFO: 1 elements
INFO: 1 elsets
INFO: 0 surfaces
INFO: VTK ugrid is built.
DEBUG: Camera's focal point is (5.0, 0.0, 0.0).
DEBUG: Camera's position is (17.0, 9.2, 12.0).
DEBUG: Camera's distance is 19.3.
DEBUG: Camera's ParallelScale is 5.0.
DEBUG: Camera's ClippingRange is (12.9, 27.4).
DEBUG: Camera's orientation is (28.5, -45.0, 0.0).

==================================================
456: vortex1.inp
INFO: 15 nodes
INFO: 1 nsets
INFO: 8 elements
INFO: 8 elsets
INFO: 0 surfaces
INFO: VTK ugrid is built.
DEBUG: Camera's focal point is (8.0, 0.0, 0.0).
DEBUG: Camera's position is (24.8, 12.9, 16.8).
DEBUG: Camera's distance is 27.0.
DEBUG: Camera's ParallelScale is 7.0.
DEBUG: Camera's ClippingRange is (18.1, 38.3).
DEBUG: Camera's orientation is (28.5, -45.0, 0.0).

==================================================
457: vortex2.inp
INFO: 15 nodes
INFO: 1 nsets
INFO: 8 elements
INFO: 8 elsets
INFO: 0 surfaces
INFO: VTK ugrid is built.
DEBUG: Camera's focal point is (8.0, 0.0, 0.0).
DEBUG: Camera's position is (24.8, 12.9, 16.8).
DEBUG: Camera's distance is 27.0.
DEBUG: Camera's ParallelScale is 7.0.
DEBUG: Camera's ClippingRange is (18.1, 38.3).
DEBUG: Camera's orientation is (28.5, -45.0, 0.0).

==================================================
458: vortex3.inp
INFO: 15 nodes
INFO: 1 nsets
INFO: 8 elements
INFO: 8 elsets
INFO: 0 surfaces
INFO: VTK ugrid is built.
DEBUG: Camera's focal point is (8.0, 0.0, 0.0).
DEBUG: Camera's position is (24.8, 12.9, 16.8).
DEBUG: Camera's distance is 27.0.
DEBUG: Camera's ParallelScale is 7.0.
DEBUG: Camera's ClippingRange is (18.1, 38.3).
DEBUG: Camera's orientation is (28.5, -45.0, 0.0).

==================================================
459: wire.inp
INFO: 107 nodes
INFO: 2 nsets
INFO: 30 elements
INFO: 3 elsets
INFO: 0 surfaces
INFO: VTK ugrid is built.
DEBUG: Camera's focal point is (0.5, 0.5, 0.1).
DEBUG: Camera's position is (2.2, 1.8, 1.8).
DEBUG: Camera's distance is 2.7.
DEBUG: Camera's ParallelScale is 0.7.
DEBUG: Camera's ClippingRange is (1.6, 4.2).
DEBUG: Camera's orientation is (28.5, -45.0, 0.0).

Total 71.6 seconds
