
==================================================
1: achtel2.inp
INFO: 98 nodes
WARNING: NSET SET1 - there is no node 82 in the mesh.
WARNING: NSET SET1 - there is no node 83 in the mesh.
WARNING: NSET SET1 - there is no node 84 in the mesh.
WARNING: NSET SET1 - there is no node 85 in the mesh.
WARNING: NSET SET1 - there is no node 86 in the mesh.
WARNING: NSET SET1 - there is no node 87 in the mesh.
WARNING: NSET SET1 - there is no node 88 in the mesh.
WARNING: NSET SET1 - there is no node 89 in the mesh.
WARNING: NSET SET1 - there is no node 90 in the mesh.
WARNING: NSET SET1 - there is no node 91 in the mesh.
WARNING: NSET SET1 - there is no node 92 in the mesh.
WARNING: NSET SET1 - there is no node 93 in the mesh.
WARNING: NSET SET1 - there is no node 94 in the mesh.
WARNING: NSET SET1 - there is no node 95 in the mesh.
WARNING: NSET SET1 - there is no node 96 in the mesh.
WARNING: NSET SET1 - there is no node 97 in the mesh.
WARNING: NSET SET1 - there is no node 98 in the mesh.
WARNING: NSET SET1 - there is no node 99 in the mesh.
WARNING: NSET SET1 - there is no node 100 in the mesh.
WARNING: NSET SET1 - there is no node 101 in the mesh.
WARNING: NSET SET1 - there is no node 102 in the mesh.
WARNING: NSET SET1 - there is no node 103 in the mesh.
WARNING: NSET SET1 - there is no node 104 in the mesh.
WARNING: NSET SET1 - there is no node 105 in the mesh.
WARNING: NSET SET1 - there is no node 106 in the mesh.
WARNING: NSET SET1 - there is no node 107 in the mesh.
WARNING: NSET SET1 - there is no node 108 in the mesh.
WARNING: NSET SET1 - there is no node 109 in the mesh.
WARNING: NSET SET1 - there is no node 110 in the mesh.
WARNING: NSET SET1 - there is no node 111 in the mesh.
WARNING: NSET SET1 - there is no node 112 in the mesh.
WARNING: NSET SET1 - there is no node 113 in the mesh.
WARNING: NSET SET1 - there is no node 114 in the mesh.
WARNING: NSET SET1 - there is no node 115 in the mesh.
WARNING: NSET SET1 - there is no node 116 in the mesh.
WARNING: NSET SET1 - there is no node 117 in the mesh.
WARNING: NSET SET1 - there is no node 118 in the mesh.
WARNING: NSET SET1 - there is no node 119 in the mesh.
WARNING: NSET SET1 - there is no node 120 in the mesh.
WARNING: NSET SET1 - there is no node 121 in the mesh.
WARNING: NSET SET1 - there is no node 122 in the mesh.
WARNING: NSET SET1 - there is no node 123 in the mesh.
WARNING: NSET SET1 - there is no node 124 in the mesh.
WARNING: NSET SET1 - there is no node 125 in the mesh.
WARNING: NSET SET1 - there is no node 126 in the mesh.
WARNING: NSET SET1 - there is no node 127 in the mesh.
WARNING: NSET SET1 - there is no node 128 in the mesh.
WARNING: NSET SET1 - there is no node 129 in the mesh.
WARNING: NSET SET1 - there is no node 130 in the mesh.
WARNING: NSET SET1 - there is no node 131 in the mesh.
WARNING: NSET SET1 - there is no node 132 in the mesh.
WARNING: NSET SET1 - there is no node 133 in the mesh.
WARNING: NSET SET1 - there is no node 134 in the mesh.
WARNING: NSET SET1 - there is no node 135 in the mesh.
WARNING: NSET SET1 - there is no node 136 in the mesh.
WARNING: NSET SET1 - there is no node 137 in the mesh.
WARNING: NSET SET1 - there is no node 138 in the mesh.
WARNING: NSET SET1 - there is no node 139 in the mesh.
WARNING: NSET SET1 - there is no node 140 in the mesh.
WARNING: NSET SET1 - there is no node 141 in the mesh.
WARNING: NSET SET1 - there is no node 142 in the mesh.
WARNING: NSET SET1 - there is no node 143 in the mesh.
WARNING: NSET SET1 - there is no node 144 in the mesh.
WARNING: NSET SET1 - there is no node 145 in the mesh.
WARNING: NSET SET1 - there is no node 146 in the mesh.
WARNING: NSET SET1 - there is no node 147 in the mesh.
WARNING: NSET SET1 - there is no node 148 in the mesh.
WARNING: NSET SET1 - there is no node 149 in the mesh.
WARNING: NSET SET1 - there is no node 150 in the mesh.
WARNING: NSET SET1 - there is no node 151 in the mesh.
WARNING: NSET SET1 - there is no node 152 in the mesh.
WARNING: NSET SET1 - there is no node 153 in the mesh.
WARNING: NSET SET1 - there is no node 154 in the mesh.
WARNING: NSET SET1 - there is no node 155 in the mesh.
WARNING: NSET SET1 - there is no node 159 in the mesh.
WARNING: NSET SET1 - there is no node 160 in the mesh.
WARNING: NSET SET1 - there is no node 164 in the mesh.
WARNING: NSET SET1 - there is no node 165 in the mesh.
WARNING: NSET SET1 - there is no node 169 in the mesh.
WARNING: NSET SET1 - there is no node 170 in the mesh.
WARNING: NSET SET1 - there is no node 174 in the mesh.
WARNING: NSET SET1 - there is no node 175 in the mesh.
INFO: 1 nsets: SET1
INFO: 8 elements
INFO: 2 elsets: SET2, EALL
INFO: 0 surfaces

==================================================
2: achtel29.inp
INFO: 98 nodes
WARNING: NSET SET1 - there is no node 82 in the mesh.
WARNING: NSET SET1 - there is no node 83 in the mesh.
WARNING: NSET SET1 - there is no node 84 in the mesh.
WARNING: NSET SET1 - there is no node 85 in the mesh.
WARNING: NSET SET1 - there is no node 86 in the mesh.
WARNING: NSET SET1 - there is no node 87 in the mesh.
WARNING: NSET SET1 - there is no node 88 in the mesh.
WARNING: NSET SET1 - there is no node 89 in the mesh.
WARNING: NSET SET1 - there is no node 90 in the mesh.
WARNING: NSET SET1 - there is no node 91 in the mesh.
WARNING: NSET SET1 - there is no node 92 in the mesh.
WARNING: NSET SET1 - there is no node 93 in the mesh.
WARNING: NSET SET1 - there is no node 94 in the mesh.
WARNING: NSET SET1 - there is no node 95 in the mesh.
WARNING: NSET SET1 - there is no node 96 in the mesh.
WARNING: NSET SET1 - there is no node 97 in the mesh.
WARNING: NSET SET1 - there is no node 98 in the mesh.
WARNING: NSET SET1 - there is no node 99 in the mesh.
WARNING: NSET SET1 - there is no node 100 in the mesh.
WARNING: NSET SET1 - there is no node 101 in the mesh.
WARNING: NSET SET1 - there is no node 102 in the mesh.
WARNING: NSET SET1 - there is no node 103 in the mesh.
WARNING: NSET SET1 - there is no node 104 in the mesh.
WARNING: NSET SET1 - there is no node 105 in the mesh.
WARNING: NSET SET1 - there is no node 106 in the mesh.
WARNING: NSET SET1 - there is no node 107 in the mesh.
WARNING: NSET SET1 - there is no node 108 in the mesh.
WARNING: NSET SET1 - there is no node 109 in the mesh.
WARNING: NSET SET1 - there is no node 110 in the mesh.
WARNING: NSET SET1 - there is no node 111 in the mesh.
WARNING: NSET SET1 - there is no node 112 in the mesh.
WARNING: NSET SET1 - there is no node 113 in the mesh.
WARNING: NSET SET1 - there is no node 114 in the mesh.
WARNING: NSET SET1 - there is no node 115 in the mesh.
WARNING: NSET SET1 - there is no node 116 in the mesh.
WARNING: NSET SET1 - there is no node 117 in the mesh.
WARNING: NSET SET1 - there is no node 118 in the mesh.
WARNING: NSET SET1 - there is no node 119 in the mesh.
WARNING: NSET SET1 - there is no node 120 in the mesh.
WARNING: NSET SET1 - there is no node 121 in the mesh.
WARNING: NSET SET1 - there is no node 122 in the mesh.
WARNING: NSET SET1 - there is no node 123 in the mesh.
WARNING: NSET SET1 - there is no node 124 in the mesh.
WARNING: NSET SET1 - there is no node 125 in the mesh.
WARNING: NSET SET1 - there is no node 126 in the mesh.
WARNING: NSET SET1 - there is no node 127 in the mesh.
WARNING: NSET SET1 - there is no node 128 in the mesh.
WARNING: NSET SET1 - there is no node 129 in the mesh.
WARNING: NSET SET1 - there is no node 130 in the mesh.
WARNING: NSET SET1 - there is no node 131 in the mesh.
WARNING: NSET SET1 - there is no node 132 in the mesh.
WARNING: NSET SET1 - there is no node 133 in the mesh.
WARNING: NSET SET1 - there is no node 134 in the mesh.
WARNING: NSET SET1 - there is no node 135 in the mesh.
WARNING: NSET SET1 - there is no node 136 in the mesh.
WARNING: NSET SET1 - there is no node 137 in the mesh.
WARNING: NSET SET1 - there is no node 138 in the mesh.
WARNING: NSET SET1 - there is no node 139 in the mesh.
WARNING: NSET SET1 - there is no node 140 in the mesh.
WARNING: NSET SET1 - there is no node 141 in the mesh.
WARNING: NSET SET1 - there is no node 142 in the mesh.
WARNING: NSET SET1 - there is no node 143 in the mesh.
WARNING: NSET SET1 - there is no node 144 in the mesh.
WARNING: NSET SET1 - there is no node 145 in the mesh.
WARNING: NSET SET1 - there is no node 146 in the mesh.
WARNING: NSET SET1 - there is no node 147 in the mesh.
WARNING: NSET SET1 - there is no node 148 in the mesh.
WARNING: NSET SET1 - there is no node 149 in the mesh.
WARNING: NSET SET1 - there is no node 150 in the mesh.
WARNING: NSET SET1 - there is no node 151 in the mesh.
WARNING: NSET SET1 - there is no node 152 in the mesh.
WARNING: NSET SET1 - there is no node 153 in the mesh.
WARNING: NSET SET1 - there is no node 154 in the mesh.
WARNING: NSET SET1 - there is no node 155 in the mesh.
WARNING: NSET SET1 - there is no node 159 in the mesh.
WARNING: NSET SET1 - there is no node 160 in the mesh.
WARNING: NSET SET1 - there is no node 164 in the mesh.
WARNING: NSET SET1 - there is no node 165 in the mesh.
WARNING: NSET SET1 - there is no node 169 in the mesh.
WARNING: NSET SET1 - there is no node 170 in the mesh.
WARNING: NSET SET1 - there is no node 174 in the mesh.
WARNING: NSET SET1 - there is no node 175 in the mesh.
INFO: 1 nsets: SET1
INFO: 8 elements
INFO: 2 elsets: SET2, EALL
INFO: 0 surfaces

==================================================
3: achtel9.inp
INFO: 98 nodes
WARNING: NSET SET1 - there is no node 82 in the mesh.
WARNING: NSET SET1 - there is no node 83 in the mesh.
WARNING: NSET SET1 - there is no node 84 in the mesh.
WARNING: NSET SET1 - there is no node 85 in the mesh.
WARNING: NSET SET1 - there is no node 86 in the mesh.
WARNING: NSET SET1 - there is no node 87 in the mesh.
WARNING: NSET SET1 - there is no node 88 in the mesh.
WARNING: NSET SET1 - there is no node 89 in the mesh.
WARNING: NSET SET1 - there is no node 90 in the mesh.
WARNING: NSET SET1 - there is no node 91 in the mesh.
WARNING: NSET SET1 - there is no node 92 in the mesh.
WARNING: NSET SET1 - there is no node 93 in the mesh.
WARNING: NSET SET1 - there is no node 94 in the mesh.
WARNING: NSET SET1 - there is no node 95 in the mesh.
WARNING: NSET SET1 - there is no node 96 in the mesh.
WARNING: NSET SET1 - there is no node 97 in the mesh.
WARNING: NSET SET1 - there is no node 98 in the mesh.
WARNING: NSET SET1 - there is no node 99 in the mesh.
WARNING: NSET SET1 - there is no node 100 in the mesh.
WARNING: NSET SET1 - there is no node 101 in the mesh.
WARNING: NSET SET1 - there is no node 102 in the mesh.
WARNING: NSET SET1 - there is no node 103 in the mesh.
WARNING: NSET SET1 - there is no node 104 in the mesh.
WARNING: NSET SET1 - there is no node 105 in the mesh.
WARNING: NSET SET1 - there is no node 106 in the mesh.
WARNING: NSET SET1 - there is no node 107 in the mesh.
WARNING: NSET SET1 - there is no node 108 in the mesh.
WARNING: NSET SET1 - there is no node 109 in the mesh.
WARNING: NSET SET1 - there is no node 110 in the mesh.
WARNING: NSET SET1 - there is no node 111 in the mesh.
WARNING: NSET SET1 - there is no node 112 in the mesh.
WARNING: NSET SET1 - there is no node 113 in the mesh.
WARNING: NSET SET1 - there is no node 114 in the mesh.
WARNING: NSET SET1 - there is no node 115 in the mesh.
WARNING: NSET SET1 - there is no node 116 in the mesh.
WARNING: NSET SET1 - there is no node 117 in the mesh.
WARNING: NSET SET1 - there is no node 118 in the mesh.
WARNING: NSET SET1 - there is no node 119 in the mesh.
WARNING: NSET SET1 - there is no node 120 in the mesh.
WARNING: NSET SET1 - there is no node 121 in the mesh.
WARNING: NSET SET1 - there is no node 122 in the mesh.
WARNING: NSET SET1 - there is no node 123 in the mesh.
WARNING: NSET SET1 - there is no node 124 in the mesh.
WARNING: NSET SET1 - there is no node 125 in the mesh.
WARNING: NSET SET1 - there is no node 126 in the mesh.
WARNING: NSET SET1 - there is no node 127 in the mesh.
WARNING: NSET SET1 - there is no node 128 in the mesh.
WARNING: NSET SET1 - there is no node 129 in the mesh.
WARNING: NSET SET1 - there is no node 130 in the mesh.
WARNING: NSET SET1 - there is no node 131 in the mesh.
WARNING: NSET SET1 - there is no node 132 in the mesh.
WARNING: NSET SET1 - there is no node 133 in the mesh.
WARNING: NSET SET1 - there is no node 134 in the mesh.
WARNING: NSET SET1 - there is no node 135 in the mesh.
WARNING: NSET SET1 - there is no node 136 in the mesh.
WARNING: NSET SET1 - there is no node 137 in the mesh.
WARNING: NSET SET1 - there is no node 138 in the mesh.
WARNING: NSET SET1 - there is no node 139 in the mesh.
WARNING: NSET SET1 - there is no node 140 in the mesh.
WARNING: NSET SET1 - there is no node 141 in the mesh.
WARNING: NSET SET1 - there is no node 142 in the mesh.
WARNING: NSET SET1 - there is no node 143 in the mesh.
WARNING: NSET SET1 - there is no node 144 in the mesh.
WARNING: NSET SET1 - there is no node 145 in the mesh.
WARNING: NSET SET1 - there is no node 146 in the mesh.
WARNING: NSET SET1 - there is no node 147 in the mesh.
WARNING: NSET SET1 - there is no node 148 in the mesh.
WARNING: NSET SET1 - there is no node 149 in the mesh.
WARNING: NSET SET1 - there is no node 150 in the mesh.
WARNING: NSET SET1 - there is no node 151 in the mesh.
WARNING: NSET SET1 - there is no node 152 in the mesh.
WARNING: NSET SET1 - there is no node 153 in the mesh.
WARNING: NSET SET1 - there is no node 154 in the mesh.
WARNING: NSET SET1 - there is no node 155 in the mesh.
WARNING: NSET SET1 - there is no node 159 in the mesh.
WARNING: NSET SET1 - there is no node 160 in the mesh.
WARNING: NSET SET1 - there is no node 164 in the mesh.
WARNING: NSET SET1 - there is no node 165 in the mesh.
WARNING: NSET SET1 - there is no node 169 in the mesh.
WARNING: NSET SET1 - there is no node 170 in the mesh.
WARNING: NSET SET1 - there is no node 174 in the mesh.
WARNING: NSET SET1 - there is no node 175 in the mesh.
INFO: 1 nsets: SET1
INFO: 8 elements
INFO: 2 elsets: SET2, EALL
INFO: 0 surfaces

==================================================
4: achtelc.inp
INFO: 81 nodes
INFO: 1 nsets: SET1
INFO: 8 elements
INFO: 2 elsets: SET2, EALL
INFO: 0 surfaces

==================================================
5: achtelcas.inp
INFO: 98 nodes
INFO: 1 nsets: SET1
INFO: 8 elements
INFO: 2 elsets: SET2, EALL
INFO: 0 surfaces

==================================================
6: achteld.inp
INFO: 81 nodes
INFO: 1 nsets: SET1
INFO: 8 elements
INFO: 1 elsets: EALL
INFO: 0 surfaces

==================================================
7: achtelg.inp
INFO: 81 nodes
INFO: 1 nsets: SET1
INFO: 8 elements
INFO: 2 elsets: SET2, EALL
INFO: 0 surfaces

==================================================
8: achtelp.inp
INFO: 81 nodes
INFO: 1 nsets: SET1
INFO: 8 elements
INFO: 2 elsets: SET2, EALL
INFO: 0 surfaces

==================================================
9: acou1.inp
INFO: 262 nodes
INFO: 4 nsets: CN7, NALL, GIBO, MID
INFO: 32 elements
INFO: 2 elsets: B1, Eall
INFO: 0 surfaces

==================================================
10: acou2.inp
INFO: 262 nodes
INFO: 4 nsets: CN7, NALL, GIBO, MID
INFO: 32 elements
INFO: 2 elsets: B1, Eall
INFO: 0 surfaces

==================================================
11: acou3.inp
INFO: 262 nodes
INFO: 7 nsets: CN7, Nall, Nfixx, Nfixy, Nfixz, GIBO, MID
INFO: 32 elements
INFO: 2 elsets: B1, Eall
INFO: 0 surfaces

==================================================
12: acou4.inp
INFO: 262 nodes
INFO: 7 nsets: CN7, Nall, Nfixx, Nfixy, Nfixz, GIBO, MID
INFO: 32 elements
INFO: 2 elsets: B1, Eall
INFO: 0 surfaces

==================================================
13: aircolumn.inp
INFO: 262 nodes
INFO: 3 nsets: CN7, NALL, GIBO
INFO: 32 elements
INFO: 2 elsets: B1, Eall
INFO: 0 surfaces

==================================================
14: anipla.inp
INFO: 20 nodes
INFO: 3 nsets: Nall, Nfixz, END
INFO: 1 elements
INFO: 1 elsets: Eall
INFO: 0 surfaces

==================================================
15: aniso.inp
INFO: 261 nodes
INFO: 3 nsets: CN7, NALL, LAST
INFO: 32 elements
INFO: 2 elsets: B1, EALL
INFO: 0 surfaces

==================================================
16: artery1.inp
INFO: 13 nodes
INFO: 1 nsets: Nall
INFO: 4 elements
INFO: 2 elsets: Etube, Ewater
INFO: 0 surfaces

==================================================
17: artery2.inp
INFO: 13 nodes
INFO: 1 nsets: Nall
INFO: 4 elements
INFO: 2 elsets: Etube, Ewater
INFO: 0 surfaces

==================================================
18: artery3.inp
INFO: 14 nodes
INFO: 1 nsets: Nall
INFO: 4 elements
INFO: 2 elsets: Etube, Ewater
INFO: 0 surfaces

==================================================
19: artery5.inp
INFO: 14 nodes
INFO: 1 nsets: Nall
INFO: 4 elements
INFO: 2 elsets: Etube, Ewater
INFO: 0 surfaces

==================================================
20: ax6.inp
INFO: 85 nodes
INFO: 1 nsets: Nall
INFO: 32 elements
INFO: 1 elsets: Eall
INFO: 0 surfaces

==================================================
21: ax6ht.inp
INFO: 85 nodes
INFO: 1 nsets: Nall
INFO: 32 elements
INFO: 1 elsets: Eall
INFO: 0 surfaces

==================================================
22: axial.inp
INFO: 13 nodes
INFO: 1 nsets: Nall
INFO: 2 elements
INFO: 1 elsets: Eall
INFO: 0 surfaces

==================================================
23: axiplane.inp
INFO: 13 nodes
INFO: 1 nsets: Nall
INFO: 2 elements
INFO: 3 elsets: Eaxi, Eplanestress, Eall
INFO: 0 surfaces

==================================================
24: axrad.inp
INFO: 53 nodes
INFO: 3 nsets: Nall, Nfix1, Nfix2
INFO: 10 elements
INFO: 1 elsets: Eall
INFO: 0 surfaces

==================================================
25: axrad2.inp
INFO: 3876 nodes
INFO: 5 nsets: Nall, Nfluid, TF_1, TF_2, TF_3
INFO: 1140 elements
INFO: 1 elsets: MPR
INFO: 0 surfaces

==================================================
26: b31.inp
INFO: 11 nodes
INFO: 1 nsets: Nall
INFO: 10 elements
INFO: 1 elsets: EAll
INFO: 0 surfaces

==================================================
27: b31nodthi.inp
INFO: 11 nodes
INFO: 1 nsets: Nall
INFO: 10 elements
INFO: 2 elsets: EAll, E1
INFO: 0 surfaces

==================================================
28: ball.inp
INFO: 1025 nodes
INFO: 3 nsets: Nall, nfloor, nsurface
INFO: 769 elements
INFO: 2 elsets: elall, efloor
INFO: 2 surfaces

==================================================
29: beam10p.inp
INFO: 90 nodes
INFO: 3 nsets: NALL, FIX, LOAD
INFO: 31 elements
INFO: 1 elsets: EALL
INFO: 0 surfaces

==================================================
30: beam20p.inp
INFO: 261 nodes
INFO: 3 nsets: CN7, NALL, LAST
INFO: 32 elements
INFO: 2 elsets: B1, EALL
INFO: 0 surfaces

==================================================
31: beam20t.inp
INFO: 261 nodes
INFO: 7 nsets: CN7, NALL, LAST, GIBO, Nnt500, Nnt750, Nnt1000
INFO: 32 elements
INFO: 2 elsets: B1, EALL
INFO: 0 surfaces

==================================================
32: beam8b.inp
INFO: 425 nodes
INFO: 3 nsets: Nall, FIX, LAST
WARNING: Duplicated elset name Eall!
WARNING: Duplicated elset name Eall!
WARNING: Duplicated elset name Eall!
WARNING: Duplicated elset name Eall!
WARNING: Duplicated elset name Eall!
WARNING: Duplicated elset name Eall!
WARNING: Duplicated elset name Eall!
WARNING: Duplicated elset name Eall!
WARNING: Duplicated elset name Eall!
WARNING: Duplicated elset name Eall!
WARNING: Duplicated elset name Eall!
WARNING: Duplicated elset name Eall!
WARNING: Duplicated elset name Eall!
WARNING: Duplicated elset name Eall!
WARNING: Duplicated elset name Eall!
WARNING: Duplicated elset name Eall!
WARNING: Duplicated elset name Eall!
WARNING: Duplicated elset name Eall!
WARNING: Duplicated elset name Eall!
WARNING: Duplicated elset name Eall!
WARNING: Duplicated elset name Eall!
WARNING: Duplicated elset name Eall!
WARNING: Duplicated elset name Eall!
WARNING: Duplicated elset name Eall!
WARNING: Duplicated elset name Eall!
WARNING: Duplicated elset name Eall!
WARNING: Duplicated elset name Eall!
WARNING: Duplicated elset name Eall!
WARNING: Duplicated elset name Eall!
WARNING: Duplicated elset name Eall!
WARNING: Duplicated elset name Eall!
WARNING: Duplicated elset name Eall!
WARNING: Duplicated elset name Eall!
WARNING: Duplicated elset name Eall!
WARNING: Duplicated elset name Eall!
WARNING: Duplicated elset name Eall!
WARNING: Duplicated elset name Eall!
WARNING: Duplicated elset name Eall!
WARNING: Duplicated elset name Eall!
WARNING: Duplicated elset name Eall!
WARNING: Duplicated elset name Eall!
WARNING: Duplicated elset name Eall!
WARNING: Duplicated elset name Eall!
WARNING: Duplicated elset name Eall!
WARNING: Duplicated elset name Eall!
WARNING: Duplicated elset name Eall!
WARNING: Duplicated elset name Eall!
WARNING: Duplicated elset name Eall!
WARNING: Duplicated elset name Eall!
WARNING: Duplicated elset name Eall!
WARNING: Duplicated elset name Eall!
WARNING: Duplicated elset name Eall!
WARNING: Duplicated elset name Eall!
WARNING: Duplicated elset name Eall!
WARNING: Duplicated elset name Eall!
WARNING: Duplicated elset name Eall!
WARNING: Duplicated elset name Eall!
WARNING: Duplicated elset name Eall!
WARNING: Duplicated elset name Eall!
WARNING: Duplicated elset name Eall!
WARNING: Duplicated elset name Eall!
WARNING: Duplicated elset name Eall!
WARNING: Duplicated elset name Eall!
WARNING: Duplicated elset name Eall!
WARNING: Duplicated elset name Eall!
WARNING: Duplicated elset name Eall!
WARNING: Duplicated elset name Eall!
WARNING: Duplicated elset name Eall!
WARNING: Duplicated elset name Eall!
WARNING: Duplicated elset name Eall!
WARNING: Duplicated elset name Eall!
WARNING: Duplicated elset name Eall!
WARNING: Duplicated elset name Eall!
WARNING: Duplicated elset name Eall!
WARNING: Duplicated elset name Eall!
WARNING: Duplicated elset name Eall!
WARNING: Duplicated elset name Eall!
WARNING: Duplicated elset name Eall!
WARNING: Duplicated elset name Eall!
WARNING: Duplicated elset name Eall!
WARNING: Duplicated elset name Eall!
WARNING: Duplicated elset name Eall!
WARNING: Duplicated elset name Eall!
WARNING: Duplicated elset name Eall!
WARNING: Duplicated elset name Eall!
WARNING: Duplicated elset name Eall!
WARNING: Duplicated elset name Eall!
WARNING: Duplicated elset name Eall!
WARNING: Duplicated elset name Eall!
WARNING: Duplicated elset name Eall!
WARNING: Duplicated elset name Eall!
WARNING: Duplicated elset name Eall!
WARNING: Duplicated elset name Eall!
WARNING: Duplicated elset name Eall!
WARNING: Duplicated elset name Eall!
WARNING: Duplicated elset name Eall!
WARNING: Duplicated elset name Eall!
WARNING: Duplicated elset name Eall!
WARNING: Duplicated elset name Eall!
WARNING: Duplicated elset name Eall!
WARNING: Duplicated elset name Eall!
WARNING: Duplicated elset name Eall!
WARNING: Duplicated elset name Eall!
WARNING: Duplicated elset name Eall!
WARNING: Duplicated elset name Eall!
WARNING: Duplicated elset name Eall!
WARNING: Duplicated elset name Eall!
WARNING: Duplicated elset name Eall!
WARNING: Duplicated elset name Eall!
WARNING: Duplicated elset name Eall!
WARNING: Duplicated elset name Eall!
WARNING: Duplicated elset name Eall!
WARNING: Duplicated elset name Eall!
WARNING: Duplicated elset name Eall!
WARNING: Duplicated elset name Eall!
WARNING: Duplicated elset name Eall!
WARNING: Duplicated elset name Eall!
WARNING: Duplicated elset name Eall!
WARNING: Duplicated elset name Eall!
WARNING: Duplicated elset name Eall!
WARNING: Duplicated elset name Eall!
WARNING: Duplicated elset name Eall!
WARNING: Duplicated elset name Eall!
WARNING: Duplicated elset name Eall!
WARNING: Duplicated elset name Eall!
WARNING: Duplicated elset name Eall!
WARNING: Duplicated elset name Eall!
WARNING: Duplicated elset name Eall!
WARNING: Duplicated elset name Eall!
WARNING: Duplicated elset name Eall!
WARNING: Duplicated elset name Eall!
WARNING: Duplicated elset name Eall!
WARNING: Duplicated elset name Eall!
WARNING: Duplicated elset name Eall!
WARNING: Duplicated elset name Eall!
WARNING: Duplicated elset name Eall!
WARNING: Duplicated elset name Eall!
WARNING: Duplicated elset name Eall!
WARNING: Duplicated elset name Eall!
WARNING: Duplicated elset name Eall!
WARNING: Duplicated elset name Eall!
WARNING: Duplicated elset name Eall!
WARNING: Duplicated elset name Eall!
WARNING: Duplicated elset name Eall!
WARNING: Duplicated elset name Eall!
WARNING: Duplicated elset name Eall!
WARNING: Duplicated elset name Eall!
WARNING: Duplicated elset name Eall!
WARNING: Duplicated elset name Eall!
WARNING: Duplicated elset name Eall!
WARNING: Duplicated elset name Eall!
WARNING: Duplicated elset name Eall!
WARNING: Duplicated elset name Eall!
WARNING: Duplicated elset name Eall!
WARNING: Duplicated elset name Eall!
WARNING: Duplicated elset name Eall!
WARNING: Duplicated elset name Eall!
WARNING: Duplicated elset name Eall!
WARNING: Duplicated elset name Eall!
WARNING: Duplicated elset name Eall!
WARNING: Duplicated elset name Eall!
WARNING: Duplicated elset name Eall!
WARNING: Duplicated elset name Eall!
WARNING: Duplicated elset name Eall!
WARNING: Duplicated elset name Eall!
WARNING: Duplicated elset name Eall!
WARNING: Duplicated elset name Eall!
WARNING: Duplicated elset name Eall!
WARNING: Duplicated elset name Eall!
WARNING: Duplicated elset name Eall!
WARNING: Duplicated elset name Eall!
WARNING: Duplicated elset name Eall!
WARNING: Duplicated elset name Eall!
WARNING: Duplicated elset name Eall!
WARNING: Duplicated elset name Eall!
WARNING: Duplicated elset name Eall!
WARNING: Duplicated elset name Eall!
WARNING: Duplicated elset name Eall!
WARNING: Duplicated elset name Eall!
WARNING: Duplicated elset name Eall!
WARNING: Duplicated elset name Eall!
WARNING: Duplicated elset name Eall!
WARNING: Duplicated elset name Eall!
WARNING: Duplicated elset name Eall!
WARNING: Duplicated elset name Eall!
WARNING: Duplicated elset name Eall!
WARNING: Duplicated elset name Eall!
WARNING: Duplicated elset name Eall!
WARNING: Duplicated elset name Eall!
WARNING: Duplicated elset name Eall!
WARNING: Duplicated elset name Eall!
WARNING: Duplicated elset name Eall!
WARNING: Duplicated elset name Eall!
WARNING: Duplicated elset name Eall!
WARNING: Duplicated elset name Eall!
WARNING: Duplicated elset name Eall!
WARNING: Duplicated elset name Eall!
WARNING: Duplicated elset name Eall!
WARNING: Duplicated elset name Eall!
WARNING: Duplicated elset name Eall!
WARNING: Duplicated elset name Eall!
WARNING: Duplicated elset name Eall!
WARNING: Duplicated elset name Eall!
WARNING: Duplicated elset name Eall!
WARNING: Duplicated elset name Eall!
WARNING: Duplicated elset name Eall!
WARNING: Duplicated elset name Eall!
WARNING: Duplicated elset name Eall!
WARNING: Duplicated elset name Eall!
WARNING: Duplicated elset name Eall!
WARNING: Duplicated elset name Eall!
WARNING: Duplicated elset name Eall!
WARNING: Duplicated elset name Eall!
WARNING: Duplicated elset name Eall!
WARNING: Duplicated elset name Eall!
WARNING: Duplicated elset name Eall!
WARNING: Duplicated elset name Eall!
WARNING: Duplicated elset name Eall!
WARNING: Duplicated elset name Eall!
WARNING: Duplicated elset name Eall!
WARNING: Duplicated elset name Eall!
WARNING: Duplicated elset name Eall!
WARNING: Duplicated elset name Eall!
WARNING: Duplicated elset name Eall!
WARNING: Duplicated elset name Eall!
WARNING: Duplicated elset name Eall!
WARNING: Duplicated elset name Eall!
WARNING: Duplicated elset name Eall!
WARNING: Duplicated elset name Eall!
WARNING: Duplicated elset name Eall!
WARNING: Duplicated elset name Eall!
WARNING: Duplicated elset name Eall!
WARNING: Duplicated elset name Eall!
WARNING: Duplicated elset name Eall!
WARNING: Duplicated elset name Eall!
WARNING: Duplicated elset name Eall!
WARNING: Duplicated elset name Eall!
WARNING: Duplicated elset name Eall!
WARNING: Duplicated elset name Eall!
WARNING: Duplicated elset name Eall!
WARNING: Duplicated elset name Eall!
WARNING: Duplicated elset name Eall!
WARNING: Duplicated elset name Eall!
WARNING: Duplicated elset name Eall!
WARNING: Duplicated elset name Eall!
WARNING: Duplicated elset name Eall!
WARNING: Duplicated elset name Eall!
WARNING: Duplicated elset name Eall!
WARNING: Duplicated elset name Eall!
WARNING: Duplicated elset name Eall!
WARNING: Duplicated elset name Eall!
WARNING: Duplicated elset name Eall!
WARNING: Duplicated elset name Eall!
WARNING: Duplicated elset name Eall!
WARNING: Duplicated elset name Eall!
INFO: 256 elements
INFO: 1 elsets: Eall
INFO: 0 surfaces

==================================================
33: beam8f.inp
INFO: 425 nodes
INFO: 3 nsets: Nall, FIX, LAST
WARNING: Duplicated elset name Eall!
WARNING: Duplicated elset name Eall!
WARNING: Duplicated elset name Eall!
WARNING: Duplicated elset name Eall!
WARNING: Duplicated elset name Eall!
WARNING: Duplicated elset name Eall!
WARNING: Duplicated elset name Eall!
WARNING: Duplicated elset name Eall!
WARNING: Duplicated elset name Eall!
WARNING: Duplicated elset name Eall!
WARNING: Duplicated elset name Eall!
WARNING: Duplicated elset name Eall!
WARNING: Duplicated elset name Eall!
WARNING: Duplicated elset name Eall!
WARNING: Duplicated elset name Eall!
WARNING: Duplicated elset name Eall!
WARNING: Duplicated elset name Eall!
WARNING: Duplicated elset name Eall!
WARNING: Duplicated elset name Eall!
WARNING: Duplicated elset name Eall!
WARNING: Duplicated elset name Eall!
WARNING: Duplicated elset name Eall!
WARNING: Duplicated elset name Eall!
WARNING: Duplicated elset name Eall!
WARNING: Duplicated elset name Eall!
WARNING: Duplicated elset name Eall!
WARNING: Duplicated elset name Eall!
WARNING: Duplicated elset name Eall!
WARNING: Duplicated elset name Eall!
WARNING: Duplicated elset name Eall!
WARNING: Duplicated elset name Eall!
WARNING: Duplicated elset name Eall!
WARNING: Duplicated elset name Eall!
WARNING: Duplicated elset name Eall!
WARNING: Duplicated elset name Eall!
WARNING: Duplicated elset name Eall!
WARNING: Duplicated elset name Eall!
WARNING: Duplicated elset name Eall!
WARNING: Duplicated elset name Eall!
WARNING: Duplicated elset name Eall!
WARNING: Duplicated elset name Eall!
WARNING: Duplicated elset name Eall!
WARNING: Duplicated elset name Eall!
WARNING: Duplicated elset name Eall!
WARNING: Duplicated elset name Eall!
WARNING: Duplicated elset name Eall!
WARNING: Duplicated elset name Eall!
WARNING: Duplicated elset name Eall!
WARNING: Duplicated elset name Eall!
WARNING: Duplicated elset name Eall!
WARNING: Duplicated elset name Eall!
WARNING: Duplicated elset name Eall!
WARNING: Duplicated elset name Eall!
WARNING: Duplicated elset name Eall!
WARNING: Duplicated elset name Eall!
WARNING: Duplicated elset name Eall!
WARNING: Duplicated elset name Eall!
WARNING: Duplicated elset name Eall!
WARNING: Duplicated elset name Eall!
WARNING: Duplicated elset name Eall!
WARNING: Duplicated elset name Eall!
WARNING: Duplicated elset name Eall!
WARNING: Duplicated elset name Eall!
WARNING: Duplicated elset name Eall!
WARNING: Duplicated elset name Eall!
WARNING: Duplicated elset name Eall!
WARNING: Duplicated elset name Eall!
WARNING: Duplicated elset name Eall!
WARNING: Duplicated elset name Eall!
WARNING: Duplicated elset name Eall!
WARNING: Duplicated elset name Eall!
WARNING: Duplicated elset name Eall!
WARNING: Duplicated elset name Eall!
WARNING: Duplicated elset name Eall!
WARNING: Duplicated elset name Eall!
WARNING: Duplicated elset name Eall!
WARNING: Duplicated elset name Eall!
WARNING: Duplicated elset name Eall!
WARNING: Duplicated elset name Eall!
WARNING: Duplicated elset name Eall!
WARNING: Duplicated elset name Eall!
WARNING: Duplicated elset name Eall!
WARNING: Duplicated elset name Eall!
WARNING: Duplicated elset name Eall!
WARNING: Duplicated elset name Eall!
WARNING: Duplicated elset name Eall!
WARNING: Duplicated elset name Eall!
WARNING: Duplicated elset name Eall!
WARNING: Duplicated elset name Eall!
WARNING: Duplicated elset name Eall!
WARNING: Duplicated elset name Eall!
WARNING: Duplicated elset name Eall!
WARNING: Duplicated elset name Eall!
WARNING: Duplicated elset name Eall!
WARNING: Duplicated elset name Eall!
WARNING: Duplicated elset name Eall!
WARNING: Duplicated elset name Eall!
WARNING: Duplicated elset name Eall!
WARNING: Duplicated elset name Eall!
WARNING: Duplicated elset name Eall!
WARNING: Duplicated elset name Eall!
WARNING: Duplicated elset name Eall!
WARNING: Duplicated elset name Eall!
WARNING: Duplicated elset name Eall!
WARNING: Duplicated elset name Eall!
WARNING: Duplicated elset name Eall!
WARNING: Duplicated elset name Eall!
WARNING: Duplicated elset name Eall!
WARNING: Duplicated elset name Eall!
WARNING: Duplicated elset name Eall!
WARNING: Duplicated elset name Eall!
WARNING: Duplicated elset name Eall!
WARNING: Duplicated elset name Eall!
WARNING: Duplicated elset name Eall!
WARNING: Duplicated elset name Eall!
WARNING: Duplicated elset name Eall!
WARNING: Duplicated elset name Eall!
WARNING: Duplicated elset name Eall!
WARNING: Duplicated elset name Eall!
WARNING: Duplicated elset name Eall!
WARNING: Duplicated elset name Eall!
WARNING: Duplicated elset name Eall!
WARNING: Duplicated elset name Eall!
WARNING: Duplicated elset name Eall!
WARNING: Duplicated elset name Eall!
WARNING: Duplicated elset name Eall!
WARNING: Duplicated elset name Eall!
WARNING: Duplicated elset name Eall!
WARNING: Duplicated elset name Eall!
WARNING: Duplicated elset name Eall!
WARNING: Duplicated elset name Eall!
WARNING: Duplicated elset name Eall!
WARNING: Duplicated elset name Eall!
WARNING: Duplicated elset name Eall!
WARNING: Duplicated elset name Eall!
WARNING: Duplicated elset name Eall!
WARNING: Duplicated elset name Eall!
WARNING: Duplicated elset name Eall!
WARNING: Duplicated elset name Eall!
WARNING: Duplicated elset name Eall!
WARNING: Duplicated elset name Eall!
WARNING: Duplicated elset name Eall!
WARNING: Duplicated elset name Eall!
WARNING: Duplicated elset name Eall!
WARNING: Duplicated elset name Eall!
WARNING: Duplicated elset name Eall!
WARNING: Duplicated elset name Eall!
WARNING: Duplicated elset name Eall!
WARNING: Duplicated elset name Eall!
WARNING: Duplicated elset name Eall!
WARNING: Duplicated elset name Eall!
WARNING: Duplicated elset name Eall!
WARNING: Duplicated elset name Eall!
WARNING: Duplicated elset name Eall!
WARNING: Duplicated elset name Eall!
WARNING: Duplicated elset name Eall!
WARNING: Duplicated elset name Eall!
WARNING: Duplicated elset name Eall!
WARNING: Duplicated elset name Eall!
WARNING: Duplicated elset name Eall!
WARNING: Duplicated elset name Eall!
WARNING: Duplicated elset name Eall!
WARNING: Duplicated elset name Eall!
WARNING: Duplicated elset name Eall!
WARNING: Duplicated elset name Eall!
WARNING: Duplicated elset name Eall!
WARNING: Duplicated elset name Eall!
WARNING: Duplicated elset name Eall!
WARNING: Duplicated elset name Eall!
WARNING: Duplicated elset name Eall!
WARNING: Duplicated elset name Eall!
WARNING: Duplicated elset name Eall!
WARNING: Duplicated elset name Eall!
WARNING: Duplicated elset name Eall!
WARNING: Duplicated elset name Eall!
WARNING: Duplicated elset name Eall!
WARNING: Duplicated elset name Eall!
WARNING: Duplicated elset name Eall!
WARNING: Duplicated elset name Eall!
WARNING: Duplicated elset name Eall!
WARNING: Duplicated elset name Eall!
WARNING: Duplicated elset name Eall!
WARNING: Duplicated elset name Eall!
WARNING: Duplicated elset name Eall!
WARNING: Duplicated elset name Eall!
WARNING: Duplicated elset name Eall!
WARNING: Duplicated elset name Eall!
WARNING: Duplicated elset name Eall!
WARNING: Duplicated elset name Eall!
WARNING: Duplicated elset name Eall!
WARNING: Duplicated elset name Eall!
WARNING: Duplicated elset name Eall!
WARNING: Duplicated elset name Eall!
WARNING: Duplicated elset name Eall!
WARNING: Duplicated elset name Eall!
WARNING: Duplicated elset name Eall!
WARNING: Duplicated elset name Eall!
WARNING: Duplicated elset name Eall!
WARNING: Duplicated elset name Eall!
WARNING: Duplicated elset name Eall!
WARNING: Duplicated elset name Eall!
WARNING: Duplicated elset name Eall!
WARNING: Duplicated elset name Eall!
WARNING: Duplicated elset name Eall!
WARNING: Duplicated elset name Eall!
WARNING: Duplicated elset name Eall!
WARNING: Duplicated elset name Eall!
WARNING: Duplicated elset name Eall!
WARNING: Duplicated elset name Eall!
WARNING: Duplicated elset name Eall!
WARNING: Duplicated elset name Eall!
WARNING: Duplicated elset name Eall!
WARNING: Duplicated elset name Eall!
WARNING: Duplicated elset name Eall!
WARNING: Duplicated elset name Eall!
WARNING: Duplicated elset name Eall!
WARNING: Duplicated elset name Eall!
WARNING: Duplicated elset name Eall!
WARNING: Duplicated elset name Eall!
WARNING: Duplicated elset name Eall!
WARNING: Duplicated elset name Eall!
WARNING: Duplicated elset name Eall!
WARNING: Duplicated elset name Eall!
WARNING: Duplicated elset name Eall!
WARNING: Duplicated elset name Eall!
WARNING: Duplicated elset name Eall!
WARNING: Duplicated elset name Eall!
WARNING: Duplicated elset name Eall!
WARNING: Duplicated elset name Eall!
WARNING: Duplicated elset name Eall!
WARNING: Duplicated elset name Eall!
WARNING: Duplicated elset name Eall!
WARNING: Duplicated elset name Eall!
WARNING: Duplicated elset name Eall!
WARNING: Duplicated elset name Eall!
WARNING: Duplicated elset name Eall!
WARNING: Duplicated elset name Eall!
WARNING: Duplicated elset name Eall!
WARNING: Duplicated elset name Eall!
WARNING: Duplicated elset name Eall!
WARNING: Duplicated elset name Eall!
WARNING: Duplicated elset name Eall!
WARNING: Duplicated elset name Eall!
WARNING: Duplicated elset name Eall!
WARNING: Duplicated elset name Eall!
WARNING: Duplicated elset name Eall!
WARNING: Duplicated elset name Eall!
WARNING: Duplicated elset name Eall!
WARNING: Duplicated elset name Eall!
WARNING: Duplicated elset name Eall!
WARNING: Duplicated elset name Eall!
WARNING: Duplicated elset name Eall!
WARNING: Duplicated elset name Eall!
WARNING: Duplicated elset name Eall!
WARNING: Duplicated elset name Eall!
INFO: 256 elements
INFO: 1 elsets: Eall
INFO: 0 surfaces

==================================================
34: beam8p.inp
INFO: 425 nodes
INFO: 3 nsets: Nall, FIX, LAST
WARNING: Duplicated elset name Eall!
WARNING: Duplicated elset name Eall!
WARNING: Duplicated elset name Eall!
WARNING: Duplicated elset name Eall!
WARNING: Duplicated elset name Eall!
WARNING: Duplicated elset name Eall!
WARNING: Duplicated elset name Eall!
WARNING: Duplicated elset name Eall!
WARNING: Duplicated elset name Eall!
WARNING: Duplicated elset name Eall!
WARNING: Duplicated elset name Eall!
WARNING: Duplicated elset name Eall!
WARNING: Duplicated elset name Eall!
WARNING: Duplicated elset name Eall!
WARNING: Duplicated elset name Eall!
WARNING: Duplicated elset name Eall!
WARNING: Duplicated elset name Eall!
WARNING: Duplicated elset name Eall!
WARNING: Duplicated elset name Eall!
WARNING: Duplicated elset name Eall!
WARNING: Duplicated elset name Eall!
WARNING: Duplicated elset name Eall!
WARNING: Duplicated elset name Eall!
WARNING: Duplicated elset name Eall!
WARNING: Duplicated elset name Eall!
WARNING: Duplicated elset name Eall!
WARNING: Duplicated elset name Eall!
WARNING: Duplicated elset name Eall!
WARNING: Duplicated elset name Eall!
WARNING: Duplicated elset name Eall!
WARNING: Duplicated elset name Eall!
WARNING: Duplicated elset name Eall!
WARNING: Duplicated elset name Eall!
WARNING: Duplicated elset name Eall!
WARNING: Duplicated elset name Eall!
WARNING: Duplicated elset name Eall!
WARNING: Duplicated elset name Eall!
WARNING: Duplicated elset name Eall!
WARNING: Duplicated elset name Eall!
WARNING: Duplicated elset name Eall!
WARNING: Duplicated elset name Eall!
WARNING: Duplicated elset name Eall!
WARNING: Duplicated elset name Eall!
WARNING: Duplicated elset name Eall!
WARNING: Duplicated elset name Eall!
WARNING: Duplicated elset name Eall!
WARNING: Duplicated elset name Eall!
WARNING: Duplicated elset name Eall!
WARNING: Duplicated elset name Eall!
WARNING: Duplicated elset name Eall!
WARNING: Duplicated elset name Eall!
WARNING: Duplicated elset name Eall!
WARNING: Duplicated elset name Eall!
WARNING: Duplicated elset name Eall!
WARNING: Duplicated elset name Eall!
WARNING: Duplicated elset name Eall!
WARNING: Duplicated elset name Eall!
WARNING: Duplicated elset name Eall!
WARNING: Duplicated elset name Eall!
WARNING: Duplicated elset name Eall!
WARNING: Duplicated elset name Eall!
WARNING: Duplicated elset name Eall!
WARNING: Duplicated elset name Eall!
WARNING: Duplicated elset name Eall!
WARNING: Duplicated elset name Eall!
WARNING: Duplicated elset name Eall!
WARNING: Duplicated elset name Eall!
WARNING: Duplicated elset name Eall!
WARNING: Duplicated elset name Eall!
WARNING: Duplicated elset name Eall!
WARNING: Duplicated elset name Eall!
WARNING: Duplicated elset name Eall!
WARNING: Duplicated elset name Eall!
WARNING: Duplicated elset name Eall!
WARNING: Duplicated elset name Eall!
WARNING: Duplicated elset name Eall!
WARNING: Duplicated elset name Eall!
WARNING: Duplicated elset name Eall!
WARNING: Duplicated elset name Eall!
WARNING: Duplicated elset name Eall!
WARNING: Duplicated elset name Eall!
WARNING: Duplicated elset name Eall!
WARNING: Duplicated elset name Eall!
WARNING: Duplicated elset name Eall!
WARNING: Duplicated elset name Eall!
WARNING: Duplicated elset name Eall!
WARNING: Duplicated elset name Eall!
WARNING: Duplicated elset name Eall!
WARNING: Duplicated elset name Eall!
WARNING: Duplicated elset name Eall!
WARNING: Duplicated elset name Eall!
WARNING: Duplicated elset name Eall!
WARNING: Duplicated elset name Eall!
WARNING: Duplicated elset name Eall!
WARNING: Duplicated elset name Eall!
WARNING: Duplicated elset name Eall!
WARNING: Duplicated elset name Eall!
WARNING: Duplicated elset name Eall!
WARNING: Duplicated elset name Eall!
WARNING: Duplicated elset name Eall!
WARNING: Duplicated elset name Eall!
WARNING: Duplicated elset name Eall!
WARNING: Duplicated elset name Eall!
WARNING: Duplicated elset name Eall!
WARNING: Duplicated elset name Eall!
WARNING: Duplicated elset name Eall!
WARNING: Duplicated elset name Eall!
WARNING: Duplicated elset name Eall!
WARNING: Duplicated elset name Eall!
WARNING: Duplicated elset name Eall!
WARNING: Duplicated elset name Eall!
WARNING: Duplicated elset name Eall!
WARNING: Duplicated elset name Eall!
WARNING: Duplicated elset name Eall!
WARNING: Duplicated elset name Eall!
WARNING: Duplicated elset name Eall!
WARNING: Duplicated elset name Eall!
WARNING: Duplicated elset name Eall!
WARNING: Duplicated elset name Eall!
WARNING: Duplicated elset name Eall!
WARNING: Duplicated elset name Eall!
WARNING: Duplicated elset name Eall!
WARNING: Duplicated elset name Eall!
WARNING: Duplicated elset name Eall!
WARNING: Duplicated elset name Eall!
WARNING: Duplicated elset name Eall!
WARNING: Duplicated elset name Eall!
WARNING: Duplicated elset name Eall!
WARNING: Duplicated elset name Eall!
WARNING: Duplicated elset name Eall!
WARNING: Duplicated elset name Eall!
WARNING: Duplicated elset name Eall!
WARNING: Duplicated elset name Eall!
WARNING: Duplicated elset name Eall!
WARNING: Duplicated elset name Eall!
WARNING: Duplicated elset name Eall!
WARNING: Duplicated elset name Eall!
WARNING: Duplicated elset name Eall!
WARNING: Duplicated elset name Eall!
WARNING: Duplicated elset name Eall!
WARNING: Duplicated elset name Eall!
WARNING: Duplicated elset name Eall!
WARNING: Duplicated elset name Eall!
WARNING: Duplicated elset name Eall!
WARNING: Duplicated elset name Eall!
WARNING: Duplicated elset name Eall!
WARNING: Duplicated elset name Eall!
WARNING: Duplicated elset name Eall!
WARNING: Duplicated elset name Eall!
WARNING: Duplicated elset name Eall!
WARNING: Duplicated elset name Eall!
WARNING: Duplicated elset name Eall!
WARNING: Duplicated elset name Eall!
WARNING: Duplicated elset name Eall!
WARNING: Duplicated elset name Eall!
WARNING: Duplicated elset name Eall!
WARNING: Duplicated elset name Eall!
WARNING: Duplicated elset name Eall!
WARNING: Duplicated elset name Eall!
WARNING: Duplicated elset name Eall!
WARNING: Duplicated elset name Eall!
WARNING: Duplicated elset name Eall!
WARNING: Duplicated elset name Eall!
WARNING: Duplicated elset name Eall!
WARNING: Duplicated elset name Eall!
WARNING: Duplicated elset name Eall!
WARNING: Duplicated elset name Eall!
WARNING: Duplicated elset name Eall!
WARNING: Duplicated elset name Eall!
WARNING: Duplicated elset name Eall!
WARNING: Duplicated elset name Eall!
WARNING: Duplicated elset name Eall!
WARNING: Duplicated elset name Eall!
WARNING: Duplicated elset name Eall!
WARNING: Duplicated elset name Eall!
WARNING: Duplicated elset name Eall!
WARNING: Duplicated elset name Eall!
WARNING: Duplicated elset name Eall!
WARNING: Duplicated elset name Eall!
WARNING: Duplicated elset name Eall!
WARNING: Duplicated elset name Eall!
WARNING: Duplicated elset name Eall!
WARNING: Duplicated elset name Eall!
WARNING: Duplicated elset name Eall!
WARNING: Duplicated elset name Eall!
WARNING: Duplicated elset name Eall!
WARNING: Duplicated elset name Eall!
WARNING: Duplicated elset name Eall!
WARNING: Duplicated elset name Eall!
WARNING: Duplicated elset name Eall!
WARNING: Duplicated elset name Eall!
WARNING: Duplicated elset name Eall!
WARNING: Duplicated elset name Eall!
WARNING: Duplicated elset name Eall!
WARNING: Duplicated elset name Eall!
WARNING: Duplicated elset name Eall!
WARNING: Duplicated elset name Eall!
WARNING: Duplicated elset name Eall!
WARNING: Duplicated elset name Eall!
WARNING: Duplicated elset name Eall!
WARNING: Duplicated elset name Eall!
WARNING: Duplicated elset name Eall!
WARNING: Duplicated elset name Eall!
WARNING: Duplicated elset name Eall!
WARNING: Duplicated elset name Eall!
WARNING: Duplicated elset name Eall!
WARNING: Duplicated elset name Eall!
WARNING: Duplicated elset name Eall!
WARNING: Duplicated elset name Eall!
WARNING: Duplicated elset name Eall!
WARNING: Duplicated elset name Eall!
WARNING: Duplicated elset name Eall!
WARNING: Duplicated elset name Eall!
WARNING: Duplicated elset name Eall!
WARNING: Duplicated elset name Eall!
WARNING: Duplicated elset name Eall!
WARNING: Duplicated elset name Eall!
WARNING: Duplicated elset name Eall!
WARNING: Duplicated elset name Eall!
WARNING: Duplicated elset name Eall!
WARNING: Duplicated elset name Eall!
WARNING: Duplicated elset name Eall!
WARNING: Duplicated elset name Eall!
WARNING: Duplicated elset name Eall!
WARNING: Duplicated elset name Eall!
WARNING: Duplicated elset name Eall!
WARNING: Duplicated elset name Eall!
WARNING: Duplicated elset name Eall!
WARNING: Duplicated elset name Eall!
WARNING: Duplicated elset name Eall!
WARNING: Duplicated elset name Eall!
WARNING: Duplicated elset name Eall!
WARNING: Duplicated elset name Eall!
WARNING: Duplicated elset name Eall!
WARNING: Duplicated elset name Eall!
WARNING: Duplicated elset name Eall!
WARNING: Duplicated elset name Eall!
WARNING: Duplicated elset name Eall!
WARNING: Duplicated elset name Eall!
WARNING: Duplicated elset name Eall!
WARNING: Duplicated elset name Eall!
WARNING: Duplicated elset name Eall!
WARNING: Duplicated elset name Eall!
WARNING: Duplicated elset name Eall!
WARNING: Duplicated elset name Eall!
WARNING: Duplicated elset name Eall!
WARNING: Duplicated elset name Eall!
WARNING: Duplicated elset name Eall!
WARNING: Duplicated elset name Eall!
WARNING: Duplicated elset name Eall!
WARNING: Duplicated elset name Eall!
WARNING: Duplicated elset name Eall!
WARNING: Duplicated elset name Eall!
WARNING: Duplicated elset name Eall!
WARNING: Duplicated elset name Eall!
INFO: 256 elements
INFO: 1 elsets: Eall
INFO: 0 surfaces

==================================================
35: beam8t.inp
INFO: 425 nodes
INFO: 2 nsets: NALL, FIX
WARNING: Duplicated elset name Eall!
WARNING: Duplicated elset name Eall!
WARNING: Duplicated elset name Eall!
WARNING: Duplicated elset name Eall!
WARNING: Duplicated elset name Eall!
WARNING: Duplicated elset name Eall!
WARNING: Duplicated elset name Eall!
WARNING: Duplicated elset name Eall!
WARNING: Duplicated elset name Eall!
WARNING: Duplicated elset name Eall!
WARNING: Duplicated elset name Eall!
WARNING: Duplicated elset name Eall!
WARNING: Duplicated elset name Eall!
WARNING: Duplicated elset name Eall!
WARNING: Duplicated elset name Eall!
WARNING: Duplicated elset name Eall!
WARNING: Duplicated elset name Eall!
WARNING: Duplicated elset name Eall!
WARNING: Duplicated elset name Eall!
WARNING: Duplicated elset name Eall!
WARNING: Duplicated elset name Eall!
WARNING: Duplicated elset name Eall!
WARNING: Duplicated elset name Eall!
WARNING: Duplicated elset name Eall!
WARNING: Duplicated elset name Eall!
WARNING: Duplicated elset name Eall!
WARNING: Duplicated elset name Eall!
WARNING: Duplicated elset name Eall!
WARNING: Duplicated elset name Eall!
WARNING: Duplicated elset name Eall!
WARNING: Duplicated elset name Eall!
WARNING: Duplicated elset name Eall!
WARNING: Duplicated elset name Eall!
WARNING: Duplicated elset name Eall!
WARNING: Duplicated elset name Eall!
WARNING: Duplicated elset name Eall!
WARNING: Duplicated elset name Eall!
WARNING: Duplicated elset name Eall!
WARNING: Duplicated elset name Eall!
WARNING: Duplicated elset name Eall!
WARNING: Duplicated elset name Eall!
WARNING: Duplicated elset name Eall!
WARNING: Duplicated elset name Eall!
WARNING: Duplicated elset name Eall!
WARNING: Duplicated elset name Eall!
WARNING: Duplicated elset name Eall!
WARNING: Duplicated elset name Eall!
WARNING: Duplicated elset name Eall!
WARNING: Duplicated elset name Eall!
WARNING: Duplicated elset name Eall!
WARNING: Duplicated elset name Eall!
WARNING: Duplicated elset name Eall!
WARNING: Duplicated elset name Eall!
WARNING: Duplicated elset name Eall!
WARNING: Duplicated elset name Eall!
WARNING: Duplicated elset name Eall!
WARNING: Duplicated elset name Eall!
WARNING: Duplicated elset name Eall!
WARNING: Duplicated elset name Eall!
WARNING: Duplicated elset name Eall!
WARNING: Duplicated elset name Eall!
WARNING: Duplicated elset name Eall!
WARNING: Duplicated elset name Eall!
WARNING: Duplicated elset name Eall!
WARNING: Duplicated elset name Eall!
WARNING: Duplicated elset name Eall!
WARNING: Duplicated elset name Eall!
WARNING: Duplicated elset name Eall!
WARNING: Duplicated elset name Eall!
WARNING: Duplicated elset name Eall!
WARNING: Duplicated elset name Eall!
WARNING: Duplicated elset name Eall!
WARNING: Duplicated elset name Eall!
WARNING: Duplicated elset name Eall!
WARNING: Duplicated elset name Eall!
WARNING: Duplicated elset name Eall!
WARNING: Duplicated elset name Eall!
WARNING: Duplicated elset name Eall!
WARNING: Duplicated elset name Eall!
WARNING: Duplicated elset name Eall!
WARNING: Duplicated elset name Eall!
WARNING: Duplicated elset name Eall!
WARNING: Duplicated elset name Eall!
WARNING: Duplicated elset name Eall!
WARNING: Duplicated elset name Eall!
WARNING: Duplicated elset name Eall!
WARNING: Duplicated elset name Eall!
WARNING: Duplicated elset name Eall!
WARNING: Duplicated elset name Eall!
WARNING: Duplicated elset name Eall!
WARNING: Duplicated elset name Eall!
WARNING: Duplicated elset name Eall!
WARNING: Duplicated elset name Eall!
WARNING: Duplicated elset name Eall!
WARNING: Duplicated elset name Eall!
WARNING: Duplicated elset name Eall!
WARNING: Duplicated elset name Eall!
WARNING: Duplicated elset name Eall!
WARNING: Duplicated elset name Eall!
WARNING: Duplicated elset name Eall!
WARNING: Duplicated elset name Eall!
WARNING: Duplicated elset name Eall!
WARNING: Duplicated elset name Eall!
WARNING: Duplicated elset name Eall!
WARNING: Duplicated elset name Eall!
WARNING: Duplicated elset name Eall!
WARNING: Duplicated elset name Eall!
WARNING: Duplicated elset name Eall!
WARNING: Duplicated elset name Eall!
WARNING: Duplicated elset name Eall!
WARNING: Duplicated elset name Eall!
WARNING: Duplicated elset name Eall!
WARNING: Duplicated elset name Eall!
WARNING: Duplicated elset name Eall!
WARNING: Duplicated elset name Eall!
WARNING: Duplicated elset name Eall!
WARNING: Duplicated elset name Eall!
WARNING: Duplicated elset name Eall!
WARNING: Duplicated elset name Eall!
WARNING: Duplicated elset name Eall!
WARNING: Duplicated elset name Eall!
WARNING: Duplicated elset name Eall!
WARNING: Duplicated elset name Eall!
WARNING: Duplicated elset name Eall!
WARNING: Duplicated elset name Eall!
WARNING: Duplicated elset name Eall!
WARNING: Duplicated elset name Eall!
WARNING: Duplicated elset name Eall!
WARNING: Duplicated elset name Eall!
WARNING: Duplicated elset name Eall!
WARNING: Duplicated elset name Eall!
WARNING: Duplicated elset name Eall!
WARNING: Duplicated elset name Eall!
WARNING: Duplicated elset name Eall!
WARNING: Duplicated elset name Eall!
WARNING: Duplicated elset name Eall!
WARNING: Duplicated elset name Eall!
WARNING: Duplicated elset name Eall!
WARNING: Duplicated elset name Eall!
WARNING: Duplicated elset name Eall!
WARNING: Duplicated elset name Eall!
WARNING: Duplicated elset name Eall!
WARNING: Duplicated elset name Eall!
WARNING: Duplicated elset name Eall!
WARNING: Duplicated elset name Eall!
WARNING: Duplicated elset name Eall!
WARNING: Duplicated elset name Eall!
WARNING: Duplicated elset name Eall!
WARNING: Duplicated elset name Eall!
WARNING: Duplicated elset name Eall!
WARNING: Duplicated elset name Eall!
WARNING: Duplicated elset name Eall!
WARNING: Duplicated elset name Eall!
WARNING: Duplicated elset name Eall!
WARNING: Duplicated elset name Eall!
WARNING: Duplicated elset name Eall!
WARNING: Duplicated elset name Eall!
WARNING: Duplicated elset name Eall!
WARNING: Duplicated elset name Eall!
WARNING: Duplicated elset name Eall!
WARNING: Duplicated elset name Eall!
WARNING: Duplicated elset name Eall!
WARNING: Duplicated elset name Eall!
WARNING: Duplicated elset name Eall!
WARNING: Duplicated elset name Eall!
WARNING: Duplicated elset name Eall!
WARNING: Duplicated elset name Eall!
WARNING: Duplicated elset name Eall!
WARNING: Duplicated elset name Eall!
WARNING: Duplicated elset name Eall!
WARNING: Duplicated elset name Eall!
WARNING: Duplicated elset name Eall!
WARNING: Duplicated elset name Eall!
WARNING: Duplicated elset name Eall!
WARNING: Duplicated elset name Eall!
WARNING: Duplicated elset name Eall!
WARNING: Duplicated elset name Eall!
WARNING: Duplicated elset name Eall!
WARNING: Duplicated elset name Eall!
WARNING: Duplicated elset name Eall!
WARNING: Duplicated elset name Eall!
WARNING: Duplicated elset name Eall!
WARNING: Duplicated elset name Eall!
WARNING: Duplicated elset name Eall!
WARNING: Duplicated elset name Eall!
WARNING: Duplicated elset name Eall!
WARNING: Duplicated elset name Eall!
WARNING: Duplicated elset name Eall!
WARNING: Duplicated elset name Eall!
WARNING: Duplicated elset name Eall!
WARNING: Duplicated elset name Eall!
WARNING: Duplicated elset name Eall!
WARNING: Duplicated elset name Eall!
WARNING: Duplicated elset name Eall!
WARNING: Duplicated elset name Eall!
WARNING: Duplicated elset name Eall!
WARNING: Duplicated elset name Eall!
WARNING: Duplicated elset name Eall!
WARNING: Duplicated elset name Eall!
WARNING: Duplicated elset name Eall!
WARNING: Duplicated elset name Eall!
WARNING: Duplicated elset name Eall!
WARNING: Duplicated elset name Eall!
WARNING: Duplicated elset name Eall!
WARNING: Duplicated elset name Eall!
WARNING: Duplicated elset name Eall!
WARNING: Duplicated elset name Eall!
WARNING: Duplicated elset name Eall!
WARNING: Duplicated elset name Eall!
WARNING: Duplicated elset name Eall!
WARNING: Duplicated elset name Eall!
WARNING: Duplicated elset name Eall!
WARNING: Duplicated elset name Eall!
WARNING: Duplicated elset name Eall!
WARNING: Duplicated elset name Eall!
WARNING: Duplicated elset name Eall!
WARNING: Duplicated elset name Eall!
WARNING: Duplicated elset name Eall!
WARNING: Duplicated elset name Eall!
WARNING: Duplicated elset name Eall!
WARNING: Duplicated elset name Eall!
WARNING: Duplicated elset name Eall!
WARNING: Duplicated elset name Eall!
WARNING: Duplicated elset name Eall!
WARNING: Duplicated elset name Eall!
WARNING: Duplicated elset name Eall!
WARNING: Duplicated elset name Eall!
WARNING: Duplicated elset name Eall!
WARNING: Duplicated elset name Eall!
WARNING: Duplicated elset name Eall!
WARNING: Duplicated elset name Eall!
WARNING: Duplicated elset name Eall!
WARNING: Duplicated elset name Eall!
WARNING: Duplicated elset name Eall!
WARNING: Duplicated elset name Eall!
WARNING: Duplicated elset name Eall!
WARNING: Duplicated elset name Eall!
WARNING: Duplicated elset name Eall!
WARNING: Duplicated elset name Eall!
WARNING: Duplicated elset name Eall!
WARNING: Duplicated elset name Eall!
WARNING: Duplicated elset name Eall!
WARNING: Duplicated elset name Eall!
WARNING: Duplicated elset name Eall!
WARNING: Duplicated elset name Eall!
WARNING: Duplicated elset name Eall!
WARNING: Duplicated elset name Eall!
WARNING: Duplicated elset name Eall!
WARNING: Duplicated elset name Eall!
WARNING: Duplicated elset name Eall!
WARNING: Duplicated elset name Eall!
WARNING: Duplicated elset name Eall!
WARNING: Duplicated elset name Eall!
WARNING: Duplicated elset name Eall!
WARNING: Duplicated elset name Eall!
INFO: 256 elements
INFO: 3 elsets: Eall, E1, E2
INFO: 0 surfaces

==================================================
36: beamabq.inp
INFO: 261 nodes
INFO: 6 nsets: FIX, Nfix2, Nhl, Nhr, Nall, Nload
INFO: 32 elements
INFO: 1 elsets: Eall
INFO: 0 surfaces

==================================================
37: beamcom.inp
INFO: 5 nodes
INFO: 1 nsets: Nall
INFO: 4 elements
INFO: 3 elsets: Eall, SET1, SET2
INFO: 0 surfaces

==================================================
38: beamcontact.inp
INFO: 277 nodes
INFO: 2 nsets: Nall, Nfix
WARNING: Duplicated elset name Eall!
INFO: 34 elements
INFO: 1 elsets: Eall
INFO: 4 surfaces

==================================================
39: beamcr.inp
INFO: 261 nodes
INFO: 9 nsets: CN7, NALL, LAST, GIBO, N1, N2, N3, N4, N5
INFO: 32 elements
INFO: 2 elsets: B1, EALL
INFO: 0 surfaces

==================================================
40: beamcr2.inp
INFO: 261 nodes
INFO: 9 nsets: CN7, NALL, LAST, GIBO, N1, N2, N3, N4, N5
INFO: 32 elements
INFO: 2 elsets: B1, EALL
INFO: 0 surfaces

==================================================
41: beamd.inp
INFO: 261 nodes
INFO: 2 nsets: CN7, NALL
INFO: 32 elements
INFO: 3 elsets: B1, EALL, LAST
INFO: 0 surfaces

==================================================
42: beamd2.inp
INFO: 262 nodes
INFO: 2 nsets: CN7, NALL
INFO: 32 elements
INFO: 3 elsets: B1, EALL, LAST
INFO: 0 surfaces

==================================================
43: beamdelay.inp
INFO: 261 nodes
INFO: 3 nsets: FIX, Nall, LOAD
INFO: 32 elements
INFO: 1 elsets: Eall
INFO: 0 surfaces

==================================================
44: beamdy1.inp
INFO: 261 nodes
INFO: 3 nsets: CN7, N1, LAST
INFO: 32 elements
INFO: 2 elsets: B1, EALL
INFO: 0 surfaces

==================================================
45: beamdy10.inp
INFO: 261 nodes
INFO: 2 nsets: CN7, N1
INFO: 32 elements
INFO: 2 elsets: B1, EALL
INFO: 0 surfaces

==================================================
46: beamdy10bm.inp
INFO: 261 nodes
INFO: 2 nsets: CN7, N1
INFO: 32 elements
INFO: 2 elsets: B1, EALL
INFO: 0 surfaces

==================================================
47: beamdy11.inp
INFO: 261 nodes
INFO: 2 nsets: CN7, N1
INFO: 32 elements
INFO: 2 elsets: B1, EALL
INFO: 0 surfaces

==================================================
48: beamdy12.inp
INFO: 261 nodes
INFO: 2 nsets: CN7, N1
INFO: 32 elements
INFO: 2 elsets: B1, EALL
INFO: 0 surfaces

==================================================
49: beamdy13.inp
INFO: 261 nodes
INFO: 2 nsets: CN7, N1
INFO: 32 elements
INFO: 2 elsets: B1, EALL
INFO: 0 surfaces

==================================================
50: beamdy14.inp
INFO: 261 nodes
INFO: 3 nsets: CN7, N1, LAST
INFO: 32 elements
INFO: 2 elsets: B1, EALL
INFO: 0 surfaces

==================================================
51: beamdy15.inp
INFO: 261 nodes
INFO: 3 nsets: CN7, N1, LAST
INFO: 32 elements
INFO: 2 elsets: B1, EALL
INFO: 0 surfaces

==================================================
52: beamdy16.inp
INFO: 261 nodes
INFO: 3 nsets: CN7, N1, LAST
INFO: 32 elements
INFO: 2 elsets: B1, EALL
INFO: 0 surfaces

==================================================
53: beamdy17.inp
INFO: 261 nodes
INFO: 3 nsets: CN7, N1, LAST
INFO: 32 elements
INFO: 2 elsets: B1, EALL
INFO: 0 surfaces

==================================================
54: beamdy19.inp
INFO: 261 nodes
WARNING: Duplicated nset name N1!
INFO: 3 nsets: CN7, N1, LAST
INFO: 32 elements
INFO: 2 elsets: B1, EALL
INFO: 0 surfaces

==================================================
55: beamdy2.inp
INFO: 261 nodes
INFO: 3 nsets: CN7, N1, LAST
INFO: 32 elements
INFO: 2 elsets: B1, EALL
INFO: 0 surfaces

==================================================
56: beamdy20.inp
INFO: 261 nodes
INFO: 2 nsets: CN7, N1
INFO: 32 elements
INFO: 2 elsets: B1, EALL
INFO: 0 surfaces

==================================================
57: beamdy3.inp
INFO: 261 nodes
INFO: 3 nsets: CN7, N1, LAST
INFO: 32 elements
INFO: 2 elsets: B1, EALL
INFO: 0 surfaces

==================================================
58: beamdy4.inp
INFO: 261 nodes
INFO: 3 nsets: CN7, N1, LAST
INFO: 32 elements
INFO: 2 elsets: B1, EALL
INFO: 0 surfaces

==================================================
59: beamdy5.inp
INFO: 261 nodes
INFO: 3 nsets: CN7, N1, LAST
INFO: 32 elements
INFO: 2 elsets: B1, EALL
INFO: 0 surfaces

==================================================
60: beamdy6.inp
INFO: 261 nodes
INFO: 3 nsets: CN7, N1, LAST
INFO: 32 elements
INFO: 2 elsets: B1, EALL
INFO: 0 surfaces

==================================================
61: beamdy7.inp
INFO: 261 nodes
INFO: 4 nsets: CN7, N1, LAST, FIX
INFO: 32 elements
INFO: 2 elsets: B1, EALL
INFO: 0 surfaces

==================================================
62: beamdy7bm.inp
INFO: 261 nodes
INFO: 4 nsets: CN7, N1, LAST, FIX
INFO: 32 elements
INFO: 2 elsets: B1, EALL
INFO: 0 surfaces

==================================================
63: beamdy8.inp
INFO: 261 nodes
INFO: 2 nsets: CN7, N1
INFO: 32 elements
INFO: 2 elsets: B1, EALL
INFO: 0 surfaces

==================================================
64: beamdy9.inp
INFO: 261 nodes
INFO: 2 nsets: CN7, N1
INFO: 32 elements
INFO: 2 elsets: B1, EALL
INFO: 0 surfaces

==================================================
65: beamdynamic.inp
INFO: 261 nodes
INFO: 4 nsets: FIX, Nall, LOAD, N1
INFO: 32 elements
INFO: 1 elsets: Eall
INFO: 0 surfaces

==================================================
66: beamf.inp
INFO: 261 nodes
INFO: 1 nsets: CN7
INFO: 32 elements
INFO: 2 elsets: B1, EALL
INFO: 0 surfaces

==================================================
67: beamf2.inp
INFO: 261 nodes
INFO: 2 nsets: CN7, LAST
INFO: 32 elements
INFO: 1 elsets: EALL
INFO: 0 surfaces

==================================================
68: beamf3.inp
INFO: 261 nodes
INFO: 2 nsets: Nall, CN7
INFO: 32 elements
INFO: 2 elsets: B1, EALL
INFO: 0 surfaces

==================================================
69: beamf3submodel.inp
INFO: 111 nodes
INFO: 2 nsets: Nall, Nsurface
INFO: 12 elements
INFO: 1 elsets: Eall
INFO: 0 surfaces

==================================================
70: beamfsh1.inp
INFO: 261 nodes
INFO: 2 nsets: CN7, N100
INFO: 34 elements
INFO: 3 elsets: B1, B2, EALL
INFO: 0 surfaces

==================================================
71: beamfsubmodel.inp
INFO: 111 nodes
INFO: 2 nsets: Nall, Nsurface
INFO: 12 elements
INFO: 1 elsets: Eall
INFO: 0 surfaces

==================================================
72: beamft.inp
INFO: 261 nodes
INFO: 2 nsets: CN7, NALL
INFO: 32 elements
INFO: 2 elsets: B1, EALL
INFO: 0 surfaces

==================================================
73: beamheatplas.inp
INFO: 261 nodes
INFO: 4 nsets: CN7, NALL, LAST, GIBO
INFO: 32 elements
INFO: 2 elsets: B1, EALL
INFO: 0 surfaces

==================================================
74: beamhf.inp
INFO: 261 nodes
INFO: 9 nsets: CN7, NALL, LAST, GIBO, N1, N2, N3, N4, N5
INFO: 32 elements
INFO: 2 elsets: B1, EALL
INFO: 0 surfaces

==================================================
75: beamhtbf.inp
INFO: 261 nodes
INFO: 2 nsets: Nall, CN7
INFO: 32 elements
INFO: 2 elsets: Eall, LAST
INFO: 0 surfaces

==================================================
76: beamhtbo.inp
INFO: 262 nodes
INFO: 3 nsets: CN7, NALL, GIBO
INFO: 32 elements
INFO: 2 elsets: B1, Eall
INFO: 0 surfaces

==================================================
77: beamhtcr.inp
INFO: 495 nodes
INFO: 3 nsets: Nall, Nup, Ndo
INFO: 48 elements
INFO: 1 elsets: Eall
INFO: 0 surfaces

==================================================
78: beamhtcr2.inp
INFO: 495 nodes
INFO: 3 nsets: Nall, Nup, Ndo
INFO: 48 elements
INFO: 1 elsets: Eall
INFO: 0 surfaces

==================================================
79: beamhtfc.inp
INFO: 279 nodes
INFO: 4 nsets: CN7, Nall, GIBO, Ntop
INFO: 40 elements
INFO: 3 elsets: B1, EGAS, Eall
INFO: 0 surfaces

==================================================
80: beamhtfc2.inp
INFO: 279 nodes
INFO: 4 nsets: CN7, Nall, GIBO, Ntop
INFO: 40 elements
INFO: 3 elsets: B1, EGAS, Eall
INFO: 0 surfaces

==================================================
81: beamhtfcaero.inp
INFO: 279 nodes
INFO: 4 nsets: CN7, Nall, GIBO, Ntop
INFO: 40 elements
INFO: 3 elsets: B1, EGAS, Eall
INFO: 0 surfaces

==================================================
82: beamhtfcaerothne.inp
INFO: 279 nodes
INFO: 4 nsets: CN7, Nall, GIBO, Ntop
INFO: 40 elements
INFO: 3 elsets: B1, EGAS, Eall
INFO: 0 surfaces

==================================================
83: beamhtfcnu.inp
INFO: 279 nodes
INFO: 4 nsets: CN7, Nall, GIBO, Ntop
INFO: 40 elements
INFO: 3 elsets: B1, EPIPE, Eall
INFO: 0 surfaces

==================================================
84: beamidset.inp
INFO: 261 nodes
INFO: 3 nsets: FIX, Nall, LOAD
INFO: 32 elements
INFO: 1 elsets: FIX
INFO: 0 surfaces

==================================================
85: beamimpdy1.inp
INFO: 261 nodes
INFO: 3 nsets: CN7, N1, LAST
INFO: 32 elements
INFO: 2 elsets: B1, EALL
INFO: 0 surfaces

==================================================
86: beamimpdy1nodirect.inp
INFO: 261 nodes
INFO: 3 nsets: CN7, N1, LAST
INFO: 32 elements
INFO: 2 elsets: B1, EALL
INFO: 0 surfaces

==================================================
87: beamimpdy2.inp
INFO: 261 nodes
INFO: 3 nsets: CN7, N1, LAST
INFO: 32 elements
INFO: 2 elsets: B1, EALL
INFO: 0 surfaces

==================================================
88: artery4.inp
INFO: 14 nodes
INFO: 1 nsets: Nall
INFO: 4 elements
INFO: 2 elsets: Etube, Ewater
INFO: 0 surfaces

==================================================
89: beamb.inp
INFO: 261 nodes
INFO: 2 nsets: CN7, LAST
INFO: 32 elements
INFO: 2 elsets: B1, EALL
INFO: 0 surfaces

==================================================
90: beamdy18.inp
INFO: 261 nodes
INFO: 3 nsets: CN7, N1, LAST
INFO: 32 elements
INFO: 2 elsets: B1, EALL
INFO: 0 surfaces

==================================================
91: beamfstrucdamp.inp
INFO: 261 nodes
INFO: 2 nsets: CN7, N1
INFO: 32 elements
INFO: 2 elsets: B1, EALL
INFO: 0 surfaces

==================================================
92: beamlin.inp
INFO: 5 nodes
INFO: 1 nsets: nall
INFO: 2 elements
INFO: 3 elsets: links, rechts, elall
INFO: 0 surfaces

==================================================
93: beamog.inp
INFO: 261 nodes
INFO: 9 nsets: CN7, NALL, LAST, GIBO, N1, N2, N3, N4, N5
INFO: 32 elements
INFO: 2 elsets: B1, EALL
INFO: 0 surfaces

==================================================
94: beamplane.inp
INFO: 261 nodes
INFO: 3 nsets: CN7, NALL, Nplane
INFO: 32 elements
INFO: 2 elsets: B1, EALL
INFO: 0 surfaces

==================================================
95: beamrb2.inp
INFO: 263 nodes
INFO: 3 nsets: CN7, NALL, Ntip
INFO: 32 elements
INFO: 2 elsets: B1, EALL
INFO: 0 surfaces

==================================================
96: beam_sens_freq_coord2.inp
INFO: 261 nodes
INFO: 2 nsets: FIX, Nall
INFO: 32 elements
INFO: 1 elsets: Eall
INFO: 0 surfaces

==================================================
97: c3d6.inp
INFO: 16 nodes
INFO: 1 nsets: GLOBAL
INFO: 6 elements
INFO: 2 elsets: P2, OUT_CONT
INFO: 0 surfaces

==================================================
98: chanson1.inp
INFO: 31 nodes
INFO: 1 nsets: Nall
INFO: 15 elements
INFO: 6 elsets: Eall, E1, E2, E3, E4, E5
INFO: 0 surfaces

==================================================
99: contdamp1.inp
INFO: 18 nodes
INFO: 4 nsets: NALL, NMASSA, NCONTACT, N2
INFO: 3 elements
INFO: 2 elsets: ESPRING, EMASSA
INFO: 2 surfaces

==================================================
100: cube2.inp
INFO: 40 nodes
INFO: 1 nsets: Nall
INFO: 2 elements
INFO: 3 elsets: Eall, E1, E2
INFO: 0 surfaces

==================================================
101: edgeload.inp
INFO: 744 nodes
INFO: 9 nsets: ALL, BOTTOM, RIGHT, TOP, LEFT, MIDBOT, MIDTOP, END_BOT, END_TOP
INFO: 233 elements
INFO: 2 elsets: PLATE, SPRING
INFO: 0 surfaces

==================================================
102: gaspipe-fanno9.inp
INFO: 21 nodes
INFO: 1 nsets: NALL
INFO: 11 elements
INFO: 3 elsets: PIPE7, INLET1, OUTLET1
INFO: 0 surfaces

==================================================
103: gaspipe9.inp
INFO: 21 nodes
INFO: 1 nsets: NALL
INFO: 11 elements
INFO: 1 elsets: EGAS
INFO: 0 surfaces

==================================================
104: largerot1.inp
INFO: 261 nodes
INFO: 0 nsets: 
INFO: 32 elements
INFO: 1 elsets: Eall
INFO: 0 surfaces

==================================================
105: multistage.inp
INFO: 1156 nodes
INFO: 9 nsets: Nall, Ncyl, ND1SL, ND1SR, ND2SL, ND2SR, NDEP, NIND, NOUT
INFO: 140 elements
INFO: 3 elsets: Eall, EA1, EA2
INFO: 6 surfaces

==================================================
106: pipempc3.inp
INFO: 12 nodes
INFO: 1 nsets: NALL
INFO: 7 elements
INFO: 3 elsets: EALL, E1, E2
INFO: 0 surfaces

==================================================
107: punch1.inp
INFO: 416 nodes
INFO: 4 nsets: Nall, Nfix, Nfixx, Nload
INFO: 54 elements
INFO: 1 elsets: Eall
INFO: 2 surfaces

==================================================
108: rot4.inp
INFO: 21 nodes
INFO: 4 nsets: Nall, Nfixx, Nsetm, Nsete
INFO: 4 elements
INFO: 1 elsets: Eall
INFO: 0 surfaces

==================================================
109: segmenttet.inp
INFO: 2756 nodes
INFO: 3 nsets: Nall, Nleft, Nright
INFO: 1489 elements
INFO: 1 elsets: Eall
INFO: 2 surfaces

==================================================
110: shellf2.inp
INFO: 21 nodes
INFO: 5 nsets: Nall, Nfixx, Nsetm, Nsete, N15
INFO: 4 elements
INFO: 1 elsets: Eall
INFO: 0 surfaces

==================================================
111: square.inp
INFO: 341 nodes
INFO: 3 nsets: Nall, Ntop, Nbottom
INFO: 100 elements
INFO: 1 elsets: Eall
INFO: 0 surfaces

==================================================
112: beammix.inp
INFO: 5 nodes
INFO: 1 nsets: Nall
INFO: 2 elements
INFO: 3 elsets: Eall, SET1, SET2
INFO: 0 surfaces

==================================================
113: beammpc.inp
INFO: 261 nodes
INFO: 4 nsets: FIX, Nall, LOAD, N1
INFO: 32 elements
INFO: 1 elsets: Eall
INFO: 2 surfaces

==================================================
114: beammr.inp
INFO: 262 nodes
INFO: 2 nsets: CN7, NALL
INFO: 32 elements
INFO: 2 elsets: B1, EALL
INFO: 0 surfaces

==================================================
115: beammrco.inp
INFO: 262 nodes
INFO: 2 nsets: CN7, NALL
INFO: 32 elements
INFO: 2 elsets: B1, EALL
INFO: 0 surfaces

==================================================
116: beammrlin.inp
INFO: 262 nodes
INFO: 3 nsets: CN7, NALL, N1
INFO: 32 elements
INFO: 2 elsets: B1, EALL
INFO: 0 surfaces

==================================================
117: beamnh.inp
INFO: 261 nodes
INFO: 4 nsets: CN7, NALL, LAST, GIBO
INFO: 32 elements
INFO: 2 elsets: B1, EALL
INFO: 0 surfaces

==================================================
118: beamnld.inp
INFO: 261 nodes
INFO: 4 nsets: CN7, NALL, LAST, GIBO
INFO: 32 elements
INFO: 2 elsets: B1, EALL
INFO: 0 surfaces

==================================================
119: beamnldy.inp
INFO: 261 nodes
INFO: 4 nsets: NALL, CN7, N1, LAST
INFO: 32 elements
INFO: 2 elsets: B1, EALL
INFO: 0 surfaces

==================================================
120: beamnldye.inp
INFO: 261 nodes
INFO: 3 nsets: CN7, N1, LAST
INFO: 32 elements
INFO: 2 elsets: B1, EALL
INFO: 0 surfaces

==================================================
121: beamnldynodirect.inp
INFO: 261 nodes
INFO: 4 nsets: NALL, CN7, N1, LAST
INFO: 32 elements
INFO: 2 elsets: B1, EALL
INFO: 0 surfaces

==================================================
122: beamnldyp.inp
INFO: 261 nodes
INFO: 7 nsets: NALL, CN7, N1, N2, N3, N4, N5
INFO: 32 elements
INFO: 2 elsets: B1, EALL
INFO: 0 surfaces

==================================================
123: beamnldype.inp
INFO: 261 nodes
INFO: 7 nsets: NALL, CN7, N1, N2, N3, N4, N5
INFO: 32 elements
INFO: 2 elsets: B1, EALL
INFO: 0 surfaces

==================================================
124: beamnlmpc.inp
INFO: 261 nodes
INFO: 3 nsets: CN7, NALL, LAST
INFO: 32 elements
INFO: 2 elsets: B1, EALL
INFO: 0 surfaces

==================================================
125: beamnlp.inp
INFO: 261 nodes
INFO: 3 nsets: CN7, NALL, LAST
INFO: 32 elements
INFO: 2 elsets: B1, EALL
INFO: 0 surfaces

==================================================
126: beamnlptp.inp
INFO: 261 nodes
INFO: 3 nsets: CN7, NALL, LAST
INFO: 32 elements
INFO: 2 elsets: B1, EALL
INFO: 0 surfaces

==================================================
127: beamnlt.inp
INFO: 261 nodes
INFO: 3 nsets: CN7, FIX, NALL
INFO: 32 elements
INFO: 2 elsets: B1, EALL
INFO: 0 surfaces

==================================================
128: beamnoan.inp
INFO: 261 nodes
INFO: 3 nsets: FIX, Nall, LOAD
INFO: 32 elements
INFO: 1 elsets: Eall
INFO: 0 surfaces

==================================================
129: beamp.inp
INFO: 261 nodes
INFO: 3 nsets: FIX, Nall, LOAD
INFO: 32 elements
INFO: 1 elsets: Eall
INFO: 2 surfaces

==================================================
130: beamp1rotate.inp
INFO: 261 nodes
INFO: 4 nsets: FIX, END, Nall, LOAD
INFO: 32 elements
INFO: 1 elsets: Eall
INFO: 0 surfaces

==================================================
131: beamp2.inp
INFO: 261 nodes
INFO: 3 nsets: FIX, Nall, LOAD
INFO: 32 elements
INFO: 1 elsets: Eall
INFO: 2 surfaces

==================================================
132: beamp2rotate.inp
INFO: 261 nodes
INFO: 4 nsets: FIX, END, Nall, LOAD
INFO: 32 elements
INFO: 1 elsets: Eall
INFO: 0 surfaces

==================================================
133: beamp2stage.inp
INFO: 261 nodes
WARNING: Duplicated nset name LOAD!
INFO: 3 nsets: FIX, Nall, LOAD
INFO: 32 elements
INFO: 1 elsets: Eall
INFO: 0 surfaces

==================================================
134: beampd.inp
INFO: 261 nodes
INFO: 4 nsets: CN7, NALL, LAST, GIBO
INFO: 32 elements
INFO: 2 elsets: B1, EALL
INFO: 0 surfaces

==================================================
135: beampdepmpc.inp
INFO: 261 nodes
INFO: 3 nsets: FIX, Nall, LOAD
INFO: 32 elements
INFO: 1 elsets: Eall
INFO: 0 surfaces

==================================================
136: beamperror.inp
INFO: 261 nodes
INFO: 3 nsets: FIX, Nall, LOAD
INFO: 32 elements
INFO: 1 elsets: Eall
INFO: 2 surfaces

==================================================
137: beampfix.inp
INFO: 261 nodes
INFO: 3 nsets: FIX, Nall, LOAD
INFO: 32 elements
INFO: 1 elsets: Eall
INFO: 0 surfaces

==================================================
138: beampic.inp
INFO: 261 nodes
INFO: 3 nsets: CN7, NALL, LAST
INFO: 32 elements
INFO: 2 elsets: B1, EALL
INFO: 0 surfaces

==================================================
139: beampik.inp
INFO: 261 nodes
INFO: 9 nsets: CN7, NALL, LAST, GIBO, N1, N2, N3, N4, N5
INFO: 32 elements
INFO: 2 elsets: B1, EALL
INFO: 0 surfaces

==================================================
140: beampis.inp
INFO: 261 nodes
INFO: 3 nsets: CN7, NALL, LAST
INFO: 32 elements
INFO: 2 elsets: B1, EALL
INFO: 0 surfaces

==================================================
141: beampiso.inp
INFO: 261 nodes
INFO: 9 nsets: CN7, NALL, LAST, GIBO, N1, N2, N3, N4, N5
INFO: 32 elements
INFO: 2 elsets: B1, EALL
INFO: 0 surfaces

==================================================
142: beampiso2.inp
INFO: 261 nodes
INFO: 9 nsets: CN7, NALL, LAST, GIBO, N1, N2, N3, N4, N5
INFO: 32 elements
INFO: 3 elsets: B1, EALL, E1
INFO: 0 surfaces

==================================================
143: beampisof.inp
INFO: 261 nodes
INFO: 9 nsets: CN7, NALL, LAST, GIBO, N1, N2, N3, N4, N5
INFO: 32 elements
INFO: 2 elsets: B1, EALL
INFO: 0 surfaces

==================================================
144: beampkin.inp
INFO: 261 nodes
INFO: 9 nsets: CN7, NALL, LAST, GIBO, N1, N2, N3, N4, N5
INFO: 32 elements
INFO: 2 elsets: B1, EALL
INFO: 0 surfaces

==================================================
145: beampl.inp
INFO: 261 nodes
INFO: 9 nsets: CN7, NALL, LAST, GIBO, N1, N2, N3, N4, N5
INFO: 32 elements
INFO: 2 elsets: B1, EALL
INFO: 0 surfaces

==================================================
146: beampo1.inp
INFO: 261 nodes
INFO: 3 nsets: CN7, NALL, LAST
INFO: 32 elements
INFO: 2 elsets: B1, EALL
INFO: 0 surfaces

==================================================
147: beampo2.inp
INFO: 261 nodes
INFO: 3 nsets: CN7, NALL, LAST
INFO: 32 elements
INFO: 2 elsets: B1, EALL
INFO: 0 surfaces

==================================================
148: beampo3.inp
INFO: 261 nodes
INFO: 3 nsets: CN7, NALL, LAST
INFO: 32 elements
INFO: 2 elsets: B1, EALL
INFO: 0 surfaces

==================================================
149: beamprand.inp
INFO: 261 nodes
INFO: 4 nsets: FIX, Nall, LOAD, Ndesign
INFO: 32 elements
INFO: 1 elsets: Eall
INFO: 0 surfaces

==================================================
150: beamprb.inp
INFO: 263 nodes
INFO: 4 nsets: FIX, Nall, LOAD, N1
INFO: 32 elements
INFO: 1 elsets: Eall
INFO: 0 surfaces

==================================================
151: beampset.inp
INFO: 261 nodes
INFO: 4 nsets: FIX, Nall, LOAD1, LOAD2
INFO: 32 elements
INFO: 1 elsets: Eall
INFO: 0 surfaces

==================================================
152: beampt.inp
INFO: 261 nodes
INFO: 3 nsets: NALL, CN7, GIBO
INFO: 32 elements
INFO: 2 elsets: B1, EALL
INFO: 0 surfaces

==================================================
153: beamptied1.inp
INFO: 282 nodes
INFO: 4 nsets: Nall, dep, LOAD, FIX
INFO: 32 elements
INFO: 1 elsets: Eall
INFO: 3 surfaces

==================================================
154: beamptied1noadjust.inp
INFO: 282 nodes
INFO: 4 nsets: Nall, dep, LOAD, FIX
INFO: 32 elements
INFO: 1 elsets: Eall
INFO: 3 surfaces

==================================================
155: beamptied2.inp
INFO: 282 nodes
INFO: 4 nsets: Nall, dep, LOAD, FIX
INFO: 32 elements
INFO: 1 elsets: Eall
INFO: 3 surfaces

==================================================
156: beamptied3.inp
INFO: 282 nodes
INFO: 5 nsets: Nall, dep, LOAD, FIX, fix2
INFO: 32 elements
INFO: 1 elsets: Eall
INFO: 3 surfaces

==================================================
157: beamptied4.inp
INFO: 282 nodes
INFO: 5 nsets: Nall, dep, LOAD, FIX, fix2
INFO: 32 elements
INFO: 1 elsets: Eall
INFO: 3 surfaces

==================================================
158: beamptied5.inp
INFO: 282 nodes
INFO: 5 nsets: Nall, dep, LOAD, FIX, fix2
INFO: 32 elements
INFO: 1 elsets: Eall
INFO: 3 surfaces

==================================================
159: beamptied6.inp
INFO: 282 nodes
INFO: 5 nsets: Nall, dep, LOAD, FIX, fix2
INFO: 32 elements
INFO: 1 elsets: Eall
INFO: 3 surfaces

==================================================
160: beamptied7.inp
INFO: 282 nodes
INFO: 5 nsets: Nall, dep, LOAD, FIX, fix2
INFO: 32 elements
INFO: 1 elsets: Eall
INFO: 3 surfaces

==================================================
161: beamptrans.inp
INFO: 261 nodes
INFO: 3 nsets: FIX, Nall, N1
INFO: 32 elements
INFO: 1 elsets: Eall
INFO: 0 surfaces

==================================================
162: beamrb.inp
INFO: 263 nodes
INFO: 3 nsets: CN7, NALL, Ntip
INFO: 32 elements
INFO: 2 elsets: B1, EALL
INFO: 0 surfaces

==================================================
163: beamread.inp
INFO: 0 nodes
INFO: 0 nsets: 
INFO: 0 elements
INFO: 0 elsets: 
INFO: 0 surfaces

==================================================
164: beamread2.inp
INFO: 0 nodes
INFO: 0 nsets: 
INFO: 0 elements
INFO: 0 elsets: 
INFO: 0 surfaces

==================================================
165: beamread3.inp
INFO: 0 nodes
INFO: 0 nsets: 
INFO: 0 elements
INFO: 0 elsets: 
INFO: 0 surfaces

==================================================
166: beamstraight.inp
INFO: 261 nodes
INFO: 2 nsets: CN7, NALL
INFO: 32 elements
INFO: 2 elsets: B1, EALL
INFO: 0 surfaces

==================================================
167: beamt.inp
INFO: 261 nodes
INFO: 2 nsets: FIX, NALL
INFO: 32 elements
INFO: 2 elsets: B1, EALL
INFO: 0 surfaces

==================================================
168: beamt2.inp
INFO: 261 nodes
INFO: 2 nsets: FIX, NALL
INFO: 32 elements
INFO: 4 elsets: B1, E1, E2, EALL
INFO: 0 surfaces

==================================================
169: beamt3.inp
INFO: 261 nodes
INFO: 12 nsets: FIX, NALL, N1, N2, N3, N4, N5, N6, N7, N8, N9, N10
INFO: 32 elements
INFO: 2 elsets: B1, EALL
INFO: 0 surfaces

==================================================
170: beamt4.inp
INFO: 261 nodes
INFO: 7 nsets: CN7, NALL, Nse1, Nse2, Nse3, Nse4, Nse5
INFO: 32 elements
INFO: 2 elsets: B1, EALL
INFO: 0 surfaces

==================================================
171: beamt6.inp
INFO: 261 nodes
INFO: 3 nsets: FIX, Nall, LOAD
INFO: 32 elements
INFO: 1 elsets: Eall
INFO: 0 surfaces

==================================================
172: beamth.inp
INFO: 262 nodes
INFO: 3 nsets: CN7, NALL, GIBO
INFO: 32 elements
INFO: 2 elsets: B1, Eall
INFO: 0 surfaces

==================================================
173: beamtor.inp
INFO: 5 nodes
INFO: 1 nsets: Nall
INFO: 2 elements
INFO: 1 elsets: Eall
INFO: 0 surfaces

==================================================
174: beamu.inp
INFO: 261 nodes
INFO: 6 nsets: FIX, Nfix2, Nhl, Nhr, Nall, Nload
INFO: 32 elements
INFO: 1 elsets: Eall
INFO: 0 surfaces

==================================================
175: beamuamp.inp
INFO: 261 nodes
INFO: 3 nsets: FIX, Nall, LOAD
INFO: 32 elements
INFO: 1 elsets: Eall
INFO: 0 surfaces

==================================================
176: beamwrite.inp
INFO: 261 nodes
INFO: 2 nsets: FIX, Nall
INFO: 32 elements
INFO: 1 elsets: Eall
INFO: 0 surfaces

==================================================
177: beamwrite2.inp
INFO: 261 nodes
INFO: 2 nsets: FIX, Nall
INFO: 32 elements
INFO: 1 elsets: Eall
INFO: 0 surfaces

==================================================
178: beamwrite3.inp
INFO: 261 nodes
INFO: 2 nsets: FIX, Nall
INFO: 32 elements
INFO: 1 elsets: Eall
INFO: 0 surfaces

==================================================
179: beam_sens_freq_coord1.inp
INFO: 261 nodes
INFO: 2 nsets: Nall, CN7
INFO: 32 elements
INFO: 2 elsets: B1, EALL
INFO: 0 surfaces

==================================================
180: beam_sens_freq_coord3.inp
INFO: 270 nodes
INFO: 2 nsets: FIX, Nall
INFO: 32 elements
INFO: 1 elsets: Eall
INFO: 0 surfaces

==================================================
181: beam_sens_stress_coord1.inp
INFO: 261 nodes
INFO: 2 nsets: Nall, CN7
INFO: 32 elements
INFO: 2 elsets: B1, EALL
INFO: 0 surfaces

==================================================
182: beam_sens_stress_coord2.inp
INFO: 261 nodes
INFO: 2 nsets: Nall, CN7
INFO: 32 elements
INFO: 2 elsets: B1, EALL
INFO: 0 surfaces

==================================================
183: bifur.inp
INFO: 13 nodes
INFO: 1 nsets: NALL
INFO: 8 elements
INFO: 2 elsets: EGAS, ELONG
INFO: 0 surfaces

==================================================
184: bolt.inp
INFO: 1203 nodes
INFO: 2 nsets: Nall, Nbolt
INFO: 352 elements
INFO: 3 elsets: Ebolt, Eplateful, Eplatered
INFO: 6 surfaces

==================================================
185: boxprofile.inp
INFO: 11 nodes
INFO: 1 nsets: nall
INFO: 5 elements
INFO: 1 elsets: elall
INFO: 0 surfaces

==================================================
186: boxprofile2.inp
INFO: 11 nodes
INFO: 1 nsets: nall
INFO: 5 elements
INFO: 1 elsets: elall
INFO: 0 surfaces

==================================================
187: branch1.inp
INFO: 10 nodes
INFO: 1 nsets: NALL
INFO: 6 elements
INFO: 1 elsets: EGAS
INFO: 0 surfaces

==================================================
188: branch2.inp
INFO: 8 nodes
INFO: 1 nsets: NALL
INFO: 5 elements
INFO: 1 elsets: EGAS
INFO: 0 surfaces

==================================================
189: branchjoint1.inp
INFO: 14 nodes
INFO: 1 nsets: NALL
INFO: 8 elements
INFO: 4 elsets: AGAS, BGAS, CGAS, DGAS
INFO: 0 surfaces

==================================================
190: branchjoint2.inp
INFO: 14 nodes
INFO: 1 nsets: NALL
INFO: 8 elements
INFO: 4 elsets: AGAS, BGAS, CGAS, DGAS
INFO: 0 surfaces

==================================================
191: branchjoint3.inp
INFO: 14 nodes
INFO: 1 nsets: NALL
INFO: 8 elements
INFO: 4 elsets: AGAS, BGAS, CGAS, DGAS
INFO: 0 surfaces

==================================================
192: branchjoint4.inp
INFO: 14 nodes
INFO: 1 nsets: NALL
INFO: 8 elements
INFO: 4 elsets: AGAS, BGAS, CGAS, DGAS
INFO: 0 surfaces

==================================================
193: branchsplit1.inp
INFO: 14 nodes
INFO: 1 nsets: NALL
INFO: 8 elements
INFO: 4 elsets: AGAS, BGAS, CGAS, DGAS
INFO: 0 surfaces

==================================================
194: branchsplit2.inp
INFO: 14 nodes
INFO: 1 nsets: NALL
INFO: 8 elements
INFO: 4 elsets: AGAS, BGAS, CGAS, DGAS
INFO: 0 surfaces

==================================================
195: branchsplit3.inp
INFO: 14 nodes
INFO: 1 nsets: NALL
INFO: 8 elements
INFO: 4 elsets: AGAS, BGAS, CGAS, DGAS
INFO: 0 surfaces

==================================================
196: c3d15.inp
INFO: 127 nodes
INFO: 1 nsets: GLOBAL
INFO: 24 elements
INFO: 2 elsets: P3, OUT_CONT
INFO: 0 surfaces

==================================================
197: capacitor.inp
INFO: 108 nodes
INFO: 3 nsets: Nall, Nin, Nout
INFO: 10 elements
INFO: 1 elsets: Eall
INFO: 1 surfaces

==================================================
198: carbonseal.inp
INFO: 5 nodes
INFO: 1 nsets: NALL
INFO: 3 elements
INFO: 1 elsets: EGAS
INFO: 0 surfaces

==================================================
199: centheat1.inp
INFO: 29 nodes
INFO: 1 nsets: NALL
INFO: 15 elements
INFO: 8 elsets: EALL, E1, E2, E3, E4, E5, E6, E7
INFO: 0 surfaces

==================================================
200: changefric.inp
INFO: 16 nodes
INFO: 3 nsets: Nall, Nfix, Nfixxy
INFO: 2 elements
INFO: 3 elsets: Eall, Emast, Eslav
INFO: 2 surfaces

==================================================
201: changesolidsection.inp
INFO: 261 nodes
INFO: 3 nsets: FIX, Nall, LOAD
INFO: 32 elements
INFO: 1 elsets: Eall
INFO: 0 surfaces

==================================================
202: changesurfbeh.inp
INFO: 16 nodes
INFO: 3 nsets: Nall, Nfix, Ntop
INFO: 2 elements
INFO: 3 elsets: Eall, Emast, Eslav
INFO: 2 surfaces

==================================================
203: channel1.inp
INFO: 11 nodes
INFO: 1 nsets: NALL
INFO: 6 elements
INFO: 6 elsets: EALL, E1, E2, E3, E4, E5
INFO: 0 surfaces

==================================================
204: channel10.inp
INFO: 19 nodes
INFO: 1 nsets: NALL
INFO: 10 elements
INFO: 10 elsets: EALL, E1, E2, E3, E4, E5, E6, E7, E8, E9
INFO: 0 surfaces

==================================================
205: channel11.inp
INFO: 19 nodes
INFO: 1 nsets: NALL
INFO: 10 elements
INFO: 10 elsets: EALL, E1, E2, E3, E4, E5, E6, E7, E8, E9
INFO: 0 surfaces

==================================================
206: channel12.inp
INFO: 19 nodes
INFO: 1 nsets: NALL
INFO: 10 elements
INFO: 10 elsets: EALL, E1, E2, E3, E4, E5, E6, E7, E8, E9
INFO: 0 surfaces

==================================================
207: channel2.inp
INFO: 11 nodes
INFO: 1 nsets: NALL
INFO: 6 elements
INFO: 6 elsets: EALL, E1, E2, E3, E4, E5
INFO: 0 surfaces

==================================================
208: channel3.inp
INFO: 11 nodes
INFO: 1 nsets: NALL
INFO: 6 elements
INFO: 6 elsets: EALL, E1, E2, E3, E4, E5
INFO: 0 surfaces

==================================================
209: channel4.inp
INFO: 11 nodes
INFO: 1 nsets: NALL
INFO: 6 elements
INFO: 6 elsets: EALL, E1, E2, E3, E4, E5
INFO: 0 surfaces

==================================================
210: channel5.inp
INFO: 11 nodes
INFO: 1 nsets: NALL
INFO: 6 elements
INFO: 6 elsets: EALL, E1, E2, E3, E4, E5
INFO: 0 surfaces

==================================================
211: channel6.inp
INFO: 55 nodes
INFO: 1 nsets: Nall
INFO: 27 elements
INFO: 9 elsets: Eall, E1, E2, E3, E4, E5, E6, E7, E8
INFO: 0 surfaces

==================================================
212: channel7.inp
INFO: 11 nodes
INFO: 1 nsets: NALL
INFO: 6 elements
INFO: 6 elsets: EALL, E1, E2, E3, E4, E5
INFO: 0 surfaces

==================================================
213: channel9.inp
INFO: 19 nodes
INFO: 1 nsets: NALL
INFO: 10 elements
INFO: 10 elsets: EALL, E1, E2, E3, E4, E5, E6, E7, E8, E9
INFO: 0 surfaces

==================================================
214: characteristic.inp
INFO: 7 nodes
INFO: 1 nsets: NALL
INFO: 4 elements
INFO: 1 elsets: EGAS
INFO: 0 surfaces

==================================================
215: circ10p.inp
INFO: 90 nodes
INFO: 3 nsets: NALL, FIX, LOAD
INFO: 31 elements
INFO: 1 elsets: EALL
INFO: 1 surfaces

==================================================
216: circ10pfin.inp
INFO: 3190 nodes
INFO: 2 nsets: FIX, LOAD
INFO: 1849 elements
INFO: 1 elsets: TET
INFO: 1 surfaces

==================================================
217: concretebeam.inp
INFO: 53 nodes
INFO: 3 nsets: Nall, Nleft, Nright
INFO: 10 elements
INFO: 1 elsets: Eall
INFO: 0 surfaces

==================================================
218: contact1.inp
INFO: 16 nodes
INFO: 4 nsets: Nall, Nfix, Nfixxy, Nslav
INFO: 2 elements
INFO: 2 elsets: Eall, Emast
INFO: 2 surfaces

==================================================
219: contact10.inp
INFO: 40 nodes
INFO: 4 nsets: Nall, Nfix, Nfix2, Nslav
INFO: 2 elements
INFO: 1 elsets: Eall
INFO: 2 surfaces

==================================================
220: contact11.inp
INFO: 11 nodes
INFO: 3 nsets: Nall, Nfix, Nfixxy
INFO: 2 elements
INFO: 2 elsets: EVOL, EBEAM
INFO: 2 surfaces

==================================================
221: contact2.inp
INFO: 522 nodes
INFO: 2 nsets: Nall, Nfix
INFO: 64 elements
INFO: 1 elsets: Eall
INFO: 2 surfaces

==================================================
222: contact3.inp
INFO: 16 nodes
INFO: 4 nsets: Nall, Nfix, Nfixxy, Nslav
INFO: 2 elements
INFO: 2 elsets: Eall, Emast
INFO: 2 surfaces

==================================================
223: contact4.inp
INFO: 40 nodes
INFO: 4 nsets: Nall, Nfix, Nfix2, Nslav
INFO: 2 elements
INFO: 1 elsets: Eall
INFO: 2 surfaces

==================================================
224: contact5.inp
INFO: 522 nodes
INFO: 3 nsets: Nall, Nfix, LAST
INFO: 64 elements
INFO: 1 elsets: Eall
INFO: 2 surfaces

==================================================
225: contact5lin.inp
INFO: 522 nodes
INFO: 3 nsets: Nall, Nfix, LAST
INFO: 64 elements
INFO: 1 elsets: Eall
INFO: 2 surfaces

==================================================
226: contact6.inp
INFO: 16 nodes
INFO: 4 nsets: Nall, Nfix, Nfixxy, Nslav
INFO: 2 elements
INFO: 2 elsets: Eall, Emast
INFO: 2 surfaces

==================================================
227: contact7.inp
INFO: 16 nodes
INFO: 4 nsets: Nall, Nfix1, Nfix2, Nslav
INFO: 2 elements
INFO: 2 elsets: Eall, Emast
INFO: 2 surfaces

==================================================
228: contact8.inp
INFO: 16 nodes
INFO: 4 nsets: Nall, Nfix1, Nfix2, Nslav
INFO: 2 elements
INFO: 2 elsets: Eall, Emast
INFO: 2 surfaces

==================================================
229: contact9.inp
INFO: 16 nodes
INFO: 4 nsets: Nall, Nfix1, Nfix2, Nslav
INFO: 2 elements
INFO: 2 elsets: Eall, Emast
INFO: 2 surfaces

==================================================
230: contactenergy.inp
INFO: 16 nodes
INFO: 4 nsets: Nall, Nfix, Nfixxy, Nslav
INFO: 2 elements
INFO: 2 elsets: Eall, Emast
INFO: 2 surfaces

==================================================
231: contdamp2.inp
INFO: 18 nodes
INFO: 4 nsets: NALL, NMASSA, NCONTACT, N2
INFO: 3 elements
INFO: 2 elsets: ESPRING, EMASSA
INFO: 2 surfaces

==================================================
232: cou.inp
INFO: 242 nodes
INFO: 1 nsets: Nall
INFO: 100 elements
INFO: 1 elsets: Eall
INFO: 5 surfaces

==================================================
233: cou2d.inp
INFO: 242 nodes
INFO: 1 nsets: Nall
INFO: 100 elements
INFO: 1 elsets: Eall
INFO: 1 surfaces

==================================================
234: coucss.inp
INFO: 242 nodes
INFO: 1 nsets: Nall
INFO: 100 elements
INFO: 1 elsets: Eall
INFO: 5 surfaces

==================================================
235: couctr.inp
INFO: 242 nodes
INFO: 1 nsets: Nall
INFO: 100 elements
INFO: 1 elsets: Eall
INFO: 5 surfaces

==================================================
236: couette1.inp
INFO: 84 nodes
INFO: 1 nsets: Nall
INFO: 20 elements
INFO: 2 elsets: Eall, E1
INFO: 3 surfaces

==================================================
237: couette2.inp
INFO: 84 nodes
INFO: 1 nsets: Nall
INFO: 20 elements
INFO: 2 elsets: Eall, E1
INFO: 3 surfaces

==================================================
238: couettecyl.inp
INFO: 320 nodes
INFO: 1 nsets: Nall
INFO: 128 elements
INFO: 1 elsets: Eall
INFO: 1 surfaces

==================================================
239: couettecyl4.inp
INFO: 50 nodes
INFO: 1 nsets: Nall
INFO: 16 elements
INFO: 1 elsets: Eall
INFO: 3 surfaces

==================================================
240: couettecylcent.inp
INFO: 320 nodes
INFO: 1 nsets: Nall
INFO: 128 elements
INFO: 1 elsets: Eall
INFO: 1 surfaces

==================================================
241: couettecylcomp.inp
INFO: 320 nodes
INFO: 1 nsets: Nall
INFO: 128 elements
INFO: 1 elsets: Eall
INFO: 1 surfaces

==================================================
242: coupling1.inp
INFO: 262 nodes
INFO: 4 nsets: FIX, Nall, LOAD, N1
INFO: 32 elements
INFO: 1 elsets: Eall
INFO: 1 surfaces

==================================================
243: coupling2.inp
INFO: 262 nodes
INFO: 4 nsets: FIX, Nall, LOAD, N1
INFO: 32 elements
INFO: 1 elsets: Eall
INFO: 1 surfaces

==================================================
244: coupling3.inp
INFO: 262 nodes
INFO: 3 nsets: FIX, Nall, LOAD
INFO: 32 elements
INFO: 1 elsets: Eall
INFO: 1 surfaces

==================================================
245: coupling4.inp
INFO: 262 nodes
INFO: 4 nsets: FIX, Nall, LOAD, N1
INFO: 32 elements
INFO: 1 elsets: Eall
INFO: 1 surfaces

==================================================
246: coupling5.inp
INFO: 262 nodes
INFO: 4 nsets: FIX, Nall, LOAD, N1
INFO: 32 elements
INFO: 1 elsets: Eall
INFO: 1 surfaces

==================================================
247: coupling6.inp
INFO: 262 nodes
INFO: 4 nsets: FIX, Nall, LOAD, N1
INFO: 32 elements
INFO: 1 elsets: Eall
INFO: 1 surfaces

==================================================
248: coupling7.inp
INFO: 262 nodes
INFO: 4 nsets: FIX, Nall, LOAD, N1
INFO: 32 elements
INFO: 1 elsets: Eall
INFO: 1 surfaces

==================================================
249: cubef2f1.inp
INFO: 2961 nodes
WARNING: Duplicated nset name Nbottom!
WARNING: Duplicated nset name Ntop!
INFO: 2 nsets: Nbottom, Ntop
WARNING: Duplicated elset name auto1!
INFO: 632 elements
INFO: 2 elsets: auto1, Eall
INFO: 2 surfaces

==================================================
250: cubef2f2.inp
INFO: 2961 nodes
WARNING: Duplicated nset name Nbottom!
WARNING: Duplicated nset name Ntop!
INFO: 2 nsets: Nbottom, Ntop
WARNING: Duplicated elset name auto1!
INFO: 632 elements
INFO: 2 elsets: auto1, Eall
INFO: 2 surfaces

==================================================
251: cubef2f3.inp
INFO: 2961 nodes
WARNING: Duplicated nset name Nbottom!
WARNING: Duplicated nset name Ntop!
INFO: 2 nsets: Nbottom, Ntop
WARNING: Duplicated elset name auto1!
INFO: 632 elements
INFO: 2 elsets: auto1, Eall
INFO: 2 surfaces

==================================================
252: cubenewt.inp
INFO: 40 nodes
INFO: 3 nsets: Nall, NN1, NN2
INFO: 2 elements
INFO: 1 elsets: Eall
INFO: 0 surfaces

==================================================
253: cubespring.inp
INFO: 128 nodes
INFO: 3 nsets: Nall, Nfix, Nload
INFO: 54 elements
INFO: 1 elsets: Eall
INFO: 2 surfaces

==================================================
254: cyl.inp
INFO: 1201 nodes
INFO: 2 nsets: Nall, Nfix
INFO: 160 elements
INFO: 1 elsets: Eall
INFO: 1 surfaces

==================================================
255: dam.inp
INFO: 1045 nodes
INFO: 3 nsets: Nall, Nup, Ndown
INFO: 320 elements
INFO: 3 elsets: Eall, Earea1, Earea2
INFO: 0 surfaces

==================================================
256: damper1.inp
INFO: 42 nodes
INFO: 4 nsets: Nall, Nfix, EL1, OUT
INFO: 2 elements
INFO: 1 elsets: Eall
INFO: 0 surfaces

==================================================
257: dashpot1.inp
INFO: 10 nodes
INFO: 3 nsets: NALL, NMASSA, N2
INFO: 3 elements
INFO: 3 elsets: ESPRING, EMASSA, EDASH
INFO: 0 surfaces

==================================================
258: dashpot2.inp
INFO: 10 nodes
INFO: 4 nsets: NALL, NMASSA, N1, N2
INFO: 3 elements
INFO: 3 elsets: ESPRING, EMASSA, EDASH
INFO: 0 surfaces

==================================================
259: dashpot3.inp
INFO: 10 nodes
INFO: 3 nsets: NALL, NMASSA, N2
INFO: 3 elements
INFO: 3 elsets: ESPRING, EMASSA, EDASH
INFO: 0 surfaces

==================================================
260: dashpot5.inp
INFO: 10 nodes
INFO: 3 nsets: NALL, NMASSA, N2
INFO: 3 elements
INFO: 3 elsets: ESPRING, EMASSA, EDASH
INFO: 0 surfaces

==================================================
261: disk2.inp
INFO: 102 nodes
INFO: 1 nsets: Nall
INFO: 8 elements
INFO: 3 elsets: Eall, Ein, Eout
INFO: 0 surfaces

==================================================
262: dist.inp
INFO: 262 nodes
INFO: 4 nsets: FIX, Nall, LOAD, N1
INFO: 32 elements
INFO: 1 elsets: Eall
INFO: 0 surfaces

==================================================
263: distcoup.inp
INFO: 262 nodes
INFO: 3 nsets: FIX, Nall, LOAD
INFO: 33 elements
INFO: 2 elsets: Eall, E1
INFO: 0 surfaces

==================================================
264: distcoup2.inp
INFO: 263 nodes
INFO: 4 nsets: FIX, Nall, LOAD, LOAD2
INFO: 34 elements
INFO: 3 elsets: Eall, E1, E2
INFO: 0 surfaces

==================================================
265: dloadlinI.inp
INFO: 188 nodes
INFO: 3 nsets: nall, left, right
INFO: 15 elements
INFO: 1 elsets: elall
INFO: 0 surfaces

==================================================
266: dloadlinIf.inp
INFO: 188 nodes
INFO: 3 nsets: nall, left, right
INFO: 15 elements
INFO: 1 elsets: elall
INFO: 0 surfaces

==================================================
267: equrem1.inp
INFO: 16 nodes
INFO: 4 nsets: Nall, Nfix, N1, N2
INFO: 2 elements
INFO: 1 elsets: Eall
INFO: 0 surfaces

==================================================
268: equrem2.inp
INFO: 16 nodes
INFO: 4 nsets: Nall, Nfix, N1, N2
INFO: 2 elements
INFO: 1 elsets: Eall
INFO: 0 surfaces

==================================================
269: equrem3.inp
INFO: 16 nodes
INFO: 4 nsets: Nall, Nfix, N1, N2
INFO: 2 elements
INFO: 1 elsets: Eall
INFO: 0 surfaces

==================================================
270: equrem4.inp
INFO: 175 nodes
INFO: 4 nsets: Nall, sup, fix, n1
INFO: 34 elements
INFO: 2 elsets: Eall, S8R
INFO: 1 surfaces

==================================================
271: fluidread.inp
INFO: 0 nodes
INFO: 0 nsets: 
INFO: 0 elements
INFO: 0 elsets: 
INFO: 0 surfaces

==================================================
272: fluidwrite.inp
INFO: 286 nodes
INFO: 1 nsets: Nall
INFO: 120 elements
INFO: 1 elsets: Eall
INFO: 5 surfaces

==================================================
273: fricloop.inp
INFO: 16 nodes
INFO: 3 nsets: Nall, Nfix, Nfixxy
INFO: 2 elements
INFO: 3 elsets: Eall, Emast, Eslav
INFO: 2 surfaces

==================================================
274: friction1.inp
INFO: 250 nodes
INFO: 3 nsets: Nall, Nfix, Nload
INFO: 128 elements
INFO: 1 elsets: Eall
INFO: 2 surfaces

==================================================
275: friction2.inp
INFO: 16 nodes
INFO: 4 nsets: Nall, Ndisp, Nslav, Nbigcube
INFO: 2 elements
INFO: 1 elsets: Eall
INFO: 2 surfaces

==================================================
276: friction3.inp
INFO: 16 nodes
INFO: 4 nsets: Nall, Ndisp, Nslav, Nbigcube
INFO: 2 elements
INFO: 1 elsets: Eall
INFO: 2 surfaces

==================================================
277: fullseg.inp
INFO: 1013 nodes
INFO: 3 nsets: Nall, Nleft, Nright
INFO: 160 elements
INFO: 1 elsets: Eall
INFO: 2 surfaces

==================================================
278: furnace.inp
INFO: 613 nodes
INFO: 3 nsets: Nall, NGAS, Ndown
INFO: 305 elements
INFO: 2 elsets: furnace, EGAS
INFO: 0 surfaces

==================================================
279: gap.inp
INFO: 522 nodes
INFO: 3 nsets: Nall, N1, Nfix
INFO: 65 elements
INFO: 2 elsets: Eall, G1
INFO: 0 surfaces

==================================================
280: gap2.inp
INFO: 16 nodes
INFO: 3 nsets: Nall, Nfix, Nfixxy
INFO: 6 elements
INFO: 2 elsets: Eall, G1
INFO: 0 surfaces

==================================================
281: gaspipe-cfd-pressure.inp
INFO: 5 nodes
INFO: 1 nsets: NALL
INFO: 3 elements
INFO: 1 elsets: EGAS
INFO: 0 surfaces

==================================================
282: gaspipe-fanno10.inp
INFO: 23 nodes
INFO: 1 nsets: NALL
INFO: 12 elements
INFO: 1 elsets: EGAS
INFO: 0 surfaces

==================================================
283: gaspipe-fanno8-oil.inp
INFO: 21 nodes
INFO: 1 nsets: NALL
INFO: 11 elements
INFO: 1 elsets: EGAS
INFO: 0 surfaces

==================================================
284: gaspipe1-oil.inp
INFO: 5 nodes
INFO: 1 nsets: NALL
INFO: 3 elements
INFO: 1 elsets: EGAS
INFO: 0 surfaces

==================================================
285: gaspipe1.inp
INFO: 5 nodes
INFO: 1 nsets: NALL
INFO: 3 elements
INFO: 1 elsets: EGAS
INFO: 0 surfaces

==================================================
286: gaspipe11.inp
INFO: 5 nodes
INFO: 1 nsets: NALL
INFO: 3 elements
INFO: 1 elsets: EGAS
INFO: 0 surfaces

==================================================
287: gaspipe12.inp
INFO: 5 nodes
INFO: 1 nsets: NALL
INFO: 3 elements
INFO: 1 elsets: EGAS
INFO: 0 surfaces

==================================================
288: gaspipe13.inp
INFO: 5 nodes
INFO: 1 nsets: NALL
INFO: 3 elements
INFO: 1 elsets: EGAS
INFO: 0 surfaces

==================================================
289: gaspipe14.inp
INFO: 5 nodes
INFO: 1 nsets: NALL
INFO: 3 elements
INFO: 1 elsets: EGAS
INFO: 0 surfaces

==================================================
290: gaspipe2.inp
INFO: 5 nodes
INFO: 1 nsets: NALL
INFO: 3 elements
INFO: 1 elsets: EGAS
INFO: 0 surfaces

==================================================
291: gaspipe3.inp
INFO: 5 nodes
INFO: 1 nsets: NALL
INFO: 3 elements
INFO: 1 elsets: EGAS
INFO: 0 surfaces

==================================================
292: gaspipe4.inp
INFO: 5 nodes
INFO: 1 nsets: NALL
INFO: 3 elements
INFO: 1 elsets: EGAS
INFO: 0 surfaces

==================================================
293: gaspipe5.inp
INFO: 5 nodes
INFO: 1 nsets: NALL
INFO: 3 elements
INFO: 1 elsets: EGAS
INFO: 0 surfaces

==================================================
294: gaspipe6.inp
INFO: 5 nodes
INFO: 1 nsets: NALL
INFO: 3 elements
INFO: 1 elsets: EGAS
INFO: 0 surfaces

==================================================
295: gaspipe7.inp
INFO: 5 nodes
INFO: 1 nsets: NALL
INFO: 3 elements
INFO: 1 elsets: EGAS
INFO: 0 surfaces

==================================================
296: gaspipe8-cfd-massflow.inp
INFO: 19 nodes
INFO: 1 nsets: NALL
INFO: 10 elements
INFO: 3 elsets: INLET, GASPIPE, OUTLET
INFO: 0 surfaces

==================================================
297: gaspipe8-cfd-pressure-split.inp
INFO: 22 nodes
INFO: 1 nsets: NALL
INFO: 12 elements
INFO: 3 elsets: INLET, GASPIPE, OUTLET
INFO: 0 surfaces

==================================================
298: gaspipe8-cfd-pressure.inp
INFO: 19 nodes
INFO: 1 nsets: NALL
INFO: 10 elements
INFO: 3 elsets: INLET, GASPIPE, OUTLET
INFO: 0 surfaces

==================================================
299: gaspipe8-oil.inp
INFO: 21 nodes
INFO: 1 nsets: NALL
INFO: 11 elements
INFO: 1 elsets: EGAS
INFO: 0 surfaces

==================================================
300: gaspipe8.inp
INFO: 5 nodes
INFO: 1 nsets: NALL
INFO: 3 elements
INFO: 1 elsets: EGAS
INFO: 0 surfaces

==================================================
301: gaspres.inp
INFO: 13 nodes
INFO: 1 nsets: Nall
INFO: 4 elements
INFO: 2 elsets: WALL, FLUID
INFO: 0 surfaces

==================================================
302: green1.inp
INFO: 261 nodes
INFO: 3 nsets: FIX, Nall, LOAD
INFO: 32 elements
INFO: 1 elsets: Eall
INFO: 0 surfaces

==================================================
303: green2.inp
INFO: 261 nodes
INFO: 3 nsets: FIX, Nall, LOAD
INFO: 32 elements
INFO: 1 elsets: Eall
INFO: 0 surfaces

==================================================
304: green3.inp
INFO: 261 nodes
INFO: 3 nsets: FIX, Nall, LOAD
INFO: 32 elements
INFO: 1 elsets: Eall
INFO: 0 surfaces

==================================================
305: green4.inp
INFO: 261 nodes
INFO: 3 nsets: FIX, Nall, LOAD
INFO: 32 elements
INFO: 1 elsets: Eall
INFO: 0 surfaces

==================================================
306: hinge.inp
INFO: 262 nodes
INFO: 1 nsets: N1
INFO: 32 elements
INFO: 1 elsets: Eall
INFO: 1 surfaces

==================================================
307: hueeber1.inp
INFO: 17524 nodes
INFO: 10 nsets: Nall, Ncopy1, Ncopy2, Ncopy1_l1, Ncopy1_l2, Ncopy1_l3, Ncopy1_r1, Ncopy1_r2, Ncopy1_r3, Nout
INFO: 8500 elements
INFO: 3 elsets: Eall, Ecopy1, Ecopy2
INFO: 2 surfaces

==================================================
308: hueeber2.inp
INFO: 17524 nodes
INFO: 10 nsets: Nall, Ncopy1, Ncopy2, Ncopy2_l1, Ncopy2_l2, Ncopy2_l3, Ncopy1_r1, Ncopy1_r2, Ncopy1_r3, Nout
INFO: 8500 elements
INFO: 3 elsets: Eall, Ecopy1, Ecopy2
INFO: 2 surfaces

==================================================
309: hueeber3.inp
INFO: 17524 nodes
INFO: 10 nsets: Nall, Ncopy1, Ncopy2, Ncopy1_l1, Ncopy1_l2, Ncopy1_l3, Ncopy1_r1, Ncopy1_r2, Ncopy1_r3, Nout
INFO: 8500 elements
INFO: 3 elsets: Eall, Ecopy1, Ecopy2
INFO: 2 surfaces

==================================================
310: hueeber4.inp
INFO: 17524 nodes
INFO: 10 nsets: Nall, Ncopy1, Ncopy2, Ncopy2_l1, Ncopy2_l2, Ncopy2_l3, Ncopy1_r1, Ncopy1_r2, Ncopy1_r3, Nout
INFO: 8500 elements
INFO: 3 elsets: Eall, Ecopy1, Ecopy2
INFO: 2 surfaces

==================================================
311: induction.inp
INFO: 3013 nodes
INFO: 3 nsets: Nall, Nminus, Nplus
WARNING: Duplicated elset name Eall!
INFO: 612 elements
INFO: 3 elsets: Eall, Ecoil, Eair
INFO: 0 surfaces

==================================================
312: induction2.inp
INFO: 3199 nodes
INFO: 7 nsets: Nair, Npart, Ncoil, Nminus, Nplus, Nn1, N1
INFO: 1712 elements
INFO: 3 elsets: Eair, Epart, Ecoil
INFO: 0 surfaces

==================================================
313: inistrain.inp
INFO: 20 nodes
INFO: 2 nsets: Nall, FIX
INFO: 1 elements
INFO: 1 elsets: Eall
INFO: 0 surfaces

==================================================
314: inistrain2.inp
INFO: 20 nodes
INFO: 2 nsets: Nall, FIX
INFO: 1 elements
INFO: 1 elsets: Eall
INFO: 0 surfaces

==================================================
315: labyrinth1fin.inp
INFO: 5 nodes
INFO: 1 nsets: NALL
INFO: 3 elements
INFO: 1 elsets: EGAS
INFO: 0 surfaces

==================================================
316: labyrinthstepped.inp
INFO: 5 nodes
INFO: 1 nsets: NALL
INFO: 3 elements
INFO: 1 elsets: EGAS
INFO: 0 surfaces

==================================================
317: labyrinthstraight.inp
INFO: 5 nodes
INFO: 1 nsets: NALL
INFO: 3 elements
INFO: 1 elsets: EGAS
INFO: 0 surfaces

==================================================
318: largerot2.inp
INFO: 261 nodes
INFO: 0 nsets: 
INFO: 32 elements
INFO: 1 elsets: Eall
INFO: 0 surfaces

==================================================
319: largerot3.inp
INFO: 261 nodes
INFO: 0 nsets: 
INFO: 32 elements
INFO: 1 elsets: Eall
INFO: 0 surfaces

==================================================
320: leifer1.inp
INFO: 341 nodes
INFO: 3 nsets: Nall, Ntop, Nbottom
INFO: 100 elements
INFO: 1 elsets: Eall
INFO: 0 surfaces

==================================================
321: leifer2.inp
INFO: 341 nodes
INFO: 3 nsets: Nall, Ntop, Nbottom
INFO: 100 elements
INFO: 1 elsets: Eall
INFO: 0 surfaces

==================================================
322: linearnet.inp
INFO: 7 nodes
INFO: 1 nsets: NALL
INFO: 4 elements
INFO: 1 elsets: EGAS
INFO: 0 surfaces

==================================================
323: mass1.inp
INFO: 261 nodes
INFO: 3 nsets: FIX, Nall, N1
INFO: 33 elements
INFO: 2 elsets: Eall, EM
INFO: 0 surfaces

==================================================
324: mass2.inp
INFO: 261 nodes
INFO: 1 nsets: CN7
INFO: 33 elements
INFO: 3 elsets: B1, EM, EALL
INFO: 0 surfaces

==================================================
325: mass3.inp
INFO: 13 nodes
INFO: 1 nsets: Nall
INFO: 3 elements
INFO: 2 elsets: Eall, MA
INFO: 0 surfaces

==================================================
326: massflow_percent_ccx.inp
INFO: 12 nodes
INFO: 1 nsets: NALL
INFO: 7 elements
INFO: 7 elsets: ORIFICE1, INLET1, MASSFLOWPERCENT1, ORIFICE3, OUTLET1, ORIFICE4, ORIFICE5
INFO: 0 surfaces

==================================================
327: membrane1.inp
INFO: 9 nodes
INFO: 2 nsets: Nall, Nfix
INFO: 4 elements
INFO: 1 elsets: Eall
INFO: 0 surfaces

==================================================
328: membrane2.inp
INFO: 9 nodes
INFO: 2 nsets: Nall, Nfix
INFO: 4 elements
INFO: 1 elsets: Eall
INFO: 0 surfaces

==================================================
329: membrane3.inp
INFO: 21 nodes
INFO: 2 nsets: Nall, Nfix
INFO: 4 elements
INFO: 1 elsets: Eall
INFO: 0 surfaces

==================================================
330: metalforming.inp
INFO: 2032 nodes
INFO: 22 nsets: nall, sheetleft, sheetdown, sheetup, sheetright, matrizedown, matrizeright, matrizeup, stempelleft, stempelup, stempeldown, Grstempel_Nodes, stempelup_rotated_1, stempeldown_rotated_1, Grsheet_Nodes, sheetup_rotated_1, sheetdown_rotated_1, sheetright_rotated_1, Grmatrize_Nodes, matrizeup_rotated_1, matrizedown_rotated_1, matrizeright_rotated_1
INFO: 848 elements
WARNING: Duplicated elset name Grsheet_Volumes!
WARNING: Duplicated elset name Grmatrize_Volumes!
WARNING: Duplicated elset name Grstempel_Volumes!
WARNING: Duplicated elset name Grstempel_FacesF5!
WARNING: Duplicated elset name Grstempel_FacesF1!
WARNING: Duplicated elset name Grstempel_FacesF2!
WARNING: Duplicated elset name Grstempel_FacesF5!
WARNING: Duplicated elset name Grsheet_FacesF2!
WARNING: Duplicated elset name Grsheet_FacesF5!
WARNING: Duplicated elset name Grsheet_FacesF1!
WARNING: Duplicated elset name Grsheet_FacesF5!
WARNING: Duplicated elset name Grsheet_FacesF6!
WARNING: Duplicated elset name Grmatrize_FacesF4!
WARNING: Duplicated elset name Grmatrize_FacesF5!
WARNING: Duplicated elset name Grmatrize_FacesF4!
WARNING: Duplicated elset name Grmatrize_FacesF5!
INFO: 39 elsets: C3D8, C3D6, Grsheet_Volumes, Grmatrize_Volumes, Grstempel_Volumes, Grstempel_FacesF2, Grstempel_FacesF5, Grstempel_FacesF1, Grstempel_FacesF4, stempeldown_rotatedF2, Xstempeldown_rotatedF5, stempeldown_rotatedF5, stempelup_rotatedF1, stempelup_rotatedF4, stempelup_rotatedF5, Grsheet_FacesF1, Grsheet_FacesF2, Grsheet_FacesF5, Grsheet_FacesF6, Grsheet_FacesF4, sheetdown_rotatedF2, sheetdown_rotatedF5, sheetup_rotatedF1, sheetup_rotatedF5, sheetup_rotatedF6, sheetright_rotatedF4, sheetright_rotatedF6, Grmatrize_FacesF1, Grmatrize_FacesF2, Grmatrize_FacesF4, Grmatrize_FacesF5, Xmatrizeup_rotatedF4, Xmatrizeup_rotatedF5, matrizeup_rotatedF4, matrizeup_rotatedF5, matrizeright_rotatedF4, matrizeright_rotatedF5, matrizedown_rotatedF4, matrizedown_rotatedF5
INFO: 8 surfaces

==================================================
331: metalformingmortar.inp
INFO: 2032 nodes
INFO: 22 nsets: nall, sheetleft, sheetdown, sheetup, sheetright, matrizedown, matrizeright, matrizeup, stempelleft, stempelup, stempeldown, Grstempel_Nodes, stempelup_rotated_1, stempeldown_rotated_1, Grsheet_Nodes, sheetup_rotated_1, sheetdown_rotated_1, sheetright_rotated_1, Grmatrize_Nodes, matrizeup_rotated_1, matrizedown_rotated_1, matrizeright_rotated_1
INFO: 848 elements
WARNING: Duplicated elset name Grsheet_Volumes!
WARNING: Duplicated elset name Grmatrize_Volumes!
WARNING: Duplicated elset name Grstempel_Volumes!
WARNING: Duplicated elset name Grstempel_FacesF5!
WARNING: Duplicated elset name Grstempel_FacesF1!
WARNING: Duplicated elset name Grstempel_FacesF2!
WARNING: Duplicated elset name Grstempel_FacesF5!
WARNING: Duplicated elset name Grsheet_FacesF2!
WARNING: Duplicated elset name Grsheet_FacesF5!
WARNING: Duplicated elset name Grsheet_FacesF1!
WARNING: Duplicated elset name Grsheet_FacesF5!
WARNING: Duplicated elset name Grsheet_FacesF6!
WARNING: Duplicated elset name Grmatrize_FacesF4!
WARNING: Duplicated elset name Grmatrize_FacesF5!
WARNING: Duplicated elset name Grmatrize_FacesF4!
WARNING: Duplicated elset name Grmatrize_FacesF5!
INFO: 39 elsets: C3D8, C3D6, Grsheet_Volumes, Grmatrize_Volumes, Grstempel_Volumes, Grstempel_FacesF2, Grstempel_FacesF5, Grstempel_FacesF1, Grstempel_FacesF4, stempeldown_rotatedF2, Xstempeldown_rotatedF5, stempeldown_rotatedF5, stempelup_rotatedF1, stempelup_rotatedF4, stempelup_rotatedF5, Grsheet_FacesF1, Grsheet_FacesF2, Grsheet_FacesF5, Grsheet_FacesF6, Grsheet_FacesF4, sheetdown_rotatedF2, sheetdown_rotatedF5, sheetup_rotatedF1, sheetup_rotatedF5, sheetup_rotatedF6, sheetright_rotatedF4, sheetright_rotatedF6, Grmatrize_FacesF1, Grmatrize_FacesF2, Grmatrize_FacesF4, Grmatrize_FacesF5, Xmatrizeup_rotatedF4, Xmatrizeup_rotatedF5, matrizeup_rotatedF4, matrizeup_rotatedF5, matrizeright_rotatedF4, matrizeright_rotatedF5, matrizedown_rotatedF4, matrizedown_rotatedF5
INFO: 8 surfaces

==================================================
332: modelchel.inp
INFO: 261 nodes
INFO: 3 nsets: FIX, Nall, LOAD
INFO: 32 elements
INFO: 1 elsets: Eall
INFO: 0 surfaces

==================================================
333: modelchel2.inp
INFO: 261 nodes
INFO: 3 nsets: FIX, Nall, LOAD
INFO: 32 elements
INFO: 2 elsets: Eall, E1
INFO: 0 surfaces

==================================================
334: moehring.inp
INFO: 11 nodes
INFO: 1 nsets: NALL
INFO: 6 elements
INFO: 6 elsets: ENTRANCE, ORIFICE1, SYSCHNG1, ORIFICE2, MOEHRING, EXIT
INFO: 0 surfaces

==================================================
335: mpcforce.inp
INFO: 261 nodes
INFO: 4 nsets: FIX, Nall, LOAD, N1
INFO: 32 elements
INFO: 3 elsets: Eall, E1, E2
INFO: 0 surfaces

==================================================
336: networkmpc.inp
INFO: 6 nodes
INFO: 1 nsets: NALL
INFO: 3 elements
INFO: 1 elsets: EGAS
INFO: 0 surfaces

==================================================
337: networkmpc2.inp
INFO: 10 nodes
INFO: 1 nsets: NALL
INFO: 6 elements
INFO: 1 elsets: EGAS
INFO: 0 surfaces

==================================================
338: oneel.inp
INFO: 8 nodes
INFO: 1 nsets: NALL
INFO: 1 elements
INFO: 1 elsets: EALL
INFO: 0 surfaces

==================================================
339: oneel20cf.inp
INFO: 20 nodes
INFO: 2 nsets: Nall, FIX
INFO: 1 elements
INFO: 1 elsets: Eall
INFO: 0 surfaces

==================================================
340: oneel20df.inp
INFO: 20 nodes
INFO: 2 nsets: Nall, FIX
INFO: 1 elements
INFO: 1 elsets: Eall
INFO: 0 surfaces

==================================================
341: oneel20fi.inp
INFO: 20 nodes
INFO: 2 nsets: Nall, FIX
INFO: 1 elements
INFO: 1 elsets: Eall
INFO: 0 surfaces

==================================================
342: oneel20rs.inp
INFO: 20 nodes
INFO: 2 nsets: Nall, FIX
INFO: 1 elements
INFO: 1 elsets: Eall
INFO: 0 surfaces

==================================================
343: oneel8ra.inp
INFO: 8 nodes
INFO: 2 nsets: Nall, FIX
INFO: 1 elements
INFO: 1 elsets: Eall
INFO: 0 surfaces

==================================================
344: opt1.inp
INFO: 261 nodes
INFO: 1 nsets: DESIGNNODES
INFO: 32 elements
INFO: 1 elsets: Eall
INFO: 0 surfaces

==================================================
345: opt2.inp
ERROR: There is no file /media/ihor/WORK/Calculix/ccx_cae/opt1.bou.
INFO: 261 nodes
INFO: 0 nsets: 
INFO: 32 elements
INFO: 1 elsets: Eall
INFO: 0 surfaces

==================================================
346: opt3.inp
ERROR: There is no file /media/ihor/WORK/Calculix/ccx_cae/opt3.inc.
INFO: 0 nodes
WARNING: NSET DESIGNNODES - there is no node 1 in the mesh.
WARNING: NSET DESIGNNODES - there is no node 2 in the mesh.
WARNING: NSET DESIGNNODES - there is no node 5 in the mesh.
WARNING: NSET DESIGNNODES - there is no node 6 in the mesh.
WARNING: NSET DESIGNNODES - there is no node 9 in the mesh.
WARNING: NSET DESIGNNODES - there is no node 10 in the mesh.
WARNING: NSET DESIGNNODES - there is no node 11 in the mesh.
WARNING: NSET DESIGNNODES - there is no node 12 in the mesh.
WARNING: NSET DESIGNNODES - there is no node 20 in the mesh.
WARNING: NSET DESIGNNODES - there is no node 21 in the mesh.
WARNING: NSET DESIGNNODES - there is no node 22 in the mesh.
WARNING: NSET DESIGNNODES - there is no node 23 in the mesh.
WARNING: NSET DESIGNNODES - there is no node 24 in the mesh.
WARNING: NSET DESIGNNODES - there is no node 32 in the mesh.
WARNING: NSET DESIGNNODES - there is no node 33 in the mesh.
WARNING: NSET DESIGNNODES - there is no node 34 in the mesh.
WARNING: NSET DESIGNNODES - there is no node 35 in the mesh.
WARNING: NSET DESIGNNODES - there is no node 36 in the mesh.
WARNING: NSET DESIGNNODES - there is no node 37 in the mesh.
WARNING: NSET DESIGNNODES - there is no node 38 in the mesh.
WARNING: NSET DESIGNNODES - there is no node 39 in the mesh.
WARNING: NSET DESIGNNODES - there is no node 40 in the mesh.
WARNING: NSET DESIGNNODES - there is no node 41 in the mesh.
WARNING: NSET DESIGNNODES - there is no node 42 in the mesh.
WARNING: NSET DESIGNNODES - there is no node 43 in the mesh.
WARNING: NSET DESIGNNODES - there is no node 44 in the mesh.
WARNING: NSET DESIGNNODES - there is no node 45 in the mesh.
WARNING: NSET DESIGNNODES - there is no node 46 in the mesh.
WARNING: NSET DESIGNNODES - there is no node 47 in the mesh.
WARNING: NSET DESIGNNODES - there is no node 48 in the mesh.
WARNING: NSET DESIGNNODES - there is no node 49 in the mesh.
WARNING: NSET DESIGNNODES - there is no node 50 in the mesh.
WARNING: NSET DESIGNNODES - there is no node 51 in the mesh.
WARNING: NSET DESIGNNODES - there is no node 52 in the mesh.
WARNING: NSET DESIGNNODES - there is no node 53 in the mesh.
WARNING: NSET DESIGNNODES - there is no node 54 in the mesh.
WARNING: NSET DESIGNNODES - there is no node 55 in the mesh.
WARNING: NSET DESIGNNODES - there is no node 56 in the mesh.
WARNING: NSET DESIGNNODES - there is no node 57 in the mesh.
WARNING: NSET DESIGNNODES - there is no node 58 in the mesh.
WARNING: NSET DESIGNNODES - there is no node 59 in the mesh.
WARNING: NSET DESIGNNODES - there is no node 60 in the mesh.
WARNING: NSET DESIGNNODES - there is no node 61 in the mesh.
WARNING: NSET DESIGNNODES - there is no node 62 in the mesh.
WARNING: NSET DESIGNNODES - there is no node 63 in the mesh.
WARNING: NSET DESIGNNODES - there is no node 64 in the mesh.
WARNING: NSET DESIGNNODES - there is no node 65 in the mesh.
WARNING: NSET DESIGNNODES - there is no node 66 in the mesh.
WARNING: NSET DESIGNNODES - there is no node 67 in the mesh.
WARNING: NSET DESIGNNODES - there is no node 68 in the mesh.
WARNING: NSET DESIGNNODES - there is no node 69 in the mesh.
WARNING: NSET DESIGNNODES - there is no node 70 in the mesh.
WARNING: NSET DESIGNNODES - there is no node 71 in the mesh.
WARNING: NSET DESIGNNODES - there is no node 72 in the mesh.
WARNING: NSET DESIGNNODES - there is no node 73 in the mesh.
WARNING: NSET DESIGNNODES - there is no node 74 in the mesh.
WARNING: NSET DESIGNNODES - there is no node 75 in the mesh.
WARNING: NSET DESIGNNODES - there is no node 76 in the mesh.
WARNING: NSET DESIGNNODES - there is no node 77 in the mesh.
WARNING: NSET DESIGNNODES - there is no node 78 in the mesh.
WARNING: NSET DESIGNNODES - there is no node 79 in the mesh.
WARNING: NSET DESIGNNODES - there is no node 80 in the mesh.
WARNING: NSET DESIGNNODES - there is no node 81 in the mesh.
WARNING: NSET DESIGNNODES - there is no node 82 in the mesh.
WARNING: NSET DESIGNNODES - there is no node 83 in the mesh.
WARNING: NSET DESIGNNODES - there is no node 84 in the mesh.
WARNING: NSET DESIGNNODES - there is no node 85 in the mesh.
WARNING: NSET DESIGNNODES - there is no node 86 in the mesh.
WARNING: NSET DESIGNNODES - there is no node 87 in the mesh.
WARNING: NSET DESIGNNODES - there is no node 88 in the mesh.
WARNING: NSET DESIGNNODES - there is no node 89 in the mesh.
WARNING: NSET DESIGNNODES - there is no node 90 in the mesh.
WARNING: NSET DESIGNNODES - there is no node 91 in the mesh.
WARNING: NSET DESIGNNODES - there is no node 92 in the mesh.
WARNING: NSET DESIGNNODES - there is no node 93 in the mesh.
WARNING: NSET DESIGNNODES - there is no node 98 in the mesh.
WARNING: NSET DESIGNNODES - there is no node 103 in the mesh.
WARNING: NSET DESIGNNODES - there is no node 104 in the mesh.
WARNING: NSET DESIGNNODES - there is no node 105 in the mesh.
WARNING: NSET DESIGNNODES - there is no node 106 in the mesh.
WARNING: NSET DESIGNNODES - there is no node 107 in the mesh.
WARNING: NSET DESIGNNODES - there is no node 108 in the mesh.
WARNING: NSET DESIGNNODES - there is no node 109 in the mesh.
WARNING: NSET DESIGNNODES - there is no node 110 in the mesh.
WARNING: NSET DESIGNNODES - there is no node 111 in the mesh.
WARNING: NSET DESIGNNODES - there is no node 112 in the mesh.
WARNING: NSET DESIGNNODES - there is no node 113 in the mesh.
WARNING: NSET DESIGNNODES - there is no node 114 in the mesh.
WARNING: NSET DESIGNNODES - there is no node 115 in the mesh.
WARNING: NSET DESIGNNODES - there is no node 116 in the mesh.
WARNING: NSET DESIGNNODES - there is no node 117 in the mesh.
WARNING: NSET DESIGNNODES - there is no node 118 in the mesh.
WARNING: NSET DESIGNNODES - there is no node 119 in the mesh.
WARNING: NSET DESIGNNODES - there is no node 120 in the mesh.
WARNING: NSET DESIGNNODES - there is no node 121 in the mesh.
WARNING: NSET DESIGNNODES - there is no node 122 in the mesh.
WARNING: NSET DESIGNNODES - there is no node 123 in the mesh.
WARNING: NSET DESIGNNODES - there is no node 124 in the mesh.
WARNING: NSET DESIGNNODES - there is no node 125 in the mesh.
WARNING: NSET DESIGNNODES - there is no node 126 in the mesh.
WARNING: NSET DESIGNNODES - there is no node 127 in the mesh.
WARNING: NSET DESIGNNODES - there is no node 128 in the mesh.
WARNING: NSET DESIGNNODES - there is no node 129 in the mesh.
WARNING: NSET DESIGNNODES - there is no node 130 in the mesh.
WARNING: NSET DESIGNNODES - there is no node 131 in the mesh.
WARNING: NSET DESIGNNODES - there is no node 132 in the mesh.
WARNING: NSET DESIGNNODES - there is no node 133 in the mesh.
WARNING: NSET DESIGNNODES - there is no node 134 in the mesh.
WARNING: NSET DESIGNNODES - there is no node 135 in the mesh.
WARNING: NSET DESIGNNODES - there is no node 136 in the mesh.
WARNING: NSET DESIGNNODES - there is no node 137 in the mesh.
WARNING: NSET DESIGNNODES - there is no node 138 in the mesh.
WARNING: NSET DESIGNNODES - there is no node 139 in the mesh.
WARNING: NSET DESIGNNODES - there is no node 140 in the mesh.
WARNING: NSET DESIGNNODES - there is no node 141 in the mesh.
WARNING: NSET DESIGNNODES - there is no node 142 in the mesh.
WARNING: NSET DESIGNNODES - there is no node 143 in the mesh.
WARNING: NSET DESIGNNODES - there is no node 144 in the mesh.
WARNING: NSET DESIGNNODES - there is no node 145 in the mesh.
WARNING: NSET DESIGNNODES - there is no node 146 in the mesh.
WARNING: NSET DESIGNNODES - there is no node 147 in the mesh.
WARNING: NSET DESIGNNODES - there is no node 148 in the mesh.
WARNING: NSET DESIGNNODES - there is no node 149 in the mesh.
WARNING: NSET DESIGNNODES - there is no node 150 in the mesh.
WARNING: NSET DESIGNNODES - there is no node 151 in the mesh.
WARNING: NSET DESIGNNODES - there is no node 152 in the mesh.
WARNING: NSET DESIGNNODES - there is no node 153 in the mesh.
WARNING: NSET DESIGNNODES - there is no node 154 in the mesh.
WARNING: NSET DESIGNNODES - there is no node 155 in the mesh.
WARNING: NSET DESIGNNODES - there is no node 156 in the mesh.
WARNING: NSET DESIGNNODES - there is no node 157 in the mesh.
WARNING: NSET DESIGNNODES - there is no node 158 in the mesh.
WARNING: NSET DESIGNNODES - there is no node 159 in the mesh.
WARNING: NSET DESIGNNODES - there is no node 160 in the mesh.
WARNING: NSET DESIGNNODES - there is no node 161 in the mesh.
WARNING: NSET DESIGNNODES - there is no node 162 in the mesh.
WARNING: NSET DESIGNNODES - there is no node 163 in the mesh.
WARNING: NSET DESIGNNODES - there is no node 164 in the mesh.
WARNING: NSET DESIGNNODES - there is no node 165 in the mesh.
WARNING: NSET DESIGNNODES - there is no node 166 in the mesh.
WARNING: NSET DESIGNNODES - there is no node 167 in the mesh.
WARNING: NSET DESIGNNODES - there is no node 168 in the mesh.
WARNING: NSET DESIGNNODES - there is no node 169 in the mesh.
WARNING: NSET DESIGNNODES - there is no node 170 in the mesh.
WARNING: NSET DESIGNNODES - there is no node 171 in the mesh.
WARNING: NSET DESIGNNODES - there is no node 172 in the mesh.
WARNING: NSET DESIGNNODES - there is no node 173 in the mesh.
WARNING: NSET DESIGNNODES - there is no node 174 in the mesh.
WARNING: NSET DESIGNNODES - there is no node 175 in the mesh.
WARNING: NSET DESIGNNODES - there is no node 176 in the mesh.
WARNING: NSET DESIGNNODES - there is no node 177 in the mesh.
WARNING: NSET DESIGNNODES - there is no node 178 in the mesh.
WARNING: NSET DESIGNNODES - there is no node 179 in the mesh.
WARNING: NSET DESIGNNODES - there is no node 180 in the mesh.
WARNING: NSET DESIGNNODES - there is no node 181 in the mesh.
WARNING: NSET DESIGNNODES - there is no node 182 in the mesh.
WARNING: NSET DESIGNNODES - there is no node 183 in the mesh.
WARNING: NSET DESIGNNODES - there is no node 184 in the mesh.
WARNING: NSET DESIGNNODES - there is no node 185 in the mesh.
WARNING: NSET DESIGNNODES - there is no node 186 in the mesh.
WARNING: NSET DESIGNNODES - there is no node 187 in the mesh.
WARNING: NSET DESIGNNODES - there is no node 188 in the mesh.
WARNING: NSET DESIGNNODES - there is no node 189 in the mesh.
WARNING: NSET DESIGNNODES - there is no node 190 in the mesh.
WARNING: NSET DESIGNNODES - there is no node 191 in the mesh.
WARNING: NSET DESIGNNODES - there is no node 192 in the mesh.
WARNING: NSET DESIGNNODES - there is no node 193 in the mesh.
WARNING: NSET DESIGNNODES - there is no node 194 in the mesh.
WARNING: NSET DESIGNNODES - there is no node 195 in the mesh.
WARNING: NSET DESIGNNODES - there is no node 196 in the mesh.
WARNING: NSET DESIGNNODES - there is no node 197 in the mesh.
WARNING: NSET DESIGNNODES - there is no node 198 in the mesh.
WARNING: NSET DESIGNNODES - there is no node 199 in the mesh.
WARNING: NSET DESIGNNODES - there is no node 200 in the mesh.
WARNING: NSET DESIGNNODES - there is no node 201 in the mesh.
WARNING: NSET DESIGNNODES - there is no node 202 in the mesh.
WARNING: NSET DESIGNNODES - there is no node 203 in the mesh.
WARNING: NSET DESIGNNODES - there is no node 204 in the mesh.
WARNING: NSET DESIGNNODES - there is no node 205 in the mesh.
WARNING: NSET DESIGNNODES - there is no node 206 in the mesh.
WARNING: NSET DESIGNNODES - there is no node 207 in the mesh.
WARNING: NSET DESIGNNODES - there is no node 208 in the mesh.
WARNING: NSET DESIGNNODES - there is no node 209 in the mesh.
WARNING: NSET DESIGNNODES - there is no node 210 in the mesh.
WARNING: NSET DESIGNNODES - there is no node 211 in the mesh.
WARNING: NSET DESIGNNODES - there is no node 212 in the mesh.
WARNING: NSET DESIGNNODES - there is no node 213 in the mesh.
WARNING: NSET DESIGNNODES - there is no node 214 in the mesh.
WARNING: NSET DESIGNNODES - there is no node 215 in the mesh.
WARNING: NSET DESIGNNODES - there is no node 216 in the mesh.
WARNING: NSET DESIGNNODES - there is no node 217 in the mesh.
WARNING: NSET DESIGNNODES - there is no node 218 in the mesh.
WARNING: NSET DESIGNNODES - there is no node 219 in the mesh.
WARNING: NSET DESIGNNODES - there is no node 220 in the mesh.
WARNING: NSET DESIGNNODES - there is no node 221 in the mesh.
WARNING: NSET DESIGNNODES - there is no node 222 in the mesh.
WARNING: NSET DESIGNNODES - there is no node 223 in the mesh.
WARNING: NSET DESIGNNODES - there is no node 224 in the mesh.
WARNING: NSET DESIGNNODES - there is no node 225 in the mesh.
WARNING: NSET DESIGNNODES - there is no node 226 in the mesh.
WARNING: NSET DESIGNNODES - there is no node 227 in the mesh.
WARNING: NSET DESIGNNODES - there is no node 228 in the mesh.
WARNING: NSET DESIGNNODES - there is no node 229 in the mesh.
WARNING: NSET DESIGNNODES - there is no node 230 in the mesh.
WARNING: NSET DESIGNNODES - there is no node 231 in the mesh.
WARNING: NSET DESIGNNODES - there is no node 232 in the mesh.
WARNING: NSET DESIGNNODES - there is no node 233 in the mesh.
WARNING: NSET DESIGNNODES - there is no node 234 in the mesh.
WARNING: NSET DESIGNNODES - there is no node 235 in the mesh.
WARNING: NSET DESIGNNODES - there is no node 236 in the mesh.
WARNING: NSET DESIGNNODES - there is no node 237 in the mesh.
WARNING: NSET DESIGNNODES - there is no node 238 in the mesh.
WARNING: NSET DESIGNNODES - there is no node 239 in the mesh.
WARNING: NSET DESIGNNODES - there is no node 240 in the mesh.
WARNING: NSET DESIGNNODES - there is no node 241 in the mesh.
WARNING: NSET DESIGNNODES - there is no node 242 in the mesh.
WARNING: NSET DESIGNNODES - there is no node 243 in the mesh.
WARNING: NSET DESIGNNODES - there is no node 244 in the mesh.
WARNING: NSET DESIGNNODES - there is no node 245 in the mesh.
WARNING: NSET DESIGNNODES - there is no node 246 in the mesh.
WARNING: NSET DESIGNNODES - there is no node 247 in the mesh.
WARNING: NSET DESIGNNODES - there is no node 248 in the mesh.
WARNING: NSET DESIGNNODES - there is no node 249 in the mesh.
WARNING: NSET DESIGNNODES - there is no node 250 in the mesh.
WARNING: NSET DESIGNNODES - there is no node 251 in the mesh.
WARNING: NSET DESIGNNODES - there is no node 252 in the mesh.
WARNING: NSET DESIGNNODES - there is no node 253 in the mesh.
WARNING: NSET DESIGNNODES - there is no node 254 in the mesh.
WARNING: NSET DESIGNNODES - there is no node 255 in the mesh.
WARNING: NSET DESIGNNODES - there is no node 256 in the mesh.
WARNING: NSET DESIGNNODES - there is no node 257 in the mesh.
WARNING: NSET DESIGNNODES - there is no node 258 in the mesh.
WARNING: NSET DESIGNNODES - there is no node 259 in the mesh.
WARNING: NSET DESIGNNODES - there is no node 260 in the mesh.
WARNING: NSET DESIGNNODES - there is no node 261 in the mesh.
INFO: 1 nsets: DESIGNNODES
WARNING: Element 1 has no node 1 and will be removed.
WARNING: Element 1 has no node 10 and will be removed.
WARNING: Element 1 has no node 95 and will be removed.
WARNING: Element 1 has no node 19 and will be removed.
WARNING: Element 1 has no node 61 and will be removed.
WARNING: Element 1 has no node 105 and will be removed.
WARNING: Element 1 has no node 222 and will be removed.
WARNING: Element 1 has no node 192 and will be removed.
WARNING: Element 1 has no node 9 and will be removed.
WARNING: Element 1 has no node 93 and will be removed.
WARNING: Element 1 has no node 94 and will be removed.
WARNING: Element 1 has no node 20 and will be removed.
WARNING: Element 1 has no node 104 and will be removed.
WARNING: Element 1 has no node 220 and will be removed.
WARNING: Element 1 has no node 221 and will be removed.
WARNING: Element 1 has no node 193 and will be removed.
WARNING: Element 1 has no node 62 and will be removed.
WARNING: Element 1 has no node 103 and will be removed.
WARNING: Element 1 has no node 219 and will be removed.
WARNING: Element 1 has no node 190 and will be removed.
WARNING: Element 2 has no node 10 and will be removed.
WARNING: Element 2 has no node 2 and will be removed.
WARNING: Element 2 has no node 13 and will be removed.
WARNING: Element 2 has no node 95 and will be removed.
WARNING: Element 2 has no node 105 and will be removed.
WARNING: Element 2 has no node 34 and will be removed.
WARNING: Element 2 has no node 134 and will be removed.
WARNING: Element 2 has no node 222 and will be removed.
WARNING: Element 2 has no node 11 and will be removed.
WARNING: Element 2 has no node 12 and will be removed.
WARNING: Element 2 has no node 96 and will be removed.
WARNING: Element 2 has no node 93 and will be removed.
WARNING: Element 2 has no node 106 and will be removed.
WARNING: Element 2 has no node 133 and will be removed.
WARNING: Element 2 has no node 223 and will be removed.
WARNING: Element 2 has no node 220 and will be removed.
WARNING: Element 2 has no node 103 and will be removed.
WARNING: Element 2 has no node 33 and will be removed.
WARNING: Element 2 has no node 132 and will be removed.
WARNING: Element 2 has no node 219 and will be removed.
WARNING: Element 3 has no node 19 and will be removed.
WARNING: Element 3 has no node 95 and will be removed.
WARNING: Element 3 has no node 16 and will be removed.
WARNING: Element 3 has no node 4 and will be removed.
WARNING: Element 3 has no node 192 and will be removed.
WARNING: Element 3 has no node 222 and will be removed.
WARNING: Element 3 has no node 163 and will be removed.
WARNING: Element 3 has no node 79 and will be removed.
WARNING: Element 3 has no node 94 and will be removed.
WARNING: Element 3 has no node 97 and will be removed.
WARNING: Element 3 has no node 17 and will be removed.
WARNING: Element 3 has no node 18 and will be removed.
WARNING: Element 3 has no node 221 and will be removed.
WARNING: Element 3 has no node 224 and will be removed.
WARNING: Element 3 has no node 164 and will be removed.
WARNING: Element 3 has no node 191 and will be removed.
WARNING: Element 3 has no node 190 and will be removed.
WARNING: Element 3 has no node 219 and will be removed.
WARNING: Element 3 has no node 161 and will be removed.
WARNING: Element 3 has no node 78 and will be removed.
WARNING: Element 4 has no node 95 and will be removed.
WARNING: Element 4 has no node 13 and will be removed.
WARNING: Element 4 has no node 3 and will be removed.
WARNING: Element 4 has no node 16 and will be removed.
WARNING: Element 4 has no node 222 and will be removed.
WARNING: Element 4 has no node 134 and will be removed.
WARNING: Element 4 has no node 64 and will be removed.
WARNING: Element 4 has no node 163 and will be removed.
WARNING: Element 4 has no node 96 and will be removed.
WARNING: Element 4 has no node 14 and will be removed.
WARNING: Element 4 has no node 15 and will be removed.
WARNING: Element 4 has no node 97 and will be removed.
WARNING: Element 4 has no node 223 and will be removed.
WARNING: Element 4 has no node 135 and will be removed.
WARNING: Element 4 has no node 162 and will be removed.
WARNING: Element 4 has no node 224 and will be removed.
WARNING: Element 4 has no node 219 and will be removed.
WARNING: Element 4 has no node 132 and will be removed.
WARNING: Element 4 has no node 63 and will be removed.
WARNING: Element 4 has no node 161 and will be removed.
WARNING: Element 5 has no node 61 and will be removed.
WARNING: Element 5 has no node 105 and will be removed.
WARNING: Element 5 has no node 222 and will be removed.
WARNING: Element 5 has no node 192 and will be removed.
WARNING: Element 5 has no node 59 and will be removed.
WARNING: Element 5 has no node 109 and will be removed.
WARNING: Element 5 has no node 228 and will be removed.
WARNING: Element 5 has no node 196 and will be removed.
WARNING: Element 5 has no node 104 and will be removed.
WARNING: Element 5 has no node 220 and will be removed.
WARNING: Element 5 has no node 221 and will be removed.
WARNING: Element 5 has no node 193 and will be removed.
WARNING: Element 5 has no node 108 and will be removed.
WARNING: Element 5 has no node 226 and will be removed.
WARNING: Element 5 has no node 227 and will be removed.
WARNING: Element 5 has no node 197 and will be removed.
WARNING: Element 5 has no node 60 and will be removed.
WARNING: Element 5 has no node 107 and will be removed.
WARNING: Element 5 has no node 225 and will be removed.
WARNING: Element 5 has no node 194 and will be removed.
WARNING: Element 6 has no node 105 and will be removed.
WARNING: Element 6 has no node 34 and will be removed.
WARNING: Element 6 has no node 134 and will be removed.
WARNING: Element 6 has no node 222 and will be removed.
WARNING: Element 6 has no node 109 and will be removed.
WARNING: Element 6 has no node 36 and will be removed.
WARNING: Element 6 has no node 138 and will be removed.
WARNING: Element 6 has no node 228 and will be removed.
WARNING: Element 6 has no node 106 and will be removed.
WARNING: Element 6 has no node 133 and will be removed.
WARNING: Element 6 has no node 223 and will be removed.
WARNING: Element 6 has no node 220 and will be removed.
WARNING: Element 6 has no node 110 and will be removed.
WARNING: Element 6 has no node 137 and will be removed.
WARNING: Element 6 has no node 229 and will be removed.
WARNING: Element 6 has no node 226 and will be removed.
WARNING: Element 6 has no node 107 and will be removed.
WARNING: Element 6 has no node 35 and will be removed.
WARNING: Element 6 has no node 136 and will be removed.
WARNING: Element 6 has no node 225 and will be removed.
WARNING: Element 7 has no node 192 and will be removed.
WARNING: Element 7 has no node 222 and will be removed.
WARNING: Element 7 has no node 163 and will be removed.
WARNING: Element 7 has no node 79 and will be removed.
WARNING: Element 7 has no node 196 and will be removed.
WARNING: Element 7 has no node 228 and will be removed.
WARNING: Element 7 has no node 167 and will be removed.
WARNING: Element 7 has no node 81 and will be removed.
WARNING: Element 7 has no node 221 and will be removed.
WARNING: Element 7 has no node 224 and will be removed.
WARNING: Element 7 has no node 164 and will be removed.
WARNING: Element 7 has no node 191 and will be removed.
WARNING: Element 7 has no node 227 and will be removed.
WARNING: Element 7 has no node 230 and will be removed.
WARNING: Element 7 has no node 168 and will be removed.
WARNING: Element 7 has no node 195 and will be removed.
WARNING: Element 7 has no node 194 and will be removed.
WARNING: Element 7 has no node 225 and will be removed.
WARNING: Element 7 has no node 165 and will be removed.
WARNING: Element 7 has no node 80 and will be removed.
WARNING: Element 8 has no node 222 and will be removed.
WARNING: Element 8 has no node 134 and will be removed.
WARNING: Element 8 has no node 64 and will be removed.
WARNING: Element 8 has no node 163 and will be removed.
WARNING: Element 8 has no node 228 and will be removed.
WARNING: Element 8 has no node 138 and will be removed.
WARNING: Element 8 has no node 66 and will be removed.
WARNING: Element 8 has no node 167 and will be removed.
WARNING: Element 8 has no node 223 and will be removed.
WARNING: Element 8 has no node 135 and will be removed.
WARNING: Element 8 has no node 162 and will be removed.
WARNING: Element 8 has no node 224 and will be removed.
WARNING: Element 8 has no node 229 and will be removed.
WARNING: Element 8 has no node 139 and will be removed.
WARNING: Element 8 has no node 166 and will be removed.
WARNING: Element 8 has no node 230 and will be removed.
WARNING: Element 8 has no node 225 and will be removed.
WARNING: Element 8 has no node 136 and will be removed.
WARNING: Element 8 has no node 65 and will be removed.
WARNING: Element 8 has no node 165 and will be removed.
WARNING: Element 9 has no node 59 and will be removed.
WARNING: Element 9 has no node 109 and will be removed.
WARNING: Element 9 has no node 228 and will be removed.
WARNING: Element 9 has no node 196 and will be removed.
WARNING: Element 9 has no node 57 and will be removed.
WARNING: Element 9 has no node 113 and will be removed.
WARNING: Element 9 has no node 234 and will be removed.
WARNING: Element 9 has no node 200 and will be removed.
WARNING: Element 9 has no node 108 and will be removed.
WARNING: Element 9 has no node 226 and will be removed.
WARNING: Element 9 has no node 227 and will be removed.
WARNING: Element 9 has no node 197 and will be removed.
WARNING: Element 9 has no node 112 and will be removed.
WARNING: Element 9 has no node 232 and will be removed.
WARNING: Element 9 has no node 233 and will be removed.
WARNING: Element 9 has no node 201 and will be removed.
WARNING: Element 9 has no node 58 and will be removed.
WARNING: Element 9 has no node 111 and will be removed.
WARNING: Element 9 has no node 231 and will be removed.
WARNING: Element 9 has no node 198 and will be removed.
WARNING: Element 10 has no node 109 and will be removed.
WARNING: Element 10 has no node 36 and will be removed.
WARNING: Element 10 has no node 138 and will be removed.
WARNING: Element 10 has no node 228 and will be removed.
WARNING: Element 10 has no node 113 and will be removed.
WARNING: Element 10 has no node 38 and will be removed.
WARNING: Element 10 has no node 142 and will be removed.
WARNING: Element 10 has no node 234 and will be removed.
WARNING: Element 10 has no node 110 and will be removed.
WARNING: Element 10 has no node 137 and will be removed.
WARNING: Element 10 has no node 229 and will be removed.
WARNING: Element 10 has no node 226 and will be removed.
WARNING: Element 10 has no node 114 and will be removed.
WARNING: Element 10 has no node 141 and will be removed.
WARNING: Element 10 has no node 235 and will be removed.
WARNING: Element 10 has no node 232 and will be removed.
WARNING: Element 10 has no node 111 and will be removed.
WARNING: Element 10 has no node 37 and will be removed.
WARNING: Element 10 has no node 140 and will be removed.
WARNING: Element 10 has no node 231 and will be removed.
WARNING: Element 11 has no node 196 and will be removed.
WARNING: Element 11 has no node 228 and will be removed.
WARNING: Element 11 has no node 167 and will be removed.
WARNING: Element 11 has no node 81 and will be removed.
WARNING: Element 11 has no node 200 and will be removed.
WARNING: Element 11 has no node 234 and will be removed.
WARNING: Element 11 has no node 171 and will be removed.
WARNING: Element 11 has no node 83 and will be removed.
WARNING: Element 11 has no node 227 and will be removed.
WARNING: Element 11 has no node 230 and will be removed.
WARNING: Element 11 has no node 168 and will be removed.
WARNING: Element 11 has no node 195 and will be removed.
WARNING: Element 11 has no node 233 and will be removed.
WARNING: Element 11 has no node 236 and will be removed.
WARNING: Element 11 has no node 172 and will be removed.
WARNING: Element 11 has no node 199 and will be removed.
WARNING: Element 11 has no node 198 and will be removed.
WARNING: Element 11 has no node 231 and will be removed.
WARNING: Element 11 has no node 169 and will be removed.
WARNING: Element 11 has no node 82 and will be removed.
WARNING: Element 12 has no node 228 and will be removed.
WARNING: Element 12 has no node 138 and will be removed.
WARNING: Element 12 has no node 66 and will be removed.
WARNING: Element 12 has no node 167 and will be removed.
WARNING: Element 12 has no node 234 and will be removed.
WARNING: Element 12 has no node 142 and will be removed.
WARNING: Element 12 has no node 68 and will be removed.
WARNING: Element 12 has no node 171 and will be removed.
WARNING: Element 12 has no node 229 and will be removed.
WARNING: Element 12 has no node 139 and will be removed.
WARNING: Element 12 has no node 166 and will be removed.
WARNING: Element 12 has no node 230 and will be removed.
WARNING: Element 12 has no node 235 and will be removed.
WARNING: Element 12 has no node 143 and will be removed.
WARNING: Element 12 has no node 170 and will be removed.
WARNING: Element 12 has no node 236 and will be removed.
WARNING: Element 12 has no node 231 and will be removed.
WARNING: Element 12 has no node 140 and will be removed.
WARNING: Element 12 has no node 67 and will be removed.
WARNING: Element 12 has no node 169 and will be removed.
WARNING: Element 13 has no node 57 and will be removed.
WARNING: Element 13 has no node 113 and will be removed.
WARNING: Element 13 has no node 234 and will be removed.
WARNING: Element 13 has no node 200 and will be removed.
WARNING: Element 13 has no node 55 and will be removed.
WARNING: Element 13 has no node 117 and will be removed.
WARNING: Element 13 has no node 240 and will be removed.
WARNING: Element 13 has no node 204 and will be removed.
WARNING: Element 13 has no node 112 and will be removed.
WARNING: Element 13 has no node 232 and will be removed.
WARNING: Element 13 has no node 233 and will be removed.
WARNING: Element 13 has no node 201 and will be removed.
WARNING: Element 13 has no node 116 and will be removed.
WARNING: Element 13 has no node 238 and will be removed.
WARNING: Element 13 has no node 239 and will be removed.
WARNING: Element 13 has no node 205 and will be removed.
WARNING: Element 13 has no node 56 and will be removed.
WARNING: Element 13 has no node 115 and will be removed.
WARNING: Element 13 has no node 237 and will be removed.
WARNING: Element 13 has no node 202 and will be removed.
WARNING: Element 14 has no node 113 and will be removed.
WARNING: Element 14 has no node 38 and will be removed.
WARNING: Element 14 has no node 142 and will be removed.
WARNING: Element 14 has no node 234 and will be removed.
WARNING: Element 14 has no node 117 and will be removed.
WARNING: Element 14 has no node 40 and will be removed.
WARNING: Element 14 has no node 146 and will be removed.
WARNING: Element 14 has no node 240 and will be removed.
WARNING: Element 14 has no node 114 and will be removed.
WARNING: Element 14 has no node 141 and will be removed.
WARNING: Element 14 has no node 235 and will be removed.
WARNING: Element 14 has no node 232 and will be removed.
WARNING: Element 14 has no node 118 and will be removed.
WARNING: Element 14 has no node 145 and will be removed.
WARNING: Element 14 has no node 241 and will be removed.
WARNING: Element 14 has no node 238 and will be removed.
WARNING: Element 14 has no node 115 and will be removed.
WARNING: Element 14 has no node 39 and will be removed.
WARNING: Element 14 has no node 144 and will be removed.
WARNING: Element 14 has no node 237 and will be removed.
WARNING: Element 15 has no node 200 and will be removed.
WARNING: Element 15 has no node 234 and will be removed.
WARNING: Element 15 has no node 171 and will be removed.
WARNING: Element 15 has no node 83 and will be removed.
WARNING: Element 15 has no node 204 and will be removed.
WARNING: Element 15 has no node 240 and will be removed.
WARNING: Element 15 has no node 175 and will be removed.
WARNING: Element 15 has no node 85 and will be removed.
WARNING: Element 15 has no node 233 and will be removed.
WARNING: Element 15 has no node 236 and will be removed.
WARNING: Element 15 has no node 172 and will be removed.
WARNING: Element 15 has no node 199 and will be removed.
WARNING: Element 15 has no node 239 and will be removed.
WARNING: Element 15 has no node 242 and will be removed.
WARNING: Element 15 has no node 176 and will be removed.
WARNING: Element 15 has no node 203 and will be removed.
WARNING: Element 15 has no node 202 and will be removed.
WARNING: Element 15 has no node 237 and will be removed.
WARNING: Element 15 has no node 173 and will be removed.
WARNING: Element 15 has no node 84 and will be removed.
WARNING: Element 16 has no node 234 and will be removed.
WARNING: Element 16 has no node 142 and will be removed.
WARNING: Element 16 has no node 68 and will be removed.
WARNING: Element 16 has no node 171 and will be removed.
WARNING: Element 16 has no node 240 and will be removed.
WARNING: Element 16 has no node 146 and will be removed.
WARNING: Element 16 has no node 70 and will be removed.
WARNING: Element 16 has no node 175 and will be removed.
WARNING: Element 16 has no node 235 and will be removed.
WARNING: Element 16 has no node 143 and will be removed.
WARNING: Element 16 has no node 170 and will be removed.
WARNING: Element 16 has no node 236 and will be removed.
WARNING: Element 16 has no node 241 and will be removed.
WARNING: Element 16 has no node 147 and will be removed.
WARNING: Element 16 has no node 174 and will be removed.
WARNING: Element 16 has no node 242 and will be removed.
WARNING: Element 16 has no node 237 and will be removed.
WARNING: Element 16 has no node 144 and will be removed.
WARNING: Element 16 has no node 69 and will be removed.
WARNING: Element 16 has no node 173 and will be removed.
WARNING: Element 17 has no node 55 and will be removed.
WARNING: Element 17 has no node 117 and will be removed.
WARNING: Element 17 has no node 240 and will be removed.
WARNING: Element 17 has no node 204 and will be removed.
WARNING: Element 17 has no node 53 and will be removed.
WARNING: Element 17 has no node 121 and will be removed.
WARNING: Element 17 has no node 246 and will be removed.
WARNING: Element 17 has no node 208 and will be removed.
WARNING: Element 17 has no node 116 and will be removed.
WARNING: Element 17 has no node 238 and will be removed.
WARNING: Element 17 has no node 239 and will be removed.
WARNING: Element 17 has no node 205 and will be removed.
WARNING: Element 17 has no node 120 and will be removed.
WARNING: Element 17 has no node 244 and will be removed.
WARNING: Element 17 has no node 245 and will be removed.
WARNING: Element 17 has no node 209 and will be removed.
WARNING: Element 17 has no node 54 and will be removed.
WARNING: Element 17 has no node 119 and will be removed.
WARNING: Element 17 has no node 243 and will be removed.
WARNING: Element 17 has no node 206 and will be removed.
WARNING: Element 18 has no node 117 and will be removed.
WARNING: Element 18 has no node 40 and will be removed.
WARNING: Element 18 has no node 146 and will be removed.
WARNING: Element 18 has no node 240 and will be removed.
WARNING: Element 18 has no node 121 and will be removed.
WARNING: Element 18 has no node 42 and will be removed.
WARNING: Element 18 has no node 150 and will be removed.
WARNING: Element 18 has no node 246 and will be removed.
WARNING: Element 18 has no node 118 and will be removed.
WARNING: Element 18 has no node 145 and will be removed.
WARNING: Element 18 has no node 241 and will be removed.
WARNING: Element 18 has no node 238 and will be removed.
WARNING: Element 18 has no node 122 and will be removed.
WARNING: Element 18 has no node 149 and will be removed.
WARNING: Element 18 has no node 247 and will be removed.
WARNING: Element 18 has no node 244 and will be removed.
WARNING: Element 18 has no node 119 and will be removed.
WARNING: Element 18 has no node 41 and will be removed.
WARNING: Element 18 has no node 148 and will be removed.
WARNING: Element 18 has no node 243 and will be removed.
WARNING: Element 19 has no node 204 and will be removed.
WARNING: Element 19 has no node 240 and will be removed.
WARNING: Element 19 has no node 175 and will be removed.
WARNING: Element 19 has no node 85 and will be removed.
WARNING: Element 19 has no node 208 and will be removed.
WARNING: Element 19 has no node 246 and will be removed.
WARNING: Element 19 has no node 179 and will be removed.
WARNING: Element 19 has no node 87 and will be removed.
WARNING: Element 19 has no node 239 and will be removed.
WARNING: Element 19 has no node 242 and will be removed.
WARNING: Element 19 has no node 176 and will be removed.
WARNING: Element 19 has no node 203 and will be removed.
WARNING: Element 19 has no node 245 and will be removed.
WARNING: Element 19 has no node 248 and will be removed.
WARNING: Element 19 has no node 180 and will be removed.
WARNING: Element 19 has no node 207 and will be removed.
WARNING: Element 19 has no node 206 and will be removed.
WARNING: Element 19 has no node 243 and will be removed.
WARNING: Element 19 has no node 177 and will be removed.
WARNING: Element 19 has no node 86 and will be removed.
WARNING: Element 20 has no node 240 and will be removed.
WARNING: Element 20 has no node 146 and will be removed.
WARNING: Element 20 has no node 70 and will be removed.
WARNING: Element 20 has no node 175 and will be removed.
WARNING: Element 20 has no node 246 and will be removed.
WARNING: Element 20 has no node 150 and will be removed.
WARNING: Element 20 has no node 72 and will be removed.
WARNING: Element 20 has no node 179 and will be removed.
WARNING: Element 20 has no node 241 and will be removed.
WARNING: Element 20 has no node 147 and will be removed.
WARNING: Element 20 has no node 174 and will be removed.
WARNING: Element 20 has no node 242 and will be removed.
WARNING: Element 20 has no node 247 and will be removed.
WARNING: Element 20 has no node 151 and will be removed.
WARNING: Element 20 has no node 178 and will be removed.
WARNING: Element 20 has no node 248 and will be removed.
WARNING: Element 20 has no node 243 and will be removed.
WARNING: Element 20 has no node 148 and will be removed.
WARNING: Element 20 has no node 71 and will be removed.
WARNING: Element 20 has no node 177 and will be removed.
WARNING: Element 21 has no node 53 and will be removed.
WARNING: Element 21 has no node 121 and will be removed.
WARNING: Element 21 has no node 246 and will be removed.
WARNING: Element 21 has no node 208 and will be removed.
WARNING: Element 21 has no node 51 and will be removed.
WARNING: Element 21 has no node 125 and will be removed.
WARNING: Element 21 has no node 252 and will be removed.
WARNING: Element 21 has no node 212 and will be removed.
WARNING: Element 21 has no node 120 and will be removed.
WARNING: Element 21 has no node 244 and will be removed.
WARNING: Element 21 has no node 245 and will be removed.
WARNING: Element 21 has no node 209 and will be removed.
WARNING: Element 21 has no node 124 and will be removed.
WARNING: Element 21 has no node 250 and will be removed.
WARNING: Element 21 has no node 251 and will be removed.
WARNING: Element 21 has no node 213 and will be removed.
WARNING: Element 21 has no node 52 and will be removed.
WARNING: Element 21 has no node 123 and will be removed.
WARNING: Element 21 has no node 249 and will be removed.
WARNING: Element 21 has no node 210 and will be removed.
WARNING: Element 22 has no node 121 and will be removed.
WARNING: Element 22 has no node 42 and will be removed.
WARNING: Element 22 has no node 150 and will be removed.
WARNING: Element 22 has no node 246 and will be removed.
WARNING: Element 22 has no node 125 and will be removed.
WARNING: Element 22 has no node 44 and will be removed.
WARNING: Element 22 has no node 154 and will be removed.
WARNING: Element 22 has no node 252 and will be removed.
WARNING: Element 22 has no node 122 and will be removed.
WARNING: Element 22 has no node 149 and will be removed.
WARNING: Element 22 has no node 247 and will be removed.
WARNING: Element 22 has no node 244 and will be removed.
WARNING: Element 22 has no node 126 and will be removed.
WARNING: Element 22 has no node 153 and will be removed.
WARNING: Element 22 has no node 253 and will be removed.
WARNING: Element 22 has no node 250 and will be removed.
WARNING: Element 22 has no node 123 and will be removed.
WARNING: Element 22 has no node 43 and will be removed.
WARNING: Element 22 has no node 152 and will be removed.
WARNING: Element 22 has no node 249 and will be removed.
WARNING: Element 23 has no node 208 and will be removed.
WARNING: Element 23 has no node 246 and will be removed.
WARNING: Element 23 has no node 179 and will be removed.
WARNING: Element 23 has no node 87 and will be removed.
WARNING: Element 23 has no node 212 and will be removed.
WARNING: Element 23 has no node 252 and will be removed.
WARNING: Element 23 has no node 183 and will be removed.
WARNING: Element 23 has no node 89 and will be removed.
WARNING: Element 23 has no node 245 and will be removed.
WARNING: Element 23 has no node 248 and will be removed.
WARNING: Element 23 has no node 180 and will be removed.
WARNING: Element 23 has no node 207 and will be removed.
WARNING: Element 23 has no node 251 and will be removed.
WARNING: Element 23 has no node 254 and will be removed.
WARNING: Element 23 has no node 184 and will be removed.
WARNING: Element 23 has no node 211 and will be removed.
WARNING: Element 23 has no node 210 and will be removed.
WARNING: Element 23 has no node 249 and will be removed.
WARNING: Element 23 has no node 181 and will be removed.
WARNING: Element 23 has no node 88 and will be removed.
WARNING: Element 24 has no node 246 and will be removed.
WARNING: Element 24 has no node 150 and will be removed.
WARNING: Element 24 has no node 72 and will be removed.
WARNING: Element 24 has no node 179 and will be removed.
WARNING: Element 24 has no node 252 and will be removed.
WARNING: Element 24 has no node 154 and will be removed.
WARNING: Element 24 has no node 74 and will be removed.
WARNING: Element 24 has no node 183 and will be removed.
WARNING: Element 24 has no node 247 and will be removed.
WARNING: Element 24 has no node 151 and will be removed.
WARNING: Element 24 has no node 178 and will be removed.
WARNING: Element 24 has no node 248 and will be removed.
WARNING: Element 24 has no node 253 and will be removed.
WARNING: Element 24 has no node 155 and will be removed.
WARNING: Element 24 has no node 182 and will be removed.
WARNING: Element 24 has no node 254 and will be removed.
WARNING: Element 24 has no node 249 and will be removed.
WARNING: Element 24 has no node 152 and will be removed.
WARNING: Element 24 has no node 73 and will be removed.
WARNING: Element 24 has no node 181 and will be removed.
WARNING: Element 25 has no node 51 and will be removed.
WARNING: Element 25 has no node 125 and will be removed.
WARNING: Element 25 has no node 252 and will be removed.
WARNING: Element 25 has no node 212 and will be removed.
WARNING: Element 25 has no node 49 and will be removed.
WARNING: Element 25 has no node 129 and will be removed.
WARNING: Element 25 has no node 258 and will be removed.
WARNING: Element 25 has no node 216 and will be removed.
WARNING: Element 25 has no node 124 and will be removed.
WARNING: Element 25 has no node 250 and will be removed.
WARNING: Element 25 has no node 251 and will be removed.
WARNING: Element 25 has no node 213 and will be removed.
WARNING: Element 25 has no node 128 and will be removed.
WARNING: Element 25 has no node 256 and will be removed.
WARNING: Element 25 has no node 257 and will be removed.
WARNING: Element 25 has no node 217 and will be removed.
WARNING: Element 25 has no node 50 and will be removed.
WARNING: Element 25 has no node 127 and will be removed.
WARNING: Element 25 has no node 255 and will be removed.
WARNING: Element 25 has no node 214 and will be removed.
WARNING: Element 26 has no node 125 and will be removed.
WARNING: Element 26 has no node 44 and will be removed.
WARNING: Element 26 has no node 154 and will be removed.
WARNING: Element 26 has no node 252 and will be removed.
WARNING: Element 26 has no node 129 and will be removed.
WARNING: Element 26 has no node 46 and will be removed.
WARNING: Element 26 has no node 158 and will be removed.
WARNING: Element 26 has no node 258 and will be removed.
WARNING: Element 26 has no node 126 and will be removed.
WARNING: Element 26 has no node 153 and will be removed.
WARNING: Element 26 has no node 253 and will be removed.
WARNING: Element 26 has no node 250 and will be removed.
WARNING: Element 26 has no node 130 and will be removed.
WARNING: Element 26 has no node 157 and will be removed.
WARNING: Element 26 has no node 259 and will be removed.
WARNING: Element 26 has no node 256 and will be removed.
WARNING: Element 26 has no node 127 and will be removed.
WARNING: Element 26 has no node 45 and will be removed.
WARNING: Element 26 has no node 156 and will be removed.
WARNING: Element 26 has no node 255 and will be removed.
WARNING: Element 27 has no node 212 and will be removed.
WARNING: Element 27 has no node 252 and will be removed.
WARNING: Element 27 has no node 183 and will be removed.
WARNING: Element 27 has no node 89 and will be removed.
WARNING: Element 27 has no node 216 and will be removed.
WARNING: Element 27 has no node 258 and will be removed.
WARNING: Element 27 has no node 187 and will be removed.
WARNING: Element 27 has no node 91 and will be removed.
WARNING: Element 27 has no node 251 and will be removed.
WARNING: Element 27 has no node 254 and will be removed.
WARNING: Element 27 has no node 184 and will be removed.
WARNING: Element 27 has no node 211 and will be removed.
WARNING: Element 27 has no node 257 and will be removed.
WARNING: Element 27 has no node 260 and will be removed.
WARNING: Element 27 has no node 188 and will be removed.
WARNING: Element 27 has no node 215 and will be removed.
WARNING: Element 27 has no node 214 and will be removed.
WARNING: Element 27 has no node 255 and will be removed.
WARNING: Element 27 has no node 185 and will be removed.
WARNING: Element 27 has no node 90 and will be removed.
WARNING: Element 28 has no node 252 and will be removed.
WARNING: Element 28 has no node 154 and will be removed.
WARNING: Element 28 has no node 74 and will be removed.
WARNING: Element 28 has no node 183 and will be removed.
WARNING: Element 28 has no node 258 and will be removed.
WARNING: Element 28 has no node 158 and will be removed.
WARNING: Element 28 has no node 76 and will be removed.
WARNING: Element 28 has no node 187 and will be removed.
WARNING: Element 28 has no node 253 and will be removed.
WARNING: Element 28 has no node 155 and will be removed.
WARNING: Element 28 has no node 182 and will be removed.
WARNING: Element 28 has no node 254 and will be removed.
WARNING: Element 28 has no node 259 and will be removed.
WARNING: Element 28 has no node 159 and will be removed.
WARNING: Element 28 has no node 186 and will be removed.
WARNING: Element 28 has no node 260 and will be removed.
WARNING: Element 28 has no node 255 and will be removed.
WARNING: Element 28 has no node 156 and will be removed.
WARNING: Element 28 has no node 75 and will be removed.
WARNING: Element 28 has no node 185 and will be removed.
WARNING: Element 29 has no node 49 and will be removed.
WARNING: Element 29 has no node 129 and will be removed.
WARNING: Element 29 has no node 258 and will be removed.
WARNING: Element 29 has no node 216 and will be removed.
WARNING: Element 29 has no node 5 and will be removed.
WARNING: Element 29 has no node 22 and will be removed.
WARNING: Element 29 has no node 100 and will be removed.
WARNING: Element 29 has no node 31 and will be removed.
WARNING: Element 29 has no node 128 and will be removed.
WARNING: Element 29 has no node 256 and will be removed.
WARNING: Element 29 has no node 257 and will be removed.
WARNING: Element 29 has no node 217 and will be removed.
WARNING: Element 29 has no node 21 and will be removed.
WARNING: Element 29 has no node 98 and will be removed.
WARNING: Element 29 has no node 99 and will be removed.
WARNING: Element 29 has no node 32 and will be removed.
WARNING: Element 29 has no node 48 and will be removed.
WARNING: Element 29 has no node 131 and will be removed.
WARNING: Element 29 has no node 261 and will be removed.
WARNING: Element 29 has no node 218 and will be removed.
WARNING: Element 30 has no node 129 and will be removed.
WARNING: Element 30 has no node 46 and will be removed.
WARNING: Element 30 has no node 158 and will be removed.
WARNING: Element 30 has no node 258 and will be removed.
WARNING: Element 30 has no node 22 and will be removed.
WARNING: Element 30 has no node 6 and will be removed.
WARNING: Element 30 has no node 25 and will be removed.
WARNING: Element 30 has no node 100 and will be removed.
WARNING: Element 30 has no node 130 and will be removed.
WARNING: Element 30 has no node 157 and will be removed.
WARNING: Element 30 has no node 259 and will be removed.
WARNING: Element 30 has no node 256 and will be removed.
WARNING: Element 30 has no node 23 and will be removed.
WARNING: Element 30 has no node 24 and will be removed.
WARNING: Element 30 has no node 101 and will be removed.
WARNING: Element 30 has no node 98 and will be removed.
WARNING: Element 30 has no node 131 and will be removed.
WARNING: Element 30 has no node 47 and will be removed.
WARNING: Element 30 has no node 160 and will be removed.
WARNING: Element 30 has no node 261 and will be removed.
WARNING: Element 31 has no node 216 and will be removed.
WARNING: Element 31 has no node 258 and will be removed.
WARNING: Element 31 has no node 187 and will be removed.
WARNING: Element 31 has no node 91 and will be removed.
WARNING: Element 31 has no node 31 and will be removed.
WARNING: Element 31 has no node 100 and will be removed.
WARNING: Element 31 has no node 28 and will be removed.
WARNING: Element 31 has no node 8 and will be removed.
WARNING: Element 31 has no node 257 and will be removed.
WARNING: Element 31 has no node 260 and will be removed.
WARNING: Element 31 has no node 188 and will be removed.
WARNING: Element 31 has no node 215 and will be removed.
WARNING: Element 31 has no node 99 and will be removed.
WARNING: Element 31 has no node 102 and will be removed.
WARNING: Element 31 has no node 29 and will be removed.
WARNING: Element 31 has no node 30 and will be removed.
WARNING: Element 31 has no node 218 and will be removed.
WARNING: Element 31 has no node 261 and will be removed.
WARNING: Element 31 has no node 189 and will be removed.
WARNING: Element 31 has no node 92 and will be removed.
WARNING: Element 32 has no node 258 and will be removed.
WARNING: Element 32 has no node 158 and will be removed.
WARNING: Element 32 has no node 76 and will be removed.
WARNING: Element 32 has no node 187 and will be removed.
WARNING: Element 32 has no node 100 and will be removed.
WARNING: Element 32 has no node 25 and will be removed.
WARNING: Element 32 has no node 7 and will be removed.
WARNING: Element 32 has no node 28 and will be removed.
WARNING: Element 32 has no node 259 and will be removed.
WARNING: Element 32 has no node 159 and will be removed.
WARNING: Element 32 has no node 186 and will be removed.
WARNING: Element 32 has no node 260 and will be removed.
WARNING: Element 32 has no node 101 and will be removed.
WARNING: Element 32 has no node 26 and will be removed.
WARNING: Element 32 has no node 27 and will be removed.
WARNING: Element 32 has no node 102 and will be removed.
WARNING: Element 32 has no node 261 and will be removed.
WARNING: Element 32 has no node 160 and will be removed.
WARNING: Element 32 has no node 77 and will be removed.
WARNING: Element 32 has no node 189 and will be removed.
INFO: 0 elements
INFO: 1 elsets: Eall
INFO: 0 surfaces

==================================================
347: pendel.inp
INFO: 6 nodes
INFO: 2 nsets: nall, n1
INFO: 2 elements
INFO: 1 elsets: elall
INFO: 0 surfaces

==================================================
348: pipe.inp
INFO: 25 nodes
INFO: 1 nsets: NALL
INFO: 13 elements
INFO: 11 elsets: EALL, E1, E2, E3, E4, E5, E6, E7, E8, E9, E10
INFO: 0 surfaces

==================================================
349: pipe2.inp
INFO: 9 nodes
INFO: 1 nsets: NALL
INFO: 5 elements
INFO: 4 elsets: EALL, E1, E2, E3
INFO: 0 surfaces

==================================================
350: pipempc1.inp
INFO: 8 nodes
INFO: 1 nsets: NALL
INFO: 5 elements
INFO: 4 elsets: EALL, E1, E2, E3
INFO: 0 surfaces

==================================================
351: pipempc2.inp
INFO: 8 nodes
INFO: 1 nsets: NALL
INFO: 5 elements
INFO: 4 elsets: EALL, E1, E2, E3
INFO: 0 surfaces

==================================================
352: piperestrictor.inp
INFO: 25 nodes
INFO: 1 nsets: NALL
INFO: 13 elements
INFO: 11 elsets: EALL, E1, E2, E3, E4, E5, E6, E7, E8, E9, E10
INFO: 0 surfaces

==================================================
353: planestrain.inp
INFO: 4 nodes
INFO: 1 nsets: Nall
INFO: 1 elements
INFO: 1 elsets: Eall
INFO: 0 surfaces

==================================================
354: planestrain2.inp
INFO: 8 nodes
INFO: 1 nsets: Nall
INFO: 1 elements
INFO: 1 elsets: Eall
INFO: 0 surfaces

==================================================
355: planestress.inp
INFO: 21 nodes
INFO: 2 nsets: Nall, Nfixx
INFO: 4 elements
INFO: 1 elsets: Eall
INFO: 0 surfaces

==================================================
356: planestress2.inp
INFO: 21 nodes
INFO: 2 nsets: Nall, Nfixx
INFO: 4 elements
INFO: 5 elsets: Eall, eall1, eall2, eall3, eall4
INFO: 0 surfaces

==================================================
357: planestress3.inp
WARNING: Node 1 has no coordinates and will be removed.
INFO: 8 nodes
WARNING: NSET NRAND - there is no node 1 in the mesh.
INFO: 2 nsets: NALL, NRAND
WARNING: Element 1 has no node 1 and will be removed.
INFO: 3 elements
INFO: 1 elsets: EALL
INFO: 0 surfaces

==================================================
358: plate.inp
INFO: 16 nodes
INFO: 4 nsets: Nall, Nleft, Nnoben, Nnunten
INFO: 2 elements
INFO: 2 elsets: Eall, CONUP
INFO: 2 surfaces

==================================================
359: poi2d.inp
INFO: 462 nodes
INFO: 1 nsets: Nall
INFO: 200 elements
INFO: 1 elsets: Eall
INFO: 1 surfaces

==================================================
360: poi2d2.inp
INFO: 462 nodes
INFO: 1 nsets: Nall
INFO: 200 elements
INFO: 1 elsets: Eall
INFO: 5 surfaces

==================================================
361: potied.inp
INFO: 461 nodes
INFO: 2 nsets: Nall, FIX
INFO: 61 elements
INFO: 1 elsets: Eall
INFO: 2 surfaces

==================================================
362: pret1.inp
INFO: 161 nodes
INFO: 2 nsets: Nall, Nfixx
INFO: 14 elements
INFO: 1 elsets: Eall
INFO: 1 surfaces

==================================================
363: pret2.inp
INFO: 14 nodes
INFO: 3 nsets: Nall, Nfix, N1
INFO: 2 elements
INFO: 1 elsets: Eall
INFO: 1 surfaces

==================================================
364: pret3.inp
INFO: 101 nodes
INFO: 4 nsets: Nall, FIX, Ncoup1, Ncoup2
INFO: 11 elements
INFO: 4 elsets: Ebeam, Evol, Ecoup1, Ecoup2
INFO: 0 surfaces

==================================================
365: pret4.inp
INFO: 161 nodes
INFO: 2 nsets: Nall, Nfixx
INFO: 14 elements
INFO: 1 elsets: Eall
INFO: 1 surfaces

==================================================
366: pret5.inp
INFO: 7 nodes
INFO: 0 nsets: 
INFO: 2 elements
INFO: 1 elsets: Eall
INFO: 1 surfaces

==================================================
367: pret6.inp
INFO: 14 nodes
INFO: 0 nsets: 
INFO: 2 elements
INFO: 1 elsets: Eall
INFO: 1 surfaces

==================================================
368: pret7.inp
INFO: 14 nodes
INFO: 4 nsets: Nall, Nfix, N1, Nfixz
INFO: 2 elements
INFO: 1 elsets: Eall
INFO: 1 surfaces

==================================================
369: primaryair.inp
INFO: 13 nodes
INFO: 0 nsets: 
INFO: 7 elements
INFO: 7 elsets: inlet1, orifice1, vortex1, characteristic1, vortex2, restrictor2, outlet1
INFO: 0 surfaces

==================================================
370: punch2.inp
INFO: 416 nodes
INFO: 5 nsets: Nall, Nfix, Nfixx, Nload, CONTACT
INFO: 54 elements
INFO: 1 elsets: Eall
INFO: 2 surfaces

==================================================
371: resstress1.inp
INFO: 261 nodes
INFO: 3 nsets: FIX, Nall, LOAD
INFO: 32 elements
INFO: 1 elsets: Eall
INFO: 0 surfaces

==================================================
372: resstress2.inp
INFO: 261 nodes
INFO: 3 nsets: FIX, Nall, LOAD
INFO: 32 elements
INFO: 1 elsets: Eall
INFO: 0 surfaces

==================================================
373: resstress3.inp
INFO: 261 nodes
INFO: 3 nsets: FIX, Nall, LOAD
INFO: 32 elements
INFO: 1 elsets: Eall
INFO: 0 surfaces

==================================================
374: restrictor-oil.inp
INFO: 23 nodes
INFO: 1 nsets: NALL
INFO: 12 elements
INFO: 10 elsets: AGAS, BGAS, CGAS, DGAS, EGAS, FGAS, GGAS, HGAS, IGAS, JGAS
INFO: 0 surfaces

==================================================
375: restrictor.inp
INFO: 23 nodes
INFO: 1 nsets: NALL
INFO: 12 elements
INFO: 10 elsets: AGAS, BGAS, CGAS, DGAS, EGAS, FGAS, GGAS, HGAS, IGAS, JGAS
INFO: 0 surfaces

==================================================
376: ring1.inp
INFO: 16 nodes
INFO: 4 nsets: Nall, UP, N1, N2
INFO: 2 elements
INFO: 1 elsets: Eall
INFO: 2 surfaces

==================================================
377: ring2.inp
INFO: 16 nodes
INFO: 4 nsets: Nall, UP, N1, N2
INFO: 2 elements
INFO: 1 elsets: Eall
INFO: 2 surfaces

==================================================
378: ring3.inp
INFO: 16 nodes
INFO: 5 nsets: Nall, UP, N1, N2, FIXTEMP
INFO: 2 elements
INFO: 1 elsets: Eall
INFO: 2 surfaces

==================================================
379: ring4.inp
INFO: 16 nodes
INFO: 5 nsets: Nall, UP, N1, N2, FIXTEMP
INFO: 2 elements
INFO: 1 elsets: Eall
INFO: 2 surfaces

==================================================
380: ringfcontact1.inp
INFO: 720 nodes
INFO: 7 nsets: Nall, Nout, Nin, Nindout, Nindin, Ndepout, Ndepin
INFO: 100 elements
INFO: 3 elsets: Eall, Eout, Ein
INFO: 6 surfaces

==================================================
381: ringfcontact2.inp
INFO: 720 nodes
INFO: 7 nsets: Nall, Nout, Nin, Nindout, Nindin, Ndepout, Ndepin
INFO: 100 elements
INFO: 3 elsets: Eall, Eout, Ein
INFO: 6 surfaces

==================================================
382: ringfcontact3.inp
INFO: 720 nodes
INFO: 7 nsets: Nall, Nout, Nin, Nindout, Nindin, Ndepout, Ndepin
INFO: 100 elements
INFO: 3 elsets: Eall, Eout, Ein
INFO: 6 surfaces

==================================================
383: ringfcontact4.inp
INFO: 720 nodes
INFO: 7 nsets: Nall, Nout, Nin, Nindout, Nindin, Ndepout, Ndepin
INFO: 100 elements
INFO: 3 elsets: Eall, Eout, Ein
INFO: 6 surfaces

==================================================
384: ringfcontact5.inp
INFO: 720 nodes
INFO: 7 nsets: Nall, Nout, Nin, Nindout, Nindin, Ndepout, Ndepin
INFO: 100 elements
INFO: 3 elsets: Eall, Eout, Ein
INFO: 6 surfaces

==================================================
385: rot1.inp
INFO: 5 nodes
INFO: 1 nsets: NS_ALL
INFO: 2 elements
INFO: 1 elsets: ES_ALL
INFO: 0 surfaces

==================================================
386: rot2.inp
INFO: 5 nodes
INFO: 1 nsets: NS_ALL
INFO: 2 elements
INFO: 1 elsets: ES_ALL
INFO: 0 surfaces

==================================================
387: rot3.inp
INFO: 5 nodes
INFO: 1 nsets: NS_ALL
INFO: 2 elements
INFO: 1 elsets: ES_ALL
INFO: 0 surfaces

==================================================
388: rotor.inp
INFO: 2656 nodes
INFO: 2 nsets: Nall, Nfix
INFO: 368 elements
INFO: 1 elsets: Eall
INFO: 0 surfaces

==================================================
389: sc123.inp
INFO: 20 nodes
INFO: 3 nsets: Nall, Nfixz, END
INFO: 1 elements
INFO: 1 elsets: Eall
INFO: 0 surfaces

==================================================
390: sc123creep.inp
INFO: 20 nodes
INFO: 3 nsets: Nall, Nfixz, END
INFO: 1 elements
INFO: 1 elsets: Eall
INFO: 0 surfaces

==================================================
391: scheibe.inp
INFO: 10 nodes
WARNING: NSET N1 - there is no node 29 in the mesh.
INFO: 3 nsets: nall, center, N1
INFO: 1 elements
INFO: 1 elsets: Eall
INFO: 0 surfaces

==================================================
392: scheibe2f2f.inp
INFO: 1156 nodes
INFO: 11 nsets: Nall, Ns1, Ns2, Ninds1, Ninds2, Nload, Ndeps1, Ndeps2, Nfix3, Nfixx, Nslav
INFO: 512 elements
INFO: 4 elsets: Eall, Es1, Es2, Efix3
INFO: 6 surfaces

==================================================
393: scheibe2n2f.inp
INFO: 1156 nodes
INFO: 10 nsets: Nall, Ns1, Ns2, Ninds1, Ninds2, Nload, Ndeps1, Ndeps2, Nfix3, Nfixx
INFO: 512 elements
INFO: 4 elsets: Eall, Es1, Es2, Efix3
INFO: 6 surfaces

==================================================
394: section.inp
INFO: 41 nodes
INFO: 1 nsets: Nall
INFO: 20 elements
INFO: 1 elsets: Eall
INFO: 0 surfaces

==================================================
395: section4.inp
INFO: 41 nodes
INFO: 1 nsets: Nall
INFO: 20 elements
INFO: 1 elsets: Eall
INFO: 0 surfaces

==================================================
396: segdyn.inp
INFO: 661 nodes
INFO: 5 nsets: Nall, Nleft, Nright, Nfix, Ndummy
INFO: 96 elements
INFO: 1 elsets: Eall
INFO: 2 surfaces

==================================================
397: segment.inp
INFO: 661 nodes
INFO: 3 nsets: Nall, Nleft, Nright
INFO: 96 elements
INFO: 1 elsets: Eall
INFO: 2 surfaces

==================================================
398: segment1.inp
INFO: 81 nodes
INFO: 2 nsets: Nall, Nfixy
INFO: 8 elements
INFO: 1 elsets: Eall
INFO: 0 surfaces

==================================================
399: segment2.inp
INFO: 81 nodes
INFO: 2 nsets: Nall, Nfixc
INFO: 8 elements
INFO: 1 elsets: Eall
INFO: 0 surfaces

==================================================
400: segmentbeam.inp
INFO: 661 nodes
INFO: 3 nsets: Nall, Nleft, Nright
INFO: 97 elements
INFO: 2 elsets: Eall, Ebeam
INFO: 2 surfaces

==================================================
401: segmentbeam2.inp
INFO: 661 nodes
INFO: 4 nsets: Nall, N1, Nleft, Nright
INFO: 97 elements
INFO: 2 elsets: Eall, Ebeam
INFO: 2 surfaces

==================================================
402: segmentf.inp
INFO: 81 nodes
INFO: 3 nsets: Nall, TRA, Nfixc
INFO: 8 elements
INFO: 1 elsets: Eall
INFO: 0 surfaces

==================================================
403: segmentface.inp
INFO: 661 nodes
INFO: 3 nsets: Nall, Nleft, Nright
INFO: 96 elements
INFO: 1 elsets: Eall
INFO: 4 surfaces

==================================================
404: segmentm.inp
INFO: 81 nodes
INFO: 2 nsets: Nall, Nfixc
INFO: 8 elements
INFO: 1 elsets: Eall
INFO: 0 surfaces

==================================================
405: segststate.inp
INFO: 661 nodes
INFO: 4 nsets: Nall, Nleft, Nright, Nfix
INFO: 96 elements
INFO: 1 elsets: Eall
INFO: 2 surfaces

==================================================
406: sensitivity_I.inp
INFO: 12 nodes
INFO: 2 nsets: NALL, DESIGNNODES
INFO: 2 elements
INFO: 1 elsets: EALL
INFO: 0 surfaces

==================================================
407: sensitivity_V.inp
INFO: 8 nodes
INFO: 2 nsets: NALL, DESIGNNODES
INFO: 1 elements
INFO: 1 elsets: EALL
INFO: 0 surfaces

==================================================
408: sensitivity_VI.inp
INFO: 12 nodes
INFO: 2 nsets: NALL, DESIGNNODES
INFO: 2 elements
INFO: 1 elsets: EALL
INFO: 0 surfaces

==================================================
409: sensitivity_VII.inp
INFO: 12 nodes
INFO: 3 nsets: NALL, DESIGNNODES, N1
INFO: 2 elements
INFO: 1 elsets: EALL
INFO: 0 surfaces

==================================================
410: sens_disp_orien.inp
INFO: 12 nodes
INFO: 1 nsets: NALL
INFO: 2 elements
INFO: 3 elsets: EALL, E1, E2
INFO: 0 surfaces

==================================================
411: sens_disp_orien_nlgeom.inp
INFO: 12 nodes
INFO: 1 nsets: NALL
INFO: 2 elements
INFO: 3 elsets: EALL, E1, E2
INFO: 0 surfaces

==================================================
412: sens_freq_disp_cyc.inp
INFO: 1001 nodes
INFO: 3 nsets: Nall, Nspcy, Nspcx
INFO: 624 elements
INFO: 1 elsets: Eall
INFO: 2 surfaces

==================================================
413: sens_freq_orien.inp
INFO: 12 nodes
INFO: 1 nsets: NALL
INFO: 2 elements
INFO: 3 elsets: EALL, E1, E2
INFO: 0 surfaces

==================================================
414: shell1.inp
INFO: 21 nodes
INFO: 4 nsets: Nall, Nfixx, Nsetm, Nsete
INFO: 4 elements
INFO: 1 elsets: Eall
INFO: 0 surfaces

==================================================
415: shell1lin.inp
INFO: 21 nodes
INFO: 4 nsets: Nall, Nfixx, Nsetm, Nsete
INFO: 4 elements
INFO: 1 elsets: Eall
INFO: 0 surfaces

==================================================
416: shell2.inp
INFO: 16 nodes
INFO: 2 nsets: Nall, N1
INFO: 2 elements
INFO: 1 elsets: Eall
INFO: 0 surfaces

==================================================
417: shell3.inp
INFO: 21 nodes
INFO: 2 nsets: Nall, Nfixx
INFO: 4 elements
INFO: 1 elsets: Eall
INFO: 0 surfaces

==================================================
418: shell4.inp
INFO: 529 nodes
INFO: 3 nsets: Nall, Nmaterial1, Npart
INFO: 242 elements
INFO: 3 elsets: Eall, Ematerial1, Epart
INFO: 0 surfaces

==================================================
419: shell5.inp
INFO: 21 nodes
INFO: 4 nsets: Nall, Nfixx, Nsetm, Nsete
INFO: 4 elements
INFO: 1 elsets: Eall
INFO: 0 surfaces

==================================================
420: shellbeam.inp
INFO: 15 nodes
INFO: 1 nsets: Nall
INFO: 3 elements
INFO: 3 elsets: Ebeam, Eshell, Eall
INFO: 0 surfaces

==================================================
421: shellf.inp
INFO: 21 nodes
INFO: 5 nsets: Nall, Nfixx, Nsetm, Nsete, N15
INFO: 4 elements
INFO: 1 elsets: Eall
INFO: 0 surfaces

==================================================
422: shellnor.inp
INFO: 13 nodes
INFO: 2 nsets: Nall, FIX
INFO: 2 elements
INFO: 1 elsets: Eall
INFO: 0 surfaces

==================================================
423: simplebeam.inp
INFO: 3 nodes
INFO: 1 nsets: Nall
INFO: 1 elements
INFO: 1 elsets: EAll
INFO: 0 surfaces

==================================================
424: simplebeampipe1.inp
INFO: 21 nodes
INFO: 1 nsets: Nall
INFO: 10 elements
INFO: 1 elsets: EAll
INFO: 0 surfaces

==================================================
425: simplebeampipe2.inp
INFO: 21 nodes
INFO: 1 nsets: Nall
INFO: 10 elements
INFO: 1 elsets: EAll
INFO: 0 surfaces

==================================================
426: simplebeampipe3.inp
INFO: 21 nodes
INFO: 1 nsets: Nall
INFO: 10 elements
INFO: 1 elsets: EAll
INFO: 0 surfaces

==================================================
427: simplebeampipe4.inp
INFO: 21 nodes
INFO: 1 nsets: Nall
INFO: 10 elements
INFO: 1 elsets: EAll
INFO: 0 surfaces

==================================================
428: simplebeampipe5.inp
INFO: 21 nodes
INFO: 1 nsets: Nall
INFO: 10 elements
INFO: 1 elsets: EAll
INFO: 0 surfaces

==================================================
429: slant.inp
INFO: 286 nodes
INFO: 1 nsets: Nall
INFO: 120 elements
INFO: 1 elsets: Eall
INFO: 5 surfaces

==================================================
430: small_pressure_gradient.inp
INFO: 19 nodes
INFO: 1 nsets: NALL
INFO: 10 elements
INFO: 3 elsets: INLET, GASPIPE, OUTLET
INFO: 0 surfaces

==================================================
431: solidshell1.inp
INFO: 97 nodes
INFO: 3 nsets: Nall, Nfix, Ndisp
INFO: 12 elements
INFO: 3 elsets: Eshell, Esolid, Eall
INFO: 0 surfaces

==================================================
432: solidshell2.inp
INFO: 97 nodes
INFO: 3 nsets: Nall, Nfix, Ndisp
INFO: 16 elements
INFO: 3 elsets: Eshell, Esolid, Eall
INFO: 0 surfaces

==================================================
433: spring1.inp
INFO: 2 nodes
INFO: 1 nsets: NALL
INFO: 1 elements
INFO: 1 elsets: EALL
INFO: 0 surfaces

==================================================
434: spring2.inp
INFO: 2 nodes
INFO: 1 nsets: NALL
INFO: 1 elements
INFO: 1 elsets: EALL
INFO: 0 surfaces

==================================================
435: spring3.inp
INFO: 10 nodes
INFO: 2 nsets: NALL, NMASSA
INFO: 2 elements
INFO: 2 elsets: ESPRING, EMASSA
INFO: 0 surfaces

==================================================
436: spring4.inp
INFO: 9 nodes
INFO: 2 nsets: NALL, NMASSA
INFO: 2 elements
INFO: 2 elsets: ESPRING, EMASSA
INFO: 0 surfaces

==================================================
437: spring5.inp
INFO: 10 nodes
INFO: 3 nsets: NALL, NMASSA, ENDOFSPRING
INFO: 2 elements
INFO: 2 elsets: ESPRING, EMASSA
INFO: 0 surfaces

==================================================
438: spring6.inp
INFO: 2 nodes
INFO: 1 nsets: NALL
INFO: 1 elements
INFO: 1 elsets: EALL
INFO: 0 surfaces

==================================================
439: spring7.inp
INFO: 2 nodes
INFO: 1 nsets: NALL
INFO: 1 elements
INFO: 1 elsets: EALL
INFO: 0 surfaces

==================================================
440: submodelbeamp.inp
INFO: 261 nodes
INFO: 2 nsets: Nall, Nsectionforce
INFO: 32 elements
INFO: 1 elsets: Eall
INFO: 0 surfaces

==================================================
441: submodeltwobeam.inp
INFO: 40 nodes
INFO: 3 nsets: Nall, Nd1, Nd2
INFO: 2 elements
INFO: 3 elsets: Eall, Ed1, Ed2
INFO: 0 surfaces

==================================================
442: submodeltwobeamnlgeom.inp
INFO: 40 nodes
INFO: 3 nsets: Nall, Nd1, Nd2
INFO: 2 elements
INFO: 3 elsets: Eall, Ed1, Ed2
INFO: 0 surfaces

==================================================
443: substructure.inp
INFO: 261 nodes
INFO: 3 nsets: FIX, Nall, N1
INFO: 32 elements
INFO: 1 elsets: Eall
INFO: 0 surfaces

==================================================
444: swing.inp
INFO: 41 nodes
INFO: 1 nsets: Nall
INFO: 20 elements
INFO: 3 elsets: Eall, Eleg, Ehori
INFO: 0 surfaces

==================================================
445: tempdiscon.inp
INFO: 261 nodes
INFO: 4 nsets: Nall, Nnucleus, Nrest, LOAD
INFO: 3 elements
INFO: 1 elsets: Eall
INFO: 0 surfaces

==================================================
446: thermomech.inp
INFO: 522 nodes
INFO: 4 nsets: Nall, Nfix, Nt0, Nt1000
INFO: 64 elements
INFO: 1 elsets: Eall
INFO: 0 surfaces

==================================================
447: thermomech2.inp
INFO: 522 nodes
INFO: 4 nsets: Nall, Nfix, Nt0, Nt1000
INFO: 64 elements
INFO: 1 elsets: Eall
INFO: 0 surfaces

==================================================
448: thread.inp
INFO: 2389 nodes
INFO: 1 nsets: Nall
INFO: 718 elements
INFO: 13 elsets: BOLT, FLA, NUT, FL_u, FL_l, NUT_fl1, NUT_fl, BOLT_fl1, BOLT_fl, FL_bolt, FL_nut, BB, BB1
INFO: 7 surfaces

==================================================
449: transition.inp
INFO: 261 nodes
INFO: 3 nsets: Nall, Ntrans, CN7
INFO: 32 elements
INFO: 2 elsets: B1, EALL
INFO: 0 surfaces

==================================================
450: truss.inp
INFO: 3 nodes
INFO: 1 nsets: Nall
INFO: 2 elements
INFO: 1 elsets: EAll
INFO: 0 surfaces

==================================================
451: truss2.inp
INFO: 21 nodes
INFO: 1 nsets: Nall
INFO: 10 elements
INFO: 1 elsets: EAll
INFO: 0 surfaces

==================================================
452: unet1.inp
INFO: 5 nodes
INFO: 1 nsets: NALL
INFO: 3 elements
INFO: 1 elsets: EGAS
INFO: 0 surfaces

==================================================
453: unetp1.inp
INFO: 5 nodes
INFO: 1 nsets: NALL
INFO: 3 elements
INFO: 1 elsets: EGAS
INFO: 0 surfaces

==================================================
454: uprofile.inp
INFO: 11 nodes
INFO: 1 nsets: nall
INFO: 5 elements
INFO: 1 elsets: elall
INFO: 0 surfaces

==================================================
455: userbeam.inp
INFO: 2 nodes
INFO: 1 nsets: Nall
INFO: 1 elements
INFO: 1 elsets: Eall
INFO: 0 surfaces

==================================================
456: vortex1.inp
INFO: 15 nodes
INFO: 1 nsets: NALL
INFO: 8 elements
INFO: 8 elsets: ENTRANCE, ORIFICE1, SYSCHNG1, ORIFICE2, SYSCHNG2, ORIFICE3, VORTEX, EXIT
INFO: 0 surfaces

==================================================
457: vortex2.inp
INFO: 15 nodes
INFO: 1 nsets: NALL
INFO: 8 elements
INFO: 8 elsets: ENTRANCE, ORIFICE1, SYSCHNG1, ORIFICE2, SYSCHNG2, ORIFICE3, VORTEX, EXIT
INFO: 0 surfaces

==================================================
458: vortex3.inp
INFO: 15 nodes
INFO: 1 nsets: NALL
INFO: 8 elements
INFO: 8 elsets: ENTRANCE, ORIFICE1, SYSCHNG1, VORTEX1, SYSCHNG2, ORIFICE3, VORTEX2, EXIT
INFO: 0 surfaces

==================================================
459: wire.inp
INFO: 107 nodes
INFO: 2 nsets: Nall, Nwire
WARNING: Duplicated elset name Eall!
INFO: 30 elements
INFO: 3 elsets: Eall, Ewire, Eplate
INFO: 0 surfaces

Total 8.9 seconds
